05-05 06:26:07.793   396  2493 I resolv  : GetAddrInfoHandler::run: {101 983141 101 983141 1073 1}
05-05 06:26:07.794   396  2494 I resolv  : res_nmkquery: (QUERY, IN, AAAA)
05-05 06:26:07.795   396  2494 I resolv  : resolv_cache_lookup: FOUND IN CACHE entry=0x71d4e42d3810
05-05 06:26:07.795   396  2494 I resolv  : doQuery: rcode=0, ancount=8, return value=256
05-05 06:26:07.795   396  2495 I resolv  : res_nmkquery: (QUERY, IN, A)
05-05 06:26:07.795   396  2495 I resolv  : resolv_cache_lookup: FOUND IN CACHE entry=0x71d5c42c5c70
05-05 06:26:07.795   396  2495 I resolv  : doQuery: rcode=0, ancount=8, return value=160
05-05 06:26:07.795  1244  1244 I TopTaskTracker: onTaskMovedToFront: (moved taskInfo to front) taskId=33, baseIntent=Intent { flg=0x10000000 cmp=com.nightshade.mobile/com.example.nightshade_mobile.MainActivity }
05-05 06:26:07.797   935  2479 D TrafficStats: tagSocket(6) with statsTag=0xffffff81, statsUid=-1
05-05 06:26:07.806   869   910 W Looper  : Slow dispatch took 34ms wmshell.main h=android.os.Handler c=com.android.wm.shell.transition.Transitions$TransitionPlayerImpl$$ExternalSyntheticLambda1@12d4e4 m=0
05-05 06:26:07.807   869   910 W Looper  : Slow delivery took 32ms wmshell.main h=android.os.Handler c=null m=16
05-05 06:26:07.810   468   468 I BpBinder: onLastStrongRef automatically unlinking death recipients: 
05-05 06:26:07.817  1498  1956 W SearchServiceCore: Abort, client detached.
05-05 06:26:07.818   869   910 D WindowManagerShell: setLauncherKeepClearAreaHeight: visible=false, height=459
05-05 06:26:07.818   869   910 W Looper  : Drained
05-05 06:26:07.818  1498  1956 W SearchServiceCore: Abort, client detached.
05-05 06:26:07.823  1498  1502 I earchbox:search: Background concurrent mark compact GC freed 19MB AllocSpace bytes, 32(6160KB) LOS objects, 49% free, 14MB/29MB, paused 4.269ms,42.940ms total 1.266s
05-05 06:26:07.824   602   649 V GrammaticalInflectionUtils: AttributionSource: AttributionSource { uid = 10209, packageName = null, attributionTag = null, token = android.os.Binder@cd5441f, deviceId = 0, next = null } does not have READ_SYSTEM_GRAMMATICAL_GENDER permission.
05-05 06:26:07.833   396  2496 I resolv  : GetAddrInfoHandler::run: {101 983141 101 983141 1073 1}
05-05 06:26:07.834   396  2497 I resolv  : res_nmkquery: (QUERY, IN, AAAA)
05-05 06:26:07.834   396  2497 I resolv  : resolv_cache_lookup: FOUND IN CACHE entry=0x71d6542ce970
05-05 06:26:07.834   396  2497 I resolv  : doQuery: rcode=0, ancount=1, return value=75
05-05 06:26:07.835   396  2498 I resolv  : res_nmkquery: (QUERY, IN, A)
05-05 06:26:07.835   396  2498 I resolv  : resolv_cache_lookup: FOUND IN CACHE entry=0x71d6542cdd30
05-05 06:26:07.835   396  2498 I resolv  : doQuery: rcode=0, ancount=1, return value=63
05-05 06:26:07.836   935  2480 D TrafficStats: tagSocket(128) with statsTag=0xffffff81, statsUid=-1
05-05 06:26:07.840   397   397 D Zygote  : Forked child process 2499
05-05 06:26:07.844  1498  1956 W SearchServiceCore: Abort, client detached.
05-05 06:26:07.850  1518  2485 I Icing   : Using regular flags by method 2
05-05 06:26:07.855  2499  2499 I ghtshade.mobile: Using CollectorTypeCMC GC.
05-05 06:26:07.856  2499  2499 W ghtshade.mobile: Unexpected CPU variant for x86: x86_64.
05-05 06:26:07.856  2499  2499 W ghtshade.mobile: Known variants: atom, sandybridge, silvermont, goldmont, goldmont-plus, goldmont-without-sha-xsaves, tremont, kabylake, default
05-05 06:26:07.858   869   946 D SplashScreenView: Build android.window.SplashScreenView{d70d905 V.E...... ......ID 0,0-0,0}
05-05 06:26:07.858   869   946 D SplashScreenView: Icon: view: android.widget.ImageView{a0a1d5a V.ED..... ......I. 0,0-0,0 #1020504 android:id/splashscreen_icon_view} drawable: com.android.wm.shell.startingsurface.SplashscreenIconDrawableFactory$ImmobileIconDrawable@8dc1b8b size: 420
05-05 06:26:07.858   869   946 D SplashScreenView: Branding: view: android.view.View{e9e4468 G.ED..... ......I. 0,0-0,0 #1020503 android:id/splashscreen_branding_view} drawable: null size w: 0 h: 0
05-05 06:26:07.858  2499  2499 E ghtshade.mobile: Not starting debugger since process cannot load the jdwp agent.
05-05 06:26:07.860  2499  2499 D nativeloader: Load libframework-connectivity-tiramisu-jni.so using APEX ns com_android_tethering for caller /apex/com.android.tethering/javalib/framework-connectivity-t.jar: ok
05-05 06:26:07.864  2461  2461 V GraphicsEnvironment: Currently set values for:
05-05 06:26:07.864  2461  2461 V GraphicsEnvironment:   angle_gl_driver_selection_pkgs=[]
05-05 06:26:07.864  2461  2461 V GraphicsEnvironment:   angle_gl_driver_selection_values=[]
05-05 06:26:07.864  2461  2461 V GraphicsEnvironment: Global.Settings values are invalid: number of packages: 0, number of values: 0
05-05 06:26:07.865  2461  2461 V GraphicsEnvironment: Neither updatable production driver nor prerelease driver is supported.
05-05 06:26:07.868   602  1641 D CoreBackPreview: Window{6d29ae8 u0 Splash Screen com.nightshade.mobile}: Setting back callback OnBackInvokedCallbackInfo{mCallback=android.window.IOnBackInvokedCallback$Stub$Proxy@5d08d7e, mPriority=0, mIsAnimationCallback=false}
05-05 06:26:07.891   602   828 D ShortcutService: rescanPackageIfNeeded 0@com.nightshade.mobile, forceRescan=true , isNewApp=true
05-05 06:26:07.891   602   660 W ActivityManager: Slow operation: 66ms so far, now at startProcess: done updating battery stats
05-05 06:26:07.891   602   660 W ActivityManager: Slow operation: 67ms so far, now at startProcess: building log message
05-05 06:26:07.891   602   660 I ActivityManager: Start proc 2499:com.nightshade.mobile/u0a209 for next-top-activity {com.nightshade.mobile/com.example.nightshade_mobile.MainActivity}
05-05 06:26:07.891   602   828 D ShortcutService: Package com.nightshade.mobile has 0 manifest shortcut(s), and 0 share target(s)
05-05 06:26:07.892   602   660 W ActivityManager: Slow operation: 67ms so far, now at startProcess: starting to update pids map
05-05 06:26:07.892   602   660 W ActivityManager: Slow operation: 68ms so far, now at startProcess: done updating pids map
05-05 06:26:07.919  1105  1105 D BoundBrokerSvc: onBind: Intent { act=com.google.android.gms.time.trustedtime.singleuserapi.service.TrustedTimeMaintenanceTaskService.ACTION_TASK_READY dat=chimera-action:/... cmp=com.google.android.gms/.chimera.PersistentInternalBoundBrokerService }
05-05 06:26:07.920  1105  1105 D BoundBrokerSvc: Loading bound service for intent: Intent { act=com.google.android.gms.time.trustedtime.singleuserapi.service.TrustedTimeMaintenanceTaskService.ACTION_TASK_READY dat=chimera-action:/... cmp=com.google.android.gms/.chimera.PersistentInternalBoundBrokerService }
05-05 06:26:07.923   602   659 D CompatChangeReporter: Compat change id reported: 151861875; UID 10206; state: ENABLED
05-05 06:26:07.943  1518  2487 I Auth    : [SupervisedAccountIntentOperation] onHandleIntent(): android.intent.action.PACKAGE_ADDED
05-05 06:26:07.946  1518  2482 V Backup  : [PhotosPackagedAddedIO] Flag is disabled.
05-05 06:26:07.952  2499  2499 D ApplicationLoaders: Returning zygote-cached class loader: /system_ext/framework/androidx.window.extensions.jar
05-05 06:26:07.952  2499  2499 D ApplicationLoaders: Returning zygote-cached class loader: /system_ext/framework/androidx.window.sidecar.jar
05-05 06:26:07.958   397   397 D Zygote  : Forked child process 2513
05-05 06:26:07.972  2499  2499 D nativeloader: Configuring clns-7 for other apk /data/app/~~aC2jdAvhHDQuN7wn-orO9Q==/com.nightshade.mobile-0jBmC2chKvlTAFNFJPy7TQ==/base.apk. target_sdk_version=36, uses_libraries=, library_path=/data/app/~~aC2jdAvhHDQuN7wn-orO9Q==/com.nightshade.mobile-0jBmC2chKvlTAFNFJPy7TQ==/lib/x86_64:/data/app/~~aC2jdAvhHDQuN7wn-orO9Q==/com.nightshade.mobile-0jBmC2chKvlTAFNFJPy7TQ==/base.apk!/lib/x86_64, permitted_path=/data:/mnt/expand:/data/user/0/com.nightshade.mobile
05-05 06:26:07.985   602   660 W ActivityManager: Slow operation: 62ms so far, now at startProcess: done updating battery stats
05-05 06:26:07.985   869  1496 V WindowManagerShell: onTransitionReady(transaction=2585570312514)
05-05 06:26:07.986   602   660 W ActivityManager: Slow operation: 62ms so far, now at startProcess: building log message
05-05 06:26:07.986   602   660 I ActivityManager: Start proc 2513:com.google.android.healthconnect.controller/u0a206 for broadcast {com.google.android.healthconnect.controller/com.android.healthconnect.controller.safetycenter.SafetySourceBroadcastReceiver}
05-05 06:26:07.986   869   910 V WindowManagerShell: onTransitionReady (#7) android.os.BinderProxy@8dc9d9e: {id=7 t=OPEN f=0x0 trk=0 r=[0@Point(0, 0)] c=[{WCT{android.window.IWindowContainerToken$Stub$Proxy@40b42fe} m=OPEN f=NONE leash=Surface(name=Task=33)/@0x97a7103 sb=Rect(0, 0 - 1080, 1920) eb=Rect(0, 0 - 1080, 1920) d=0 taskParent=-1},{WCT{android.window.IWindowContainerToken$Stub$Proxy@5a91a5f} m=TO_BACK f=SHOW_WALLPAPER leash=Surface(name=Task=1)/@0x2e33880 sb=Rect(0, 0 - 1080, 1920) eb=Rect(0, 0 - 1080, 1920) d=0 taskParent=-1}]}
05-05 06:26:07.986   602   660 W ActivityManager: Slow operation: 62ms so far, now at startProcess: starting to update pids map
05-05 06:26:07.986  2499  2499 V GraphicsEnvironment: Currently set values for:
05-05 06:26:07.986  2499  2499 V GraphicsEnvironment:   angle_gl_driver_selection_pkgs=[]
05-05 06:26:07.986  2499  2499 V GraphicsEnvironment:   angle_gl_driver_selection_values=[]
05-05 06:26:07.986  2499  2499 V GraphicsEnvironment: Global.Settings values are invalid: number of packages: 0, number of values: 0
05-05 06:26:07.987  2499  2499 V GraphicsEnvironment: Neither updatable production driver nor prerelease driver is supported.
05-05 06:26:07.988   869   910 V WindowManagerShell: Playing animation for (#7) android.os.BinderProxy@8dc9d9e@0
05-05 06:26:07.988   869   910 V WindowManagerShell:  try handler com.android.wm.shell.transition.DefaultMixedHandler@d04a6e7
05-05 06:26:07.988   869   910 V WindowManagerShell:  try handler com.android.wm.shell.keyguard.KeyguardTransitionHandler@37fa294
05-05 06:26:07.989   869   910 V WindowManagerShell:  try handler com.android.wm.shell.pip.PipTransition@359813d
05-05 06:26:07.989   869   910 V WindowManagerShell:  try handler com.android.wm.shell.activityembedding.ActivityEmbeddingController@4aacd32
05-05 06:26:07.989   869   910 V WindowManagerShell:  try handler com.android.wm.shell.recents.RecentsTransitionHandler@deaca83
05-05 06:26:07.989   869   910 V ShellRecents: RecentsTransitionHandler.startAnimation: no controller found
05-05 06:26:07.989   869   910 V WindowManagerShell:  try handler com.android.wm.shell.splitscreen.StageCoordinator@afe5400
05-05 06:26:07.989   869   910 V WindowManagerShell:  try handler com.android.wm.shell.transition.RemoteTransitionHandler@3e1f439
05-05 06:26:07.989   869   910 V WindowManagerShell: Transition doesn't have explicit remote, search filters for match for {id=7 t=OPEN f=0x0 trk=0 r=[0@Point(0, 0)] c=[{WCT{android.window.IWindowContainerToken$Stub$Proxy@40b42fe} m=OPEN f=NONE leash=Surface(name=Task=33)/@0x97a7103 sb=Rect(0, 0 - 1080, 1920) eb=Rect(0, 0 - 1080, 1920) d=0 taskParent=-1},{WCT{android.window.IWindowContainerToken$Stub$Proxy@5a91a5f} m=TO_BACK f=SHOW_WALLPAPER leash=Surface(name=Task=1)/@0x2e33880 sb=Rect(0, 0 - 1080, 1920) eb=Rect(0, 0 - 1080, 1920) d=0 taskParent=-1}]}
05-05 06:26:07.989   869   910 V WindowManagerShell:  Checking filter Pair{{types=[] flags=0x0] notFlags=0x0 checks=[{atype=undefined independent=true modes=[OPEN,TO_FRONT] flags=IN_TASK_WITH_EMBEDDED_ACTIVITY mustBeTask=false order=ANY topActivity=ComponentInfo{com.google.android.apps.nexuslauncher/com.google.android.apps.nexuslauncher.NexusLauncherActivity} launchCookie=null},{atype=undefined independent=true modes=[CLOSE,TO_BACK] flags=IN_TASK_WITH_EMBEDDED_ACTIVITY mustBeTask=false order=ANY topActivity=null launchCookie=null}]} RemoteTransition { remoteTransition = android.window.IRemoteTransition$Stub$Proxy@cb48a7e, appThread = android.app.IApplicationThread$Stub$Proxy@6858bdf, debugName = OverlaySwipeBack }}
05-05 06:26:07.990   869   910 V WindowManagerShell:  Checking filter Pair{{types=[] flags=0x0] notFlags=0x0 checks=[{atype=dream independent=true modes=[OPEN,TO_FRONT] flags=NONE mustBeTask=false order=ANY topActivity=null launchCookie=null},{atype=home independent=true modes=[CLOSE,TO_BACK] flags=NONE mustBeTask=false order=ANY topActivity=null launchCookie=null}]} RemoteTransition { remoteTransition = android.window.IRemoteTransition$Stub$Proxy@4f4b02c, appThread = android.app.IApplicationThread$Stub$Proxy@7e49af5, debugName = LauncherToDream }}
05-05 06:26:07.990   869   910 V WindowManagerShell:  Checking filter Pair{{types=[] flags=0x0] notFlags=0x100 checks=[{atype=home independent=true modes=[OPEN,TO_FRONT] flags=NONE mustBeTask=false order=TOP topActivity=ComponentInfo{com.google.android.apps.nexuslauncher/com.google.android.apps.nexuslauncher.NexusLauncherActivity} launchCookie=null},{atype=standard independent=true modes=[CLOSE,TO_BACK] flags=NONE mustBeTask=false order=ANY topActivity=null launchCookie=null}]} RemoteTransition { remoteTransition = android.window.IRemoteTransition$Stub$Proxy@20ad08a, appThread = android.app.IApplicationThread$Stub$Proxy@ee106fb, debugName = QuickstepLaunchHome }}
05-05 06:26:07.990   869   910 V WindowManagerShell:  Delegate animation for (#7) to null
05-05 06:26:07.990   869   910 V WindowManagerShell:  try handler com.android.wm.shell.transition.DefaultTransitionHandler@712a318
05-05 06:26:07.990   869   910 V WindowManagerShell: start default transition animation, info = {id=7 t=OPEN f=0x0 trk=0 r=[0@Point(0, 0)] c=[{WCT{android.window.IWindowContainerToken$Stub$Proxy@40b42fe} m=OPEN f=NONE leash=Surface(name=Task=33)/@0x97a7103 sb=Rect(0, 0 - 1080, 1920) eb=Rect(0, 0 - 1080, 1920) d=0 taskParent=-1},{WCT{android.window.IWindowContainerToken$Stub$Proxy@5a91a5f} m=TO_BACK f=SHOW_WALLPAPER leash=Surface(name=Task=1)/@0x2e33880 sb=Rect(0, 0 - 1080, 1920) eb=Rect(0, 0 - 1080, 1920) d=0 taskParent=-1}]}
05-05 06:26:07.990   869   910 V WindowManagerShell: loadAnimation: anim=android.view.animation.AnimationSet@e330d75 animAttr=0x13 type=OPEN isEntrance=false
05-05 06:26:07.996   602   646 V WindowManager: Sent Transition (#7) createdAt=05-05 06:26:07.749 via request=TransitionRequestInfo { type = OPEN, triggerTask = TaskInfo{userId=0 taskId=33 displayId=0 isRunning=true baseIntent=Intent { flg=0x10000000 cmp=com.nightshade.mobile/com.example.nightshade_mobile.MainActivity } baseActivity=ComponentInfo{com.nightshade.mobile/com.example.nightshade_mobile.MainActivity} topActivity=ComponentInfo{com.nightshade.mobile/com.example.nightshade_mobile.MainActivity} origActivity=null realActivity=ComponentInfo{com.nightshade.mobile/com.example.nightshade_mobile.MainActivity} numActivities=1 lastActiveTime=31075 supportsMultiWindow=true resizeMode=1 isResizeable=true minWidth=-1 minHeight=-1 defaultMinSize=220 token=WCT{RemoteToken{3f4a2de Task{d8bc958 #33 type=standard I=com.nightshade.mobile/com.example.nightshade_mobile.MainActivity}}} topActivityType=1 pictureInPictureParams=null shouldDockBigOverlays=false launchIntoPipHostTaskId=-1 lastParentTaskIdBeforePip=-1 displayCutoutSafeInsets=null topActivityInfo=ActivityInfo{e7d2cbf com.example.nightshade_mobile.MainActivity} launchCookies=[] positionInParent=Point(0, 0) parentTaskId=-1 isFocused=false isVisible=false isVisibleRequested=false isSleeping=false locusId=null displayAreaFeatureId=1 isTopActivityTransparent=false appCompatTaskInfo=AppCompatTaskInfo { topActivityInSizeCompat=false topActivityEligibleForLetterboxEducation= falseisLetterboxEducationEnabled= true isLetterboxDoubleTapEnabled= false topActivityEligibleForUserAspectRatioButton= false topActivityBoundsLetterboxed= false isFromLetterboxDoubleTap= false topActivityLetterboxVerticalPosition= -1 topActivityLetterboxHorizontalPosition= -1 topActivityLetterboxWidth=1080 topActivityLetterboxHeight=1920 isUserFullscreenOverrideEnabled=false isSystemFullscreenOverrideEnabled=false cameraCompatTaskInfo=CameraCompatTaskInfo { cameraCompatControlState=hidden freeformCameraCompatMode=inactive}}}, pipTask = null, remoteTransition = null, displayChange = null, flags = 0, debugId = 7 }
05-05 06:26:07.997   869   910 V WindowManagerShell: loadAnimation: anim=android.view.animation.AnimationSet@3429544 animAttr=0x12 type=OPEN isEntrance=true
05-05 06:26:07.998   869   910 V WindowManagerShell:  animated by com.android.wm.shell.transition.DefaultTransitionHandler@712a318
05-05 06:26:08.003  1023  1030 I m.android.phone: Background concurrent mark compact GC freed 4289KB AllocSpace bytes, 3(60KB) LOS objects, 49% free, 3419KB/6839KB, paused 832us,12.688ms total 383.888ms
05-05 06:26:08.013  1023  1032 W System  : A resource failed to call AbstractCursor.close. 
05-05 06:26:08.013  1023  1032 W System  : A resource failed to call AbstractCursor.close. 
05-05 06:26:08.014   602   646 V WindowManager:     startWCT=WindowContainerTransaction { changes = {} hops = [] errorCallbackToken=null taskFragmentOrganizer=null }
05-05 06:26:08.014   602   646 V WindowManager:     info={id=7 t=OPEN f=0x0 trk=0 r=[0@Point(0, 0)] c=[
05-05 06:26:08.014   602   646 V WindowManager:         {WCT{RemoteToken{3f4a2de Task{d8bc958 #33 type=standard I=com.nightshade.mobile/com.example.nightshade_mobile.MainActivity}}} m=OPEN f=NONE leash=Surface(name=Task=33)/@0x48d7906 sb=Rect(0, 0 - 1080, 1920) eb=Rect(0, 0 - 1080, 1920) d=0 taskParent=-1},
05-05 06:26:08.014   602   646 V WindowManager:         {WCT{RemoteToken{ba40eea Task{ca6bb2b #1 type=home}}} m=TO_BACK f=SHOW_WALLPAPER leash=Surface(name=Task=1)/@0x8d78a2 sb=Rect(0, 0 - 1080, 1920) eb=Rect(0, 0 - 1080, 1920) d=0 taskParent=-1}
05-05 06:26:08.014   602   646 V WindowManager:     ]}
05-05 06:26:08.015  1023  1032 W System  : A resource failed to call AbstractCursor.close. 
05-05 06:26:08.016   602   828 D ShortcutService: Saving package item com.google.android.as to /data/system_ce/0/shortcut_service/launchers/com.google.android.as0.xml
05-05 06:26:08.016   602   660 W ActivityManager: Slow operation: 85ms so far, now at startProcess: done updating pids map
05-05 06:26:08.019  1192  1192 D PersistedStoragePackageUninstalledReceiver: Received android.intent.action.PACKAGE_DATA_CLEARED for com.nightshade.mobile for u0
05-05 06:26:08.020  1105  1110 W .gms.persistent: Cleared Reference was only reachable from finalizer (only reported once)
05-05 06:26:08.025  1244  1510 D EGL_emulation: app_time_stats: avg=7621.95ms min=7621.95ms max=7621.95ms count=1
05-05 06:26:08.034  1390  1400 I hbox:interactor: Background concurrent mark compact GC freed 9761KB AllocSpace bytes, 7(124KB) LOS objects, 49% free, 8184KB/15MB, paused 3.958ms,3.872ms total 731.723ms
05-05 06:26:08.035  2513  2513 I nect.controller: Using CollectorTypeCMC GC.
05-05 06:26:08.044  2513  2513 W nect.controller: Unexpected CPU variant for x86: x86_64.
05-05 06:26:08.044  2513  2513 W nect.controller: Known variants: atom, sandybridge, silvermont, goldmont, goldmont-plus, goldmont-without-sha-xsaves, tremont, kabylake, default
05-05 06:26:08.047   602   828 D ShortcutService: Saving package item com.google.android.apps.nexuslauncher to /data/system_ce/0/shortcut_service/launchers/com.google.android.apps.nexuslauncher0.xml
05-05 06:26:08.050  2513  2513 E nect.controller: Not starting debugger since process cannot load the jdwp agent.
05-05 06:26:08.052  1105  2363 I NetworkScheduler.Stats: Task com.google.android.gms/com.google.android.gms.time.trustedtime.singleuserapi.service.TrustedTimeMaintenanceTaskService started execution. cause:2 exec_start_elapsed_seconds: 31 [CONTEXT service_id=218 ]
05-05 06:26:08.054   602  1017 W OptProp : Cannot read opt property android.window.PROPERTY_COMPAT_ENABLE_FAKE_FOCUS
05-05 06:26:08.054  1105  2363 I TrustedTime: Trusted time maintenance task executing [CONTEXT service_id=326 ]
05-05 06:26:08.057  1362  1784 I MediaProvider: Scanned external_primary due to REASON_MOUNTED, found 16 items in 507ms, 0 inserts 1 updates 0 deletes
05-05 06:26:08.057   869   986 D EGL_emulation: app_time_stats: avg=622.48ms min=4.04ms max=4089.16ms count=7
05-05 06:26:08.059  1105  2363 I TrustedTime: TrustedTimeStateMachine onRunOneOffNetworkTimeUpdateTask() [CONTEXT service_id=326 ]
05-05 06:26:08.067  1105  1110 I .gms.persistent: Background concurrent mark compact GC freed 11MB AllocSpace bytes, 27(592KB) LOS objects, 49% free, 12MB/25MB, paused 2.553ms,4.241ms total 543.327ms
05-05 06:26:08.070   396  2524 I resolv  : GetAddrInfoHandler::run: {101 786533 101 983141 10143 0}
05-05 06:26:08.071   396  2527 I resolv  : res_nmkquery: (QUERY, IN, A)
05-05 06:26:08.071   396  2526 I resolv  : res_nmkquery: (QUERY, IN, AAAA)
05-05 06:26:08.071   602   828 D ShortcutService: Saving package item com.android.systemui to /data/system_ce/0/shortcut_service/launchers/com.android.systemui0.xml
05-05 06:26:08.074  1105  1109 W .gms.persistent: Missing inline cache for void aktq.<init>(aktp)
05-05 06:26:08.074  1105  1109 W .gms.persistent: Missing inline cache for void aktq.<init>(aktp)
05-05 06:26:08.074  1105  1109 W .gms.persistent: Missing inline cache for void aktq.<init>(aktp)
05-05 06:26:08.075  1105  1109 W .gms.persistent: Missing inline cache for void aktq.<init>(aktp)
05-05 06:26:08.080  1518  1885 I Icing   : Internal init done: storage state 0
05-05 06:26:08.084   602  1017 W ActivityManager: Slow operation: 57ms so far, now at finishAttachApplicationInner: after mServices.attachApplicationLocked
05-05 06:26:08.084   602  1017 W ActivityManager: Slow operation: 57ms so far, now at finishAttachApplicationInner: after dispatching broadcasts
05-05 06:26:08.093  1105  1113 W .gms.persistent: ApkAssets: Deleting an ApkAssets object '<empty> and /product/priv-app/PrebuiltBugle/PrebuiltBugle.apk' with 1 weak references
05-05 06:26:08.094   602  1638 W UserManagerService: Requested status bar icon for non-badged user 0
05-05 06:26:08.093  1105  1113 W .gms.persistent: ApkAssets: Deleting an ApkAssets object '<empty> and /product/priv-app/Velvet/Velvet.apk' with 1 weak references
05-05 06:26:08.096  1518  1885 I Icing   : Post-init done
05-05 06:26:08.111   869   875 W ndroid.systemui: Missing inline cache for void com.android.systemui.shared.condition.Monitor$SubscriptionState.update(com.android.systemui.shared.condition.Monitor)
05-05 06:26:08.116  2513  2513 D nativeloader: Load libframework-connectivity-tiramisu-jni.so using APEX ns com_android_tethering for caller /apex/com.android.tethering/javalib/framework-connectivity-t.jar: ok
05-05 06:26:08.127  1105  1113 W .gms.persistent: ApkAssets: Deleting an ApkAssets object '<empty> and /data/app/~~aC2jdAvhHDQuN7wn-orO9Q==/com.nightshade.mobile-0jBmC2chKvlTAFNFJPy7TQ==/base.apk' with 1 weak references
05-05 06:26:08.150  1518  1667 I Icing   : IndexChimeraService.getServiceInterface callingPackage=com.google.android.gms componentName=AppsCorpus serviceId=36
05-05 06:26:08.151  2513  2513 D ApplicationLoaders: Returning zygote-cached class loader: /system/framework/org.apache.http.legacy.jar
05-05 06:26:08.152  2513  2513 D ApplicationLoaders: Returning zygote-cached class loader: /system_ext/framework/androidx.window.extensions.jar
05-05 06:26:08.152  2513  2513 D ApplicationLoaders: Returning zygote-cached class loader: /system_ext/framework/androidx.window.sidecar.jar
05-05 06:26:08.154  1518  1622 I Icing   : IndexChimeraService.getServiceInterface callingPackage=com.google.android.gms componentName=AppsCorpus serviceId=32
05-05 06:26:08.156  1378  1874 W ogle.android.as: Long monitor contention with owner aiai-min-shared-0 (1656) at java.lang.Object ibk.b()(PG:48) waiters=0 in java.lang.Object ibk.b() for 206ms
05-05 06:26:08.156  1378  1656 I AiAiTextClassifier: [SentencePieceTokenizerModelManagerImpl]: downloadNewModel: Downloading Sentence Piece Tokenizer model using Superpacks is disabled.
05-05 06:26:08.157  1378  1656 I AiAiTextClassifier: [SentencePieceTokenizerModelManagerImpl]: initializeTcLibModelDownload: Setting listener for model versions change.
05-05 06:26:08.157  1378  1874 I AiAiTextClassifier: [VisualCortexAdapter]: provideRegistration: Registered Prominent Screen Entities for updates.
05-05 06:26:08.166  1362  1784 I MediaProvider: End Intent { act=com.android.providers.media.action.SCAN_VOLUME (has extras) }
05-05 06:26:08.176  2499  2537 D nativeloader: Load /data/app/~~aC2jdAvhHDQuN7wn-orO9Q==/com.nightshade.mobile-0jBmC2chKvlTAFNFJPy7TQ==/base.apk!/lib/x86_64/libflutter.so using ns clns-7 from class loader (caller=/data/app/~~aC2jdAvhHDQuN7wn-orO9Q==/com.nightshade.mobile-0jBmC2chKvlTAFNFJPy7TQ==/base.apk): ok
05-05 06:26:08.179   602  1017 D FileUtils: Rounded bytes from 2067390464 to 4000000000
05-05 06:26:08.179  2513  2513 D nativeloader: Configuring clns-shared-7 for other apk /apex/com.android.healthfitness/priv-app/HealthConnectControllerGoogle@350820300/HealthConnectControllerGoogle.apk. target_sdk_version=35, uses_libraries=, library_path=/apex/com.android.healthfitness/priv-app/HealthConnectControllerGoogle@350820300/lib/x86_64:/system/lib64:/system_ext/lib64, permitted_path=/data:/mnt/expand:/data/user/0/com.google.android.healthconnect.controller:/apex/com.android.healthfitness/priv-app/HealthConnectControllerGoogle@350820300:/system/lib64:/system_ext/lib64
05-05 06:26:08.180  2513  2513 D nativeloader: InitApexLibraries:
05-05 06:26:08.180  2513  2513 D nativeloader:   com_android_adservices: libhpke_jni.so:libtflite_support_classifiers_native.so
05-05 06:26:08.180  2513  2513 D nativeloader:   com_android_appsearch: libicing.so
05-05 06:26:08.180  2513  2513 D nativeloader:   com_android_art: libartservice.so
05-05 06:26:08.180  2513  2513 D nativeloader:   com_android_btservices: libbluetooth_jni.so
05-05 06:26:08.180  2513  2513 D nativeloader:   com_android_conscrypt: libjavacrypto.so
05-05 06:26:08.180  2513  2513 D nativeloader:   com_android_mediaprovider: libpdfclient.so
05-05 06:26:08.180  2513  2513 D nativeloader:   com_android_nfcservices: libnfc_nci_jni.so
05-05 06:26:08.180  2513  2513 D nativeloader:   com_android_ondevicepersonalization: libfcp_cpp_dep_jni.so:libfcp_hpke_jni.so
05-05 06:26:08.180  2513  2513 D nativeloader:   com_android_os_statsd: libstats_jni.so
05-05 06:26:08.180  2513  2513 D nativeloader:   com_android_tethering: libandroid_net_connectivity_com_android_net_module_util_jni.so:libcrypto.so:libframework-connectivity-jni.so:libframework-connectivity-tiramisu-jni.so:libmainlinecronet.121.0.6167.71.so:libservice-connectivity.so:libservice-thread-jni.so:libssl.so
05-05 06:26:08.180  2513  2513 D nativeloader:   com_android_uwb: libuwb_uci_jni_rust.so
05-05 06:26:08.180  2513  2513 D nativeloader:   com_android_virt: libvirtualizationservice_jni.so:libvirtualmachine_jni.so
05-05 06:26:08.196  2513  2513 D CompatChangeReporter: Compat change id reported: 202956589; UID 10206; state: ENABLED
05-05 06:26:08.208  2499  2499 W ghtshade.mobile: type=1400 audit(0.0:29): avc:  denied  { read } for  name="max_map_count" dev="proc" ino=17562 scontext=u:r:untrusted_app:s0:c209,c256,c512,c768 tcontext=u:object_r:proc_max_map_count:s0 tclass=file permissive=0 app=com.nightshade.mobile
--------- beginning of kernel
05-05 06:26:08.201     0     0 I logd    : start watching /data/system/packages.list ...
05-05 06:26:08.204     0     0 I logd    : ReadPackageList, total packages: 217
05-05 06:26:08.229   602   649 D ColorDisplayService: GlobalSaturationTintController Animation cancelled: false to matrix: 
05-05 06:26:08.229   602   649 D ColorDisplayService:        1.000000 0.000000 0.000000 0.000000 0.000000 1.000000 0.000000 0.000000 0.000000 0.000000 1.000000 0.000000 0.000000 0.000000 0.000000 1.000000 min matrix coefficients: 
05-05 06:26:08.229   602   649 D ColorDisplayService:        1.000000 0.000000 0.000000 0.000000 0.000000 1.000000 0.000000 0.000000 0.000000 0.000000 1.000000 0.000000 0.000000 0.000000 0.000000 1.000000 max matrix coefficients: 
05-05 06:26:08.229   602   649 D ColorDisplayService:        1.000000 0.000000 0.000000 0.000000 0.000000 1.000000 0.000000 0.000000 0.000000 0.000000 1.000000 0.000000 0.000000 0.000000 0.000000 1.000000
05-05 06:26:08.236  2499  2541 I EGL_emulation: Opening libGLESv1_CM_emulation.so
05-05 06:26:08.237  2499  2541 I EGL_emulation: Opening libGLESv2_emulation.so
05-05 06:26:08.240  1378  1778 I SP.AiAi : Registering text-classifier-annotator.272525175, url: https://gstatic.com/matchmaker/tclib_models/annotator/v803/en/superpacks_manifest.zip, constraints: *:*:*:*, flags: *, requested: 272525175, current: -1
05-05 06:26:08.243  1378  1778 I SP.AiAi : Registering text-classifier-actions.1140547708, url: https://gstatic.com/matchmaker/tclib_models/actions/v104/en-us/superpacks_manifest.zip, constraints: *:*:*:*, flags: *, requested: 1140547708, current: -1
05-05 06:26:08.246  1378  1778 I SP.AiAi : Registering text-classifier-langid.1941001461, url: https://gstatic.com/matchmaker/tclib_models/langid/v1/superpacks_manifest.zip, constraints: *:*:*:*, flags: *, requested: 1941001461, current: -1
05-05 06:26:08.252   935  2480 D NetworkMonitor/101: PROBE_HTTP http://connectivitycheck.gstatic.com/generate_204 time=423ms ret=204 request={Connection=[close], User-Agent=[Mozilla/5.0 (X11; Linux x86_64) AppleWebKit/537.36 (KHTML, like Gecko) Chrome/60.0.3112.32 Safari/537.36]} headers={null=[HTTP/1.1 204 No Content], Connection=[close], Content-Length=[0], Cross-Origin-Resource-Policy=[cross-origin], Date=[Tue, 05 May 2026 10:26:07 GMT], X-Android-Received-Millis=[1777976768251], X-Android-Response-Source=[NETWORK 204], X-Android-Selected-Protocol=[http/1.1], X-Android-Sent-Millis=[1777976767982]}
05-05 06:26:08.253   396  2527 I resolv  : res_nsend: used send_dg 97 terrno: 0
05-05 06:26:08.253   396  2526 I resolv  : res_nsend: used send_dg 145 terrno: 0
05-05 06:26:08.253   396  2527 I resolv  : doQuery: rcode=0, ancount=4, return value=97
05-05 06:26:08.253   396  2526 I resolv  : doQuery: rcode=0, ancount=4, return value=145
05-05 06:26:08.255  1105  2363 D TrafficStats: tagSocket(119) with statsTag=0x30010101, statsUid=-1
05-05 06:26:08.276  1518  2542 I ChimeraConfigurator: Starting update, reason: 4 urgentFeatures: tflite_dynamite:-1
05-05 06:26:08.278   935  2479 D NetworkMonitor/101: PROBE_HTTPS https://www.google.com/generate_204 time=487ms ret=204 request={Connection=[close], User-Agent=[Mozilla/5.0 (X11; Linux x86_64) AppleWebKit/537.36 (KHTML, like Gecko) Chrome/60.0.3112.32 Safari/537.36]} headers={null=[HTTP/1.1 204 No Content], Alt-Svc=[h3=":443"; ma=2592000,h3-29=":443"; ma=2592000], Connection=[close], Content-Length=[0], Cross-Origin-Resource-Policy=[cross-origin], Date=[Tue, 05 May 2026 10:26:07 GMT], X-Android-Received-Millis=[1777976768278], X-Android-Response-Source=[NETWORK 204], X-Android-Selected-Protocol=[http/1.1], X-Android-Sent-Millis=[1777976768259]}
05-05 06:26:08.286   935  2478 D NetworkMonitor/101: isCaptivePortal: isSuccessful()=true isPortal()=false RedirectUrl=null isPartialConnectivity()=false Time=578ms
05-05 06:26:08.291  2513  2513 V GraphicsEnvironment: Currently set values for:
05-05 06:26:08.291  2513  2513 V GraphicsEnvironment:   angle_gl_driver_selection_pkgs=[]
05-05 06:26:08.291  2513  2513 V GraphicsEnvironment:   angle_gl_driver_selection_values=[]
05-05 06:26:08.294  2513  2513 V GraphicsEnvironment: Global.Settings values are invalid: number of packages: 0, number of values: 0
05-05 06:26:08.294  2513  2513 V GraphicsEnvironment: Neither updatable production driver nor prerelease driver is supported.
05-05 06:26:08.301  1518  1667 I Icing   : IndexChimeraService.getServiceInterface callingPackage=com.google.android.gms componentName=null serviceId=36
05-05 06:26:08.303   869   910 V WindowManagerShell: Transition animation finished (aborted=false), notifying core (#7) android.os.BinderProxy@8dc9d9e@0
05-05 06:26:08.305   602   646 V WindowManager: Finish Transition (#7): created at 05-05 06:26:07.749 collect-started=0.099ms request-sent=19.89ms started=56.001ms ready=226.362ms sent=235.457ms finished=554.829ms
05-05 06:26:08.308   602   783 D ConnectivityService: [101 WIFI] validation passed
05-05 06:26:08.309  1244  1244 D VRI[NexusLauncherActivity]: visibilityChanged oldVisibility=true newVisibility=false
05-05 06:26:08.309  1105  2363 I TrustedTime: SntpTimeSignal: SntpTimeSignalImpl{serverSocketAddress=time.google.com/216.239.35.4:123, response=NtpMessage{header=NtpHeader{leapIndicator=0, versionNumber=3, mode=4, stratum=1, pollInterval=Duration{seconds=1, nanosOfSecond=0}, precisionExponent=-20, rootDelay=Duration{seconds=0, nanosOfSecond=0}, rootDispersion=Duration{seconds=0, nanosOfSecond=76293}, referenceIdentifier='GOOG', referenceTimestamp=eda4443f.5e5e2052, originateTimestamp=44811d68.e8abd77a, receiveTimestamp=eda4443f.5e5e2053, transmitTimestamp=eda4443f.5e5e2055}}, resultTicks=Ticks{originalTicker=PlatformTicker, value=31594323200}, resultInstant=Instant{seconds=1777976767, nanosOfSecond=380697653}, clientOffset=Duration{seconds=-1, nanosOfSecond=96549853}, totalTransactionDuration=Duration{seconds=0, nanosOfSecond=24147800}, roundTripDuration=Duration{seconds=0, nanosOfSecond=24147800}, responseInstant=Instant{seconds=1777976768, nanosOfSecond=284147800}} [CONTEXT service_id=326 ]
05-05 06:26:08.310  1105  2363 I TrustedTime: Client ticker: PlatformTicker [CONTEXT service_id=326 ]
05-05 06:26:08.311  1105  2363 I TrustedTime: Client instant source: PlatformInstantSource [CONTEXT service_id=326 ]
05-05 06:26:08.311  1105  2363 I TrustedTime: Server instant: Instant{seconds=1777976767, nanosOfSecond=380697653} [CONTEXT service_id=326 ]
05-05 06:26:08.312  1105  2363 I TrustedTime: At ticks: Ticks{originalTicker=PlatformTicker, value=31594323200} [CONTEXT service_id=326 ]
05-05 06:26:08.313  1105  2363 I TrustedTime: Current ticks: Ticks{originalTicker=PlatformTicker, value=31620637400} [CONTEXT service_id=326 ]
05-05 06:26:08.313  1105  2363 I TrustedTime: Offset between client and server: Duration{seconds=-1, nanosOfSecond=96549853} [CONTEXT service_id=326 ]
05-05 06:26:08.313  1105  2363 I TrustedTime: Client instant now: Instant{seconds=1777976768, nanosOfSecond=313000000} [CONTEXT service_id=326 ]
05-05 06:26:08.315  1105  2363 I TrustedTime: Network time update is successful. Scheduling next task. [CONTEXT service_id=326 ]
05-05 06:26:08.316  1244  1244 D NexusLauncherModelDelegate: notifySmartspaceEvent: SmartspaceTargetEvent{mSmartspaceTarget=null, mSmartspaceActionId='null', mEventType=7}
05-05 06:26:08.317  1518  2543 W SQLiteLog: (28) double-quoted string literal: "com.nightshade.mobile"
05-05 06:26:08.321  1105  1179 W ctxmgr  : [UpdateFenceRegistrationOperation] Gesture nano app is not available. [CONTEXT service_id=47 ]
05-05 06:26:08.325  2499  2541 I flutter : [IMPORTANT:flutter/shell/platform/android/android_context_gl_impeller.cc(104)] Using the Impeller rendering backend (OpenGLES).
05-05 06:26:08.328  1105  2363 I TrustedTime: Attempting to schedule one-off maintenance task [CONTEXT service_id=326 ]
05-05 06:26:08.329  1105  2363 I TrustedTime: Scheduling maintenance task 'OneOffTrustedTimeMaintenanceTask' [CONTEXT service_id=326 ]
05-05 06:26:08.337   869   910 V WindowManagerShell: Track 0 became idle
05-05 06:26:08.338   869   910 V WindowManagerShell: All active transition animations finished
05-05 06:26:08.338   869   910 W Looper  : Slow dispatch took 35ms wmshell.main h=android.os.Handler c=com.android.wm.shell.transition.DefaultTransitionHandler$$ExternalSyntheticLambda0@a474829 m=0
05-05 06:26:08.345  1378  1778 I SP.AiAi : Scheduling job with delay of 0s for {W:C:I:l, bg}, 5 candidates
05-05 06:26:08.348   935   935 W NetworkMonitor/: type=1400 audit(0.0:30): avc:  granted  { read } for  name="psched" dev="proc" ino=4026532021 scontext=u:r:network_stack:s0 tcontext=u:object_r:proc_net:s0 tclass=file
05-05 06:26:08.351   935  1943 D nativeloader: Load libandroid_net_connectivity_com_android_net_module_util_jni.so using APEX ns com_android_tethering for caller /apex/com.android.tethering/javalib/framework-connectivity.jar: ok
05-05 06:26:08.359   602  1635 W UserManagerService: Requested status bar icon for non-badged user 0
05-05 06:26:08.348   935   935 W NetworkMonitor/: type=1400 audit(0.0:31): avc:  granted  { read open } for  path="/proc/935/net/psched" dev="proc" ino=4026532021 scontext=u:r:network_stack:s0 tcontext=u:object_r:proc_net:s0 tclass=file
05-05 06:26:08.362   602   602 W Looper  : Slow dispatch took 241ms main h=android.app.ActivityThread$H c=android.app.LoadedApk$ReceiverDispatcher$Args$$ExternalSyntheticLambda0@af7b5aa m=0
05-05 06:26:08.362   602   602 W Looper  : Slow delivery took 268ms main h=android.os.Handler c=<recycled PooledLambda@4e559b> m=0
05-05 06:26:08.348   935   935 W NetworkMonitor/: type=1400 audit(0.0:32): avc:  granted  { getattr } for  path="/proc/935/net/psched" dev="proc" ino=4026532021 scontext=u:r:network_stack:s0 tcontext=u:object_r:proc_net:s0 tclass=file
05-05 06:26:08.364   602   658 W MagnificationConnectionManager: requestConnection duplicated request: connect=false, mConnectionState=DISCONNECTED
05-05 06:26:08.365   602   602 W Looper  : Drained
05-05 06:26:08.365   602  1641 W system_server: Long monitor contention with owner android.bg (658) at void com.android.server.accessibility.ProxyManager.updateTimeoutsIfNeeded(int, int)(ProxyManager.java:778) waiters=0 in void com.android.server.accessibility.AccessibilityManagerService.onSystemActionsChanged() for 367ms
05-05 06:26:08.367   602  2015 W UserManagerService: Requested status bar icon for non-badged user 0
05-05 06:26:08.382   869   875 I ndroid.systemui: Compiler allocated 5208KB to compile java.lang.Object com.google.android.systemui.dagger.DaggerSysUIGoogleGlobalRootComponent$WMComponentImpl$SwitchingProvider.get1$1()
05-05 06:26:08.393  1518  2542 I ChimeraConfigurator: Detected pending changes for urgent request: [tflite_dynamite]. Pending module sets: container:2423359190800,tflite_dynamite:2521301025100800+tflite_dynamite
05-05 06:26:08.416  1498  2086 I GnpSdk  : (REDACTED) Finished Broadcast execution [%d].
05-05 06:26:08.421   602   659 D CompatChangeReporter: Compat change id reported: 151861875; UID 10185; state: ENABLED
05-05 06:26:08.421   602   659 V GrammaticalInflectionUtils: AttributionSource: AttributionSource { uid = 10185, packageName = null, attributionTag = null, token = android.os.Binder@cd5441f, deviceId = 0, next = null } does not have READ_SYSTEM_GRAMMATICAL_GENDER permission.
05-05 06:26:08.427  1518  1576 I GmscoreIpa: Using regular flags by method 2 [CONTEXT service_id=255 ]
05-05 06:26:08.431  1105  1992 I NetworkScheduler.Stats: Task com.google.android.gms/com.google.android.gms.time.trustedtime.singleuserapi.service.TrustedTimeMaintenanceTaskService finished executing. cause:2 result: 1 elapsed_millis: 604 uptime_millis: 604 exec_start_elapsed_seconds: 31 [CONTEXT service_id=218 ]
05-05 06:26:08.442   397   397 D Zygote  : Forked child process 2556
05-05 06:26:08.443   602   660 I ActivityManager: Start proc 2556:com.google.android.ondevicepersonalization.services/u0a185 for broadcast {com.google.android.ondevicepersonalization.services/com.android.ondevicepersonalization.services.OnDevicePersonalizationBroadcastReceiver}
05-05 06:26:08.443  1362  1784 I MediaProvider: Begin Intent { act=android.intent.action.MEDIA_MOUNTED dat=file:///... flg=0x5000010 cmp=com.google.android.providers.media.module/com.android.providers.media.MediaService (has extras) }
05-05 06:26:08.445  1362  1784 I MediaProvider: Volume MediaVolume name: [external_primary] id: [emulated;0] user: [UserHandle{0}] path: [/storage/emulated/0] externallyManaged: [false] mPublicVolume: [false] already attached
05-05 06:26:08.445  1362  1784 I MediaProvider: End Intent { act=android.intent.action.MEDIA_MOUNTED dat=file:///... flg=0x5000010 cmp=com.google.android.providers.media.module/com.android.providers.media.MediaService (has extras) }
05-05 06:26:08.447   602   658 W MagnificationConnectionManager: requestConnection duplicated request: connect=false, mConnectionState=DISCONNECTED
05-05 06:26:08.452  1378  1778 I SP.AiAi : Scheduling: download registered, 0 started, 0 paused, 5 scheduled, 5 pending: manifests:text-classifier-actions-1140547708 * {W:C:I:l, bg}, manifests:text-classifier-langid-1941001461 * {W:C:I:l, bg}, manifests:spelling_correction-22110320 * {W:C:I:l, bg}, manifests:kg_collections_table-21051103 * {W:C:I:l, bg}, manifests:text-classifier-annotator-272525175 * {W:C:I:l, bg}
05-05 06:26:08.453  1362  1784 I MediaProvider: Begin Intent { act=android.intent.action.MEDIA_MOUNTED dat=file:///... flg=0x5000010 cmp=com.google.android.providers.media.module/com.android.providers.media.MediaService (has extras) }
05-05 06:26:08.454  1362  1368 I FuseDaemon: Background concurrent mark compact GC freed 4649KB AllocSpace bytes, 18(380KB) LOS objects, 49% free, 2928KB/5856KB, paused 601us,132.439ms total 843.324ms
05-05 06:26:08.465  1362  1784 I MediaProvider: Volume MediaVolume name: [external_primary] id: [emulated;0] user: [UserHandle{0}] path: [/storage/emulated/0] externallyManaged: [false] mPublicVolume: [false] already attached
05-05 06:26:08.466  1362  1784 I MediaProvider: End Intent { act=android.intent.action.MEDIA_MOUNTED dat=file:///... flg=0x5000010 cmp=com.google.android.providers.media.module/com.android.providers.media.MediaService (has extras) }
05-05 06:26:08.469  1518  2542 I DynamiteModule: Considering local module com.google.android.gms.cronet_dynamite:0 and remote module com.google.android.gms.cronet_dynamite:3111
05-05 06:26:08.469  1518  2542 I DynamiteModule: Selected remote version of com.google.android.gms.cronet_dynamite, version >= 3111
05-05 06:26:08.469  1362  1784 I MediaProvider: Begin Intent { act=android.intent.action.PACKAGE_DATA_CLEARED dat=package: flg=0x5000010 cmp=com.google.android.providers.media.module/com.android.providers.media.MediaService (has extras) }
05-05 06:26:08.473  1518  2542 W ziparchive: Unable to open '/data/user_de/0/com.google.android.gms/app_chimera/m/00000001/CronetDynamite.uncompressed.dm': No such file or directory
05-05 06:26:08.476  1518  2542 I gle.android.gms: Waiting for a blocking GC ClassLinker
05-05 06:26:08.480  1362  1784 D MediaProvider: Deleted 0 Android/media items belonging to com.nightshade.mobile on /data/user/0/com.google.android.providers.media.module/databases/external.db
05-05 06:26:08.485  1378  1778 I SP.AiAi : Scheduling job with delay of 0s for {W:C:I:l, bg}, 5 candidates
05-05 06:26:08.494  1362  1784 D MediaGrants: Removed 0 media_grants for 0 user for [com.nightshade.mobile, com.nightshade.mobile]. Reason: Package orphaned
05-05 06:26:08.496   602  1641 D CompatChangeReporter: Compat change id reported: 229362273; UID 10143; state: ENABLED
05-05 06:26:08.496   602  1635 D SafetySourceDataValidat: No cert check requested for package com.google.android.healthconnect.controller
05-05 06:26:08.508  1362  1784 I MediaProvider: End Intent { act=android.intent.action.PACKAGE_DATA_CLEARED dat=package: flg=0x5000010 cmp=com.google.android.providers.media.module/com.android.providers.media.MediaService (has extras) }
05-05 06:26:08.513  2556  2556 I zation.services: Using CollectorTypeCMC GC.
05-05 06:26:08.514  2556  2556 W zation.services: Unexpected CPU variant for x86: x86_64.
05-05 06:26:08.514  2556  2556 W zation.services: Known variants: atom, sandybridge, silvermont, goldmont, goldmont-plus, goldmont-without-sha-xsaves, tremont, kabylake, default
05-05 06:26:08.517  2556  2556 E zation.services: Not starting debugger since process cannot load the jdwp agent.
05-05 06:26:08.517  1105  1105 D BoundBrokerSvc: onUnbind: Intent { act=com.google.android.gms.time.trustedtime.singleuserapi.service.TrustedTimeMaintenanceTaskService.ACTION_TASK_READY dat=chimera-action:/... cmp=com.google.android.gms/.chimera.PersistentInternalBoundBrokerService }
05-05 06:26:08.519  2556  2556 D nativeloader: Load libframework-connectivity-tiramisu-jni.so using APEX ns com_android_tethering for caller /apex/com.android.tethering/javalib/framework-connectivity-t.jar: ok
05-05 06:26:08.520  1105  1105 I TrustedTime: TrustedTimeMaintenanceTaskService destroyed [CONTEXT service_id=326 ]
05-05 06:26:08.532   602  1637 D CompatChangeReporter: Compat change id reported: 311208629; UID 10200; state: ENABLED
05-05 06:26:08.566  1105  2363 W ctxmgr  : [UpdateFenceRegistrationOperation] Gesture nano app is not available. [CONTEXT service_id=47 ]
05-05 06:26:08.569  2499  2499 W HWUI    : Unknown dataspace 0
05-05 06:26:08.584  1378  1778 I SP.AiAi : Scheduling: download registered, 0 started, 0 paused, 5 scheduled, 5 pending: manifests:text-classifier-langid-1941001461 * {W:C:I:l, bg}, manifests:spelling_correction-22110320 * {W:C:I:l, bg}, manifests:kg_collections_table-21051103 * {W:C:I:l, bg}, manifests:text-classifier-annotator-272525175 * {W:C:I:l, bg}, manifests:text-classifier-actions-1140547708 * {W:C:I:l, bg}
05-05 06:26:08.590   602  1637 I AppWidgetServiceImpl: getInstalledProvidersForProfiles() 0
05-05 06:26:08.591  2556  2556 D nativeloader: Configuring clns-shared-7 for other apk /apex/com.android.ondevicepersonalization/priv-app/OnDevicePersonalizationGoogle@350820260/OnDevicePersonalizationGoogle.apk. target_sdk_version=35, uses_libraries=, library_path=/apex/com.android.ondevicepersonalization/priv-app/OnDevicePersonalizationGoogle@350820260/lib/x86_64:/system/lib64:/system_ext/lib64, permitted_path=/data:/mnt/expand:/data/user/0/com.google.android.ondevicepersonalization.services:/apex/com.android.ondevicepersonalization/priv-app/OnDevicePersonalizationGoogle@350820260:/system/lib64:/system_ext/lib64
05-05 06:26:08.594  2556  2556 D nativeloader: InitApexLibraries:
05-05 06:26:08.594  2556  2556 D nativeloader:   com_android_adservices: libhpke_jni.so:libtflite_support_classifiers_native.so
05-05 06:26:08.594  2556  2556 D nativeloader:   com_android_appsearch: libicing.so
05-05 06:26:08.594  2556  2556 D nativeloader:   com_android_art: libartservice.so
05-05 06:26:08.594  2556  2556 D nativeloader:   com_android_btservices: libbluetooth_jni.so
05-05 06:26:08.594  2556  2556 D nativeloader:   com_android_conscrypt: libjavacrypto.so
05-05 06:26:08.594  2556  2556 D nativeloader:   com_android_mediaprovider: libpdfclient.so
05-05 06:26:08.594  2556  2556 D nativeloader:   com_android_nfcservices: libnfc_nci_jni.so
05-05 06:26:08.594  2556  2556 D nativeloader:   com_android_ondevicepersonalization: libfcp_cpp_dep_jni.so:libfcp_hpke_jni.so
05-05 06:26:08.594  2556  2556 D nativeloader:   com_android_os_statsd: libstats_jni.so
05-05 06:26:08.594  2556  2556 D nativeloader:   com_android_tethering: libandroid_net_connectivity_com_android_net_module_util_jni.so:libcrypto.so:libframework-connectivity-jni.so:libframework-connectivity-tiramisu-jni.so:libmainlinecronet.121.0.6167.71.so:libservice-connectivity.so:libservice-thread-jni.so:libssl.so
05-05 06:26:08.594  2556  2556 D nativeloader:   com_android_uwb: libuwb_uci_jni_rust.so
05-05 06:26:08.594  2556  2556 D nativeloader:   com_android_virt: libvirtualizationservice_jni.so:libvirtualmachine_jni.so
05-05 06:26:08.595  1518  1524 I gle.android.gms: Background concurrent mark compact GC freed 4850KB AllocSpace bytes, 50(1896KB) LOS objects, 49% free, 9616KB/18MB, paused 8.382ms,18.434ms total 312.318ms
05-05 06:26:08.600  1518  2542 I gle.android.gms: WaitForGcToComplete blocked ClassLinker on Background for 123.998ms
05-05 06:26:08.603  1518  1527 W gle.android.gms: ApkAssets: Deleting an ApkAssets object '<empty> and /data/app/~~aC2jdAvhHDQuN7wn-orO9Q==/com.nightshade.mobile-0jBmC2chKvlTAFNFJPy7TQ==/base.apk' with 1 weak references
05-05 06:26:08.605  2556  2556 D CompatChangeReporter: Compat change id reported: 202956589; UID 10185; state: ENABLED
05-05 06:26:08.613  1378  1778 I SP.AiAi : Scheduling job with delay of 0s for {W:C:I:l, bg}, 5 candidates
05-05 06:26:08.615   602   700 I AppWidgetServiceImpl: notifyProviderInheritance() 0
05-05 06:26:08.627  2499  2499 I flutter : [Catalog] initialized with directory: /data/user/0/com.nightshade.mobile/app_flutter
05-05 06:26:08.627  2499  2499 I flutter : [NetworkService] Initializing...
05-05 06:26:08.628  2499  2499 D FlutterGeolocator: Creating service.
05-05 06:26:08.628  2499  2499 D FlutterGeolocator: Binding to location service.
05-05 06:26:08.628  2556  2556 V GraphicsEnvironment: Currently set values for:
05-05 06:26:08.628  2556  2556 V GraphicsEnvironment:   angle_gl_driver_selection_pkgs=[]
05-05 06:26:08.628  2556  2556 V GraphicsEnvironment:   angle_gl_driver_selection_values=[]
05-05 06:26:08.632  2556  2556 V GraphicsEnvironment: Global.Settings values are invalid: number of packages: 0, number of values: 0
05-05 06:26:08.632  2556  2556 V GraphicsEnvironment: Neither updatable production driver nor prerelease driver is supported.
05-05 06:26:08.634  1329  1377 I WM-WorkerWrapper: Worker result SUCCESS for Work [ id=b2c9f9ab-b23c-4093-83c3-207433390d35, tags={ com.google.apps.tiktok.contrib.work.TikTokListenableWorker,TikTokWorker#com.google.android.apps.wellbeing.autodnd.SettingsInjectionWorker } ]
05-05 06:26:08.637  1378  1874 I AiAiTextClassifier: [VisualCortexAdapter]: provideRegistration: Registered Prominent Screen Entities for updates.
05-05 06:26:08.638  2499  2499 I WindowExtensionsImpl: Initializing Window Extensions, vendor API level=6, activity embedding enabled=true
05-05 06:26:08.644  1378  1874 I AiAiTextClassifier: [VisualCortexAdapter]: provideRegistration: Registered Prominent Screen Entities for updates.
05-05 06:26:08.647  1378  1874 I AiAiTextClassifier: [VisualCortexAdapter]: provideRegistration: Registered Prominent Screen Entities for updates.
