--------- beginning of main
05-05 06:26:07.209  1378  2059 I AiAiEcho: AppIndexer Package:[com.nightshade.mobile] UserProfile:[0] Enabled:[true].
05-05 06:26:07.210  1378  2059 I AiAiEcho: AppFetcherImplV2 updateApps package:[com.nightshade.mobile], userId:[0], reason:[package is updated.].
05-05 06:26:07.210  1192  1192 I SafetyLabelChangedBroadcastReceiver: received broadcast packageName: com.nightshade.mobile, current user: UserHandle{0}, packageChangeEvent: UPDATE, intent user: UserHandle{0}
05-05 06:26:07.212  1378  1778 I SP.AiAi : Sync for captions_i18n_v0_mandatory succeeded in 1605 ms: no changes
05-05 06:26:07.212  1378  1778 I SP.AiAi : Sync for captions_i18n_v0_en-US succeeded in 1605 ms: no changes
05-05 06:26:07.213  1378  1778 I SP.AiAi : GC for 'captions_i18n_v0_mandatory' (10) with ttl of 0 ms took 0 ms (0/0/0)
05-05 06:26:07.213  1378  1778 I SP.AiAi : GC for 'captions_i18n_v0_en-US' (10) with ttl of 0 ms took 0 ms (0/0/0)
05-05 06:26:07.213  1378  2356 I AiAiCaptions: downloadSuperpack(): Successfully downloaded superpack 'captions_i18n_v0_mandatory' version 20240604.
05-05 06:26:07.214  1378  2446 I AiAiCaptions: downloadSuperpack(): Successfully downloaded superpack 'captions_i18n_v0_en-US' version 20240604.
05-05 06:26:07.260  1305  1311 I putmethod.latin: Background concurrent mark compact GC freed 21MB AllocSpace bytes, 63(1748KB) LOS objects, 49% free, 9990KB/19MB, paused 8.598ms,7.163ms total 371.625ms
05-05 06:26:07.266  1023  2124 V MmsProvider: inside checkQueryParametersForSubqueries
05-05 06:26:07.267  1023  2124 V MmsProvider: checkQueryParametersForSubqueries checking proj: address
05-05 06:26:07.269  1362  1362 W MediaProvider: WorkProfileOwnerApps cache is empty
05-05 06:26:07.270  1023  2124 V MmsProvider: checkQueryParametersForSubqueries checking proj: date
05-05 06:26:07.270  1023  2124 V MmsProvider: checkQueryParametersForSubqueries checking proj: type
05-05 06:26:07.270  1023  2124 V MmsProvider: checkQueryParametersForSubqueries checking proj: body
05-05 06:26:07.271  1023  2124 V MmsProvider: checkQueryParametersForSubqueries checking sel: date > ? AND (type == ? OR type == ?)
05-05 06:26:07.271  1362  1362 D PickerSyncLockManager: Trying to acquire lock com.android.providers.media.photopicker.sync.CloseableReentrantLock@7ff70c3[Unlocked]. Lock Name = CLOUD_PROVIDER_LOCK. Threads that may be waiting to acquire this lock = []
05-05 06:26:07.272  1362  1362 D CloseableReentrantLock: Successfully acquired lock com.android.providers.media.photopicker.sync.CloseableReentrantLock@7ff70c3[Locked by thread main]. Lock Name = CLOUD_PROVIDER_LOCK. Threads that may be waiting to acquire this lock = []
05-05 06:26:07.272  1362  1362 D CloseableReentrantLock: Successfully released lock com.android.providers.media.photopicker.sync.CloseableReentrantLock@7ff70c3[Unlocked]. Lock Name = CLOUD_PROVIDER_LOCK. Threads that may be waiting to acquire this lock = []
05-05 06:26:07.274  1023  2124 V MmsProvider: checkQueryParametersForSubqueries checking sort: date DESC
05-05 06:26:07.282  1244  1244 I OverviewComponentObserver: updateOverviewTargets: mIsHomeDisabled=false, isDefaultHomeNull=false, mIsDefaultHome=true
05-05 06:26:07.286  1305  1313 W SP      : File ref is being finalized but wasn't closed, file: transformer_latin_tflite_20231010_zip[12]
05-05 06:26:07.286  1305  1313 W SP      : File ref is being finalized but wasn't closed, file: scribe_latin_20231123_tflite_zip[12]
05-05 06:26:07.286  1305  1313 W SP      : File ref is being finalized but wasn't closed, file: qrnn_en_us_reco_20231010_fst_20230613_recospec_zip[12]
05-05 06:26:07.287  1023  1023 D CarrierSvcBindHelper: onPackageUpdateFinished: com.nightshade.mobile
05-05 06:26:07.287  1244  1244 I OverviewComponentObserver: updateOverviewTargets: mIsHomeDisabled=false, isDefaultHomeNull=false, mIsDefaultHome=true
05-05 06:26:07.288  1244  1244 I OverviewComponentObserver: updateOverviewTargets: mIsHomeDisabled=false, isDefaultHomeNull=false, mIsDefaultHome=true
05-05 06:26:07.289  1244  1244 I OverviewComponentObserver: updateOverviewTargets: mIsHomeDisabled=false, isDefaultHomeNull=false, mIsDefaultHome=true
05-05 06:26:07.289  1498  1498 I GeofenceRecovery: #onReceive GeofenceRecoveryReceiver
05-05 06:26:07.291  1390  1390 I GsaVoiceInteractionSrv: (REDACTED) O received %s
05-05 06:26:07.292  1023  1023 D CarrierSvcBindHelper: No carrier app for: 0
05-05 06:26:07.292  1023  1023 D CarrierSvcBindHelper: onPackageModified: com.nightshade.mobile
05-05 06:26:07.292  1023  1023 D CarrierSvcBindHelper: No carrier app for: 0
05-05 06:26:07.294  1244  1244 I OverviewComponentObserver: updateOverviewTargets: mIsHomeDisabled=false, isDefaultHomeNull=false, mIsDefaultHome=true
05-05 06:26:07.295  1244  1244 I OverviewComponentObserver: updateOverviewTargets: mIsHomeDisabled=false, isDefaultHomeNull=false, mIsDefaultHome=true
05-05 06:26:07.297  1244  1244 I OverviewComponentObserver: updateOverviewTargets: mIsHomeDisabled=false, isDefaultHomeNull=false, mIsDefaultHome=true
05-05 06:26:07.298  1244  1244 I OverviewComponentObserver: updateOverviewTargets: mIsHomeDisabled=false, isDefaultHomeNull=false, mIsDefaultHome=true
--------- beginning of system
05-05 06:26:07.299   205   217 I keystore2: system/security/keystore2/watchdog/src/lib.rs:319 - Watchdog thread idle -> terminating. Have a great day.
05-05 06:26:07.299  1305  1313 W SP      : File ref is being finalized but wasn't closed, file: transformer_latin_conf_tflite_20231010_zip[12]
05-05 06:26:07.300  1305  1313 W SP      : File ref is being finalized but wasn't closed, file: pack_mapping_v1_lstm_20231127[8]
05-05 06:26:07.301  1305  1313 W SP      : File ref is being finalized but wasn't closed, file: transformer_latin_seg_tflite_20231010_zip[12]
05-05 06:26:07.301  1305  1313 W SP      : File ref is being finalized but wasn't closed, file: scribe_latin_20231123_recospec_zip[12]
05-05 06:26:07.301  1305  1313 W SP      : File ref is being finalized but wasn't closed, file: en_us_20230613_compact_fst_zip[12]
05-05 06:26:07.301  1305  1313 W SP      : File ref is being finalized but wasn't closed, file: transformer_latin_tflite_20231010_zip[12]
05-05 06:26:07.301  1305  1313 W SP      : File ref is being finalized but wasn't closed, file: scribe_latin_20231123_tflite_zip[12]
05-05 06:26:07.301  1305  1313 W SP      : File ref is being finalized but wasn't closed, file: qrnn_en_us_reco_20231010_fst_20230613_recospec_zip[12]
05-05 06:26:07.301  1305  1313 W SP      : File ref is being finalized but wasn't closed, file: transformer_latin_conf_tflite_20231010_zip[12]
05-05 06:26:07.301  1305  1313 W SP      : File ref is being finalized but wasn't closed, file: pack_mapping_v1_lstm_20231127[8]
05-05 06:26:07.301  1305  1313 W SP      : File ref is being finalized but wasn't closed, file: transformer_latin_seg_tflite_20231010_zip[12]
05-05 06:26:07.301  1305  1313 W SP      : File ref is being finalized but wasn't closed, file: scribe_latin_20231123_recospec_zip[12]
05-05 06:26:07.302  1305  1313 W SP      : File ref is being finalized but wasn't closed, file: en_us_20230613_compact_fst_zip[12]
05-05 06:26:07.302  1305  1313 W SP      : File ref is being finalized but wasn't closed, file: transformer_latin_tflite_20231010_zip[12]
05-05 06:26:07.302  1305  1313 W SP      : File ref is being finalized but wasn't closed, file: scribe_latin_20231123_tflite_zip[12]
05-05 06:26:07.302  1305  1313 W SP      : File ref is being finalized but wasn't closed, file: qrnn_en_us_reco_20231010_fst_20230613_recospec_zip[12]
05-05 06:26:07.302  1305  1313 W SP      : File ref is being finalized but wasn't closed, file: transformer_latin_conf_tflite_20231010_zip[12]
05-05 06:26:07.302  1305  1313 W SP      : File ref is being finalized but wasn't closed, file: pack_mapping_v1_lstm_20231127[8]
05-05 06:26:07.303  1305  1313 W SP      : File ref is being finalized but wasn't closed, file: transformer_latin_seg_tflite_20231010_zip[12]
05-05 06:26:07.305  1305  1313 W SP      : File ref is being finalized but wasn't closed, file: scribe_latin_20231123_recospec_zip[12]
05-05 06:26:07.305  1305  1313 W SP      : File ref is being finalized but wasn't closed, file: en_us_20230613_compact_fst_zip[12]
05-05 06:26:07.305  1305  1313 W SP      : File ref is being finalized but wasn't closed, file: scribe_latin_20231123_recospec_zip[12]
05-05 06:26:07.305  1305  1313 W SP      : File ref is being finalized but wasn't closed, file: scribe_latin_20231123_tflite_zip[12]
05-05 06:26:07.305  1305  1313 W SP      : File ref is being finalized but wasn't closed, file: qrnn_en_us_reco_20231010_fst_20230613_recospec_zip[12]
05-05 06:26:07.306  1305  1313 W SP      : File ref is being finalized but wasn't closed, file: transformer_latin_tflite_20231010_zip[12]
05-05 06:26:07.306  1305  1313 W SP      : File ref is being finalized but wasn't closed, file: scribe_latin_20231123_tflite_zip[12]
05-05 06:26:07.306  1305  1313 W SP      : File ref is being finalized but wasn't closed, file: qrnn_en_us_reco_20231010_fst_20230613_recospec_zip[12]
05-05 06:26:07.306  1305  1313 W SP      : File ref is being finalized but wasn't closed, file: transformer_latin_conf_tflite_20231010_zip[12]
05-05 06:26:07.306  1305  1313 W SP      : File ref is being finalized but wasn't closed, file: pack_mapping_v1_lstm_20231127[8]
05-05 06:26:07.306  1305  1313 W SP      : File ref is being finalized but wasn't closed, file: transformer_latin_seg_tflite_20231010_zip[12]
05-05 06:26:07.306  1305  1313 W SP      : File ref is being finalized but wasn't closed, file: scribe_latin_20231123_recospec_zip[12]
05-05 06:26:07.306  1305  1313 W SP      : File ref is being finalized but wasn't closed, file: en_us_20230613_compact_fst_zip[12]
05-05 06:26:07.307  1305  1313 W SP      : File ref is being finalized but wasn't closed, file: scribe_latin_20231123_recospec_zip[12]
05-05 06:26:07.307   869   869 D ControlsListingControllerImpl: ServiceConfig reloaded, count: 0
05-05 06:26:07.307  1305  1313 W SP      : File ref is being finalized but wasn't closed, file: scribe_latin_20231123_tflite_zip[12]
05-05 06:26:07.308  1305  1313 W SP      : File ref is being finalized but wasn't closed, file: qrnn_en_us_reco_20231010_fst_20230613_recospec_zip[12]
05-05 06:26:07.308  1305  1313 W SP      : File ref is being finalized but wasn't closed, file: transformer_latin_conf_tflite_20231010_zip[12]
05-05 06:26:07.308  1305  1313 W SP      : File ref is being finalized but wasn't closed, file: transformer_latin_seg_tflite_20231010_zip[12]
05-05 06:26:07.308  1305  1313 W SP      : File ref is being finalized but wasn't closed, file: transformer_latin_tflite_20231010_zip[12]
05-05 06:26:07.308  1305  1313 W SP      : File ref is being finalized but wasn't closed, file: en_us_20230613_compact_fst_zip[12]
05-05 06:26:07.308  1305  1313 W SP      : File ref is being finalized but wasn't closed, file: transformer_latin_conf_tflite_20231010_zip[12]
05-05 06:26:07.308  1305  1313 W SP      : File ref is being finalized but wasn't closed, file: transformer_latin_seg_tflite_20231010_zip[12]
05-05 06:26:07.308  1305  1313 W SP      : File ref is being finalized but wasn't closed, file: transformer_latin_tflite_20231010_zip[12]
05-05 06:26:07.308  1305  1313 W SP      : File ref is being finalized but wasn't closed, file: en_us_20230613_compact_fst_zip[12]
05-05 06:26:07.309  1305  1313 W SP      : File ref is being finalized but wasn't closed, file: transformer_latin_tflite_20231010_zip[12]
05-05 06:26:07.311  1305  1313 W SP      : File ref is being finalized but wasn't closed, file: scribe_latin_20231123_tflite_zip[12]
05-05 06:26:07.311  1305  1313 W SP      : File ref is being finalized but wasn't closed, file: qrnn_en_us_reco_20231010_fst_20230613_recospec_zip[12]
05-05 06:26:07.311  1305  1313 W SP      : File ref is being finalized but wasn't closed, file: transformer_latin_conf_tflite_20231010_zip[12]
05-05 06:26:07.311  1305  1313 W SP      : File ref is being finalized but wasn't closed, file: pack_mapping_v1_lstm_20231127[8]
05-05 06:26:07.311  1305  1313 W SP      : File ref is being finalized but wasn't closed, file: transformer_latin_seg_tflite_20231010_zip[12]
05-05 06:26:07.312  1305  1313 W SP      : File ref is being finalized but wasn't closed, file: scribe_latin_20231123_recospec_zip[12]
05-05 06:26:07.312  1305  1313 W SP      : File ref is being finalized but wasn't closed, file: en_us_20230613_compact_fst_zip[12]
05-05 06:26:07.312  1305  1313 W SP      : File ref is being finalized but wasn't closed, file: transformer_latin_tflite_20231010_zip[12]
05-05 06:26:07.312  1305  1313 W SP      : File ref is being finalized but wasn't closed, file: scribe_latin_20231123_tflite_zip[12]
05-05 06:26:07.312  1305  1313 W SP      : File ref is being finalized but wasn't closed, file: qrnn_en_us_reco_20231010_fst_20230613_recospec_zip[12]
05-05 06:26:07.316  1244  1244 D StatsLog: LAUNCHER_ALLAPPS_COUNT
05-05 06:26:07.319  1305  1313 W SP      : File ref is being finalized but wasn't closed, file: transformer_latin_conf_tflite_20231010_zip[12]
05-05 06:26:07.321  1305  1313 W SP      : File ref is being finalized but wasn't closed, file: pack_mapping_v1_lstm_20231127[8]
05-05 06:26:07.323  1305  1313 W SP      : File ref is being finalized but wasn't closed, file: transformer_latin_seg_tflite_20231010_zip[12]
05-05 06:26:07.323  1305  1313 W SP      : File ref is being finalized but wasn't closed, file: scribe_latin_20231123_recospec_zip[12]
05-05 06:26:07.323  1305  1313 W SP      : File ref is being finalized but wasn't closed, file: en_us_20230613_compact_fst_zip[12]
05-05 06:26:07.327   869   869 D ControlsListingControllerImpl: ServiceConfig reloaded, count: 0
05-05 06:26:07.324  1305  1313 W SP      : File ref is being finalized but wasn't closed, file: scribe_latin_20231123_recospec_zip[12]
05-05 06:26:07.328  1305  1313 W SP      : File ref is being finalized but wasn't closed, file: scribe_latin_20231123_tflite_zip[12]
05-05 06:26:07.328  1305  1313 W SP      : File ref is being finalized but wasn't closed, file: qrnn_en_us_reco_20231010_fst_20230613_recospec_zip[12]
05-05 06:26:07.328  1305  1313 W SP      : File ref is being finalized but wasn't closed, file: transformer_latin_conf_tflite_20231010_zip[12]
05-05 06:26:07.328  1305  1313 W SP      : File ref is being finalized but wasn't closed, file: transformer_latin_seg_tflite_20231010_zip[12]
05-05 06:26:07.328  1305  1313 W SP      : File ref is being finalized but wasn't closed, file: transformer_latin_tflite_20231010_zip[12]
05-05 06:26:07.328  1305  1313 W SP      : File ref is being finalized but wasn't closed, file: en_us_20230613_compact_fst_zip[12]
05-05 06:26:07.330  1305  1313 W SP      : File ref is being finalized but wasn't closed, file: transformer_latin_tflite_20231010_zip[12]
05-05 06:26:07.330  1329  1433 W FenceManagerImpl: <DWB> Register all active fences - Successfully registered 4.
05-05 06:26:07.331  1305  1313 W SP      : File ref is being finalized but wasn't closed, file: scribe_latin_20231123_tflite_zip[12]
05-05 06:26:07.331  1305  1313 W SP      : File ref is being finalized but wasn't closed, file: qrnn_en_us_reco_20231010_fst_20230613_recospec_zip[12]
05-05 06:26:07.331  1305  1313 W SP      : File ref is being finalized but wasn't closed, file: transformer_latin_conf_tflite_20231010_zip[12]
05-05 06:26:07.332  1305  1313 W SP      : File ref is being finalized but wasn't closed, file: pack_mapping_v1_lstm_20231127[8]
05-05 06:26:07.332  1305  1313 W SP      : File ref is being finalized but wasn't closed, file: transformer_latin_seg_tflite_20231010_zip[12]
05-05 06:26:07.332  1305  1313 W SP      : File ref is being finalized but wasn't closed, file: scribe_latin_20231123_recospec_zip[12]
05-05 06:26:07.332  1105  1179 I AlarmManager: setExactAndAllowWhileIdle [name: GCM_HB_ALARM type: 2 triggerAtMillis: 590640]
05-05 06:26:07.332  1305  1313 W SP      : File ref is being finalized but wasn't closed, file: en_us_20230613_compact_fst_zip[12]
05-05 06:26:07.332  1305  1313 W SP      : File ref is being finalized but wasn't closed, file: transformer_latin_tflite_20231010_zip[12]
05-05 06:26:07.332  1305  1313 W SP      : File ref is being finalized but wasn't closed, file: scribe_latin_20231123_tflite_zip[12]
05-05 06:26:07.333  1305  1313 W SP      : File ref is being finalized but wasn't closed, file: qrnn_en_us_reco_20231010_fst_20230613_recospec_zip[12]
05-05 06:26:07.333  1305  1313 W SP      : File ref is being finalized but wasn't closed, file: transformer_latin_conf_tflite_20231010_zip[12]
05-05 06:26:07.333  1305  1313 W SP      : File ref is being finalized but wasn't closed, file: pack_mapping_v1_lstm_20231127[8]
05-05 06:26:07.333  1305  1313 W SP      : File ref is being finalized but wasn't closed, file: transformer_latin_seg_tflite_20231010_zip[12]
05-05 06:26:07.333  1305  1313 W SP      : File ref is being finalized but wasn't closed, file: scribe_latin_20231123_recospec_zip[12]
05-05 06:26:07.333  1305  1313 W SP      : File ref is being finalized but wasn't closed, file: en_us_20230613_compact_fst_zip[12]
05-05 06:26:07.333  1305  1313 W SP      : File ref is being finalized but wasn't closed, file: scribe_latin_20231123_recospec_zip[12]
05-05 06:26:07.333  1305  1313 W SP      : File ref is being finalized but wasn't closed, file: scribe_latin_20231123_tflite_zip[12]
05-05 06:26:07.333  1305  1313 W SP      : File ref is being finalized but wasn't closed, file: qrnn_en_us_reco_20231010_fst_20230613_recospec_zip[12]
05-05 06:26:07.333  1305  1313 W SP      : File ref is being finalized but wasn't closed, file: transformer_latin_conf_tflite_20231010_zip[12]
05-05 06:26:07.333  1305  1313 W SP      : File ref is being finalized but wasn't closed, file: transformer_latin_seg_tflite_20231010_zip[12]
05-05 06:26:07.333  1305  1313 W SP      : File ref is being finalized but wasn't closed, file: transformer_latin_tflite_20231010_zip[12]
05-05 06:26:07.334  1305  1313 W SP      : File ref is being finalized but wasn't closed, file: en_us_20230613_compact_fst_zip[12]
05-05 06:26:07.339   869   869 D ControlsListingControllerImpl: ServiceConfig reloaded, count: 0
05-05 06:26:07.346   869   869 D TileServices: Couldn't find tile for ComponentInfo{com.google.android.apps.wellbeing/com.google.android.apps.wellbeing.screen.ui.GrayscaleTileService}(0)
05-05 06:26:07.349  1023  2124 V MmsProvider: accessRestricted=true
05-05 06:26:07.349  1023  2124 V MmsProvider: inside checkQueryParametersForSubqueries
05-05 06:26:07.349  1023  2124 V MmsProvider: checkQueryParametersForSubqueries checking proj: date
05-05 06:26:07.349  1023  2124 V MmsProvider: checkQueryParametersForSubqueries checking proj: _id
05-05 06:26:07.349  1023  2124 V MmsProvider: checkQueryParametersForSubqueries checking proj: msg_box
05-05 06:26:07.350  1023  2124 V MmsProvider: checkQueryParametersForSubqueries checking sel: date > ? AND (msg_box == ? OR msg_box == ?)
05-05 06:26:07.350  1023  2124 V MmsProvider: checkQueryParametersForSubqueries checking sort: date DESC
05-05 06:26:07.361  1378  1656 I AiAiPeople: Pecan Pipeline (re)Initialized with 4 Labelers Loaded.
05-05 06:26:07.365  2425  2425 D nativeloader: InitLlndkLibrariesProduct: libEGL.so:libGLESv1_CM.so:libGLESv2.so:libGLESv3.so:libRS.so:libandroid_net.so:libapexsupport.so:libbinder_ndk.so:libc.so:libcgrouprc.so:libclang_rt.asan-x86_64-android.so:libcom.android.tethering.connectivity_native.so:libdl.so:libft2.so:liblog.so:libm.so:libmediandk.so:libnativewindow.so:libneuralnetworks.so:libselinux.so:libsync.so:libvendorsupport.so:libvndksupport.so:libvulkan.so
05-05 06:26:07.365  2425  2425 D nativeloader: Configuring product-clns-7 for unbundled product apk /product/priv-app/ConfigUpdater/ConfigUpdater.apk. target_sdk_version=30, uses_libraries=, library_path=/product/priv-app/ConfigUpdater/lib/x86_64:/product/lib64:/system/product/lib64, permitted_path=/data:/mnt/expand:/data/user/0/com.google.android.configupdater:/product/lib64:/system/product/lib64
05-05 06:26:07.367  2425  2425 D nativeloader: InitVndkspLibrariesProduct: VNDK is deprecated with product
05-05 06:26:07.368  1105  2363 D nativeloader: Load /product/priv-app/PrebuiltGmsCore/PrebuiltGmsCore.apk!/lib/x86_64/libsemanticlocation_inference_jni.so using ns product-clns-9 from class loader (caller=/product/priv-app/PrebuiltGmsCore/PrebuiltGmsCore.apk!classes3.dex): ok
05-05 06:26:07.368  1378  1656 I AiAiStatsd: No op: the most recent atoms from the date 2026-05-04 have been uploaded.
05-05 06:26:07.382  1378  1656 I AiAiStatsd: Successfully logged feature enablement for ECHO_ALL_APPS.
05-05 06:26:07.385  1244  1510 D EGL_emulation: app_time_stats: avg=17.29ms min=3.10ms max=389.60ms count=44
05-05 06:26:07.398  2425  2425 V GraphicsEnvironment: Currently set values for:
05-05 06:26:07.399  2425  2425 V GraphicsEnvironment:   angle_gl_driver_selection_pkgs=[]
05-05 06:26:07.399  2425  2425 V GraphicsEnvironment:   angle_gl_driver_selection_values=[]
05-05 06:26:07.399  2425  2425 V GraphicsEnvironment: Global.Settings values are invalid: number of packages: 0, number of values: 0
05-05 06:26:07.399  2425  2425 V GraphicsEnvironment: Neither updatable production driver nor prerelease driver is supported.
05-05 06:26:07.408   602   980 D PackageManager: Instant App installer not found with android.intent.action.INSTALL_INSTANT_APP_PACKAGE
05-05 06:26:07.408   602   980 D PackageManager: Clear ephemeral installer activity
05-05 06:26:07.417  1378  1656 I AiAiStatsd: Successfully logged feature enablement for HYBRID_HOTSEAT.
05-05 06:26:07.430  1390  1644 I BistoIntentUtil: (REDACTED) isGrpcDeviceIntent: %s
05-05 06:26:07.432   602   980 I ActivityManager: Force stopping com.nightshade.mobile appid=10209 user=0: clear data
05-05 06:26:07.434  1023  1023 E SmsApplication: com.google.android.apps.messaging lost android:read_cell_broadcasts:  (fixing)
05-05 06:26:07.435   602  2353 W AppOpService: Ignored setUidMode call for runtime permission app op: uid = 10136, code = READ_CELL_BROADCASTS, mode = allow, callingUid = 1001, oldMode = allow
05-05 06:26:07.437  1305  1565 I SP      : Sync for handwriting_recognition succeeded in 516 ms: no changes
05-05 06:26:07.437  1305  1565 I SP      : GC for 'handwriting_recognition' (10) with ttl of 0 ms took 0 ms (0/0/0)
05-05 06:26:07.440  1305  1733 I HandwritingOnlineSuperpacks: HandwritingOnlineSuperpacks.lambda$syncInternal$1():204 syncInternal(): syncing packs
05-05 06:26:07.442   602   700 D ShortcutService: Getting shortcuts for launcher= com.google.android.asuser=0 pkg=null
05-05 06:26:07.443  1305  1731 I HandwritingOnlineSuperpacks: HandwritingOnlineSuperpacks$3.onSyncSuccess():252 syncInternal(): complete {old=[en_us_20230613_compact_fst_zip, pack_mapping_v1_lstm_20231127, qrnn_en_us_reco_20231010_fst_20230613_recospec_zip, scribe_latin_20231123_recospec_zip, scribe_latin_20231123_tflite_zip, transformer_latin_conf_tflite_20231010_zip, transformer_latin_seg_tflite_20231010_zip, transformer_latin_tflite_20231010_zip], new=[en_us_20230613_compact_fst_zip, pack_mapping_v1_lstm_20231127, qrnn_en_us_reco_20231010_fst_20230613_recospec_zip, scribe_latin_20231123_recospec_zip, scribe_latin_20231123_tflite_zip, transformer_latin_conf_tflite_20231010_zip, transformer_latin_seg_tflite_20231010_zip, transformer_latin_tflite_20231010_zip], metadata=false, last batch=true}
05-05 06:26:07.448  1305  1751 E HandwritingSuperpacksUtil: HandwritingSuperpacksUtil.getPackMappingPackName():40 No pack mapping pack found in []
05-05 06:26:07.449  1305  1751 I HandwritingSuperpacks: HandwritingSuperpacks.lambda$reloadCache$0():237 updatePackMappingsCache(): pack mapping pack unavailable [OFFLINE]
05-05 06:26:07.449   602  1475 E TaskPersister: File error accessing recents directory (directory doesn't exist?).
05-05 06:26:07.452   602   659 D CompatChangeReporter: Compat change id reported: 151861875; UID 10186; state: ENABLED
05-05 06:26:07.452   602   659 V GrammaticalInflectionUtils: AttributionSource: AttributionSource { uid = 10186, packageName = null, attributionTag = null, token = android.os.Binder@cd5441f, deviceId = 0, next = null } does not have READ_SYSTEM_GRAMMATICAL_GENDER permission.
05-05 06:26:07.463   397   397 D Zygote  : Forked child process 2461
05-05 06:26:07.467   602   660 I ActivityManager: Start proc 2461:com.google.android.federatedcompute/u0a186 for broadcast {com.google.android.federatedcompute/com.android.federatedcompute.services.FederatedComputeBroadcastReceiver}
05-05 06:26:07.487  1518  1667 I Icing   : IndexChimeraService.getServiceInterface callingPackage=com.google.android.gms componentName=null serviceId=30
05-05 06:26:07.488  1378  1650 I LPRequestState: [ManagerRequests] #resolveUnusedLanguagePacks
05-05 06:26:07.488  1378  1650 I LPRequestState: [ManagerRequests] #resolveDesiredLanguagePacks
05-05 06:26:07.489  1378  1650 I DefaultLPManager: #calculateRolledBackPacks
05-05 06:26:07.489  1378  1650 I LanguagePackMaintenance: Background deleting 0 stale packs: 
05-05 06:26:07.490  1378  1650 I LanguagePackMaintenance: Background LanguagePack updates finished successfully
05-05 06:26:07.495  1378  1650 I FakeAppFlowTransport: (TEST) Generic AppFlow event: # aawe@1b8c83e3
05-05 06:26:07.500   869   910 W Looper  : Slow dispatch took 52ms wmshell.main h=android.os.Handler c=null m=17
05-05 06:26:07.505   602  2430 E RoleControllerServiceImpl: Default/fallback role holder package doesn't qualify for the role, package: com.google.android.gms, role: android.app.role.WALLET
05-05 06:26:07.510  1023  1023 E CellBroadcastUtils: getDefaultCellBroadcastReceiverPackageName: no package found
05-05 06:26:07.510   602  2353 W AppOpService: Ignored setUidMode call for runtime permission app op: uid = 1001, code = READ_SMS, mode = allow, callingUid = 1001, oldMode = allow
05-05 06:26:07.512   602  1635 W AppOpService: Ignored setUidMode call for runtime permission app op: uid = 1001, code = RECEIVE_SMS, mode = allow, callingUid = 1001, oldMode = allow
05-05 06:26:07.514   602  2015 W AppOpService: Ignored setUidMode call for runtime permission app op: uid = 1001, code = RECEIVE_WAP_PUSH, mode = allow, callingUid = 1001, oldMode = allow
05-05 06:26:07.515   602  2015 W AppOpService: Ignored setUidMode call for runtime permission app op: uid = 1001, code = SEND_SMS, mode = allow, callingUid = 1001, oldMode = allow
05-05 06:26:07.516   602  2353 W AppOpService: Ignored setUidMode call for runtime permission app op: uid = 1001, code = READ_CELL_BROADCASTS, mode = allow, callingUid = 1001, oldMode = allow
05-05 06:26:07.523  1498  1682 I Ma-fcf-RobinAvailabilityChecker: User not OptedIn. Skipping Eligibility Checks.
05-05 06:26:07.532  1498  1686 W A       : Couldn't calculate ClientInstanceId, no account name
05-05 06:26:07.533  1105  2405 I ProximityAuth: [RecentAppsMediator] Package added: (user=UserHandle{0}) com.nightshade.mobile
05-05 06:26:07.535  1105  1179 W SemanticLocation: [MDD] ModelBundleMetadata: File not found: java.io.FileNotFoundException: /data/user/0/com.google.android.gms/files/model_bundle_metadata.pb: open failed: ENOENT (No such file or directory) [CONTEXT service_id=173 ]
05-05 06:26:07.535  1105  1179 W SemanticLocation: java.io.FileNotFoundException: /data/user/0/com.google.android.gms/files/model_bundle_metadata.pb: open failed: ENOENT (No such file or directory)
05-05 06:26:07.535  1105  1179 W SemanticLocation: 	at libcore.io.IoBridge.open(IoBridge.java:574)
05-05 06:26:07.535  1105  1179 W SemanticLocation: 	at java.io.FileInputStream.<init>(FileInputStream.java:179)
05-05 06:26:07.535  1105  1179 W SemanticLocation: 	at android.app.ContextImpl.openFileInput(ContextImpl.java:774)
05-05 06:26:07.535  1105  1179 W SemanticLocation: 	at android.content.ContextWrapper.openFileInput(ContextWrapper.java:251)
05-05 06:26:07.535  1105  1179 W SemanticLocation: 	at android.content.ContextWrapper.openFileInput(ContextWrapper.java:251)
05-05 06:26:07.535  1105  1179 W SemanticLocation: 	at android.content.ContextWrapper.openFileInput(ContextWrapper.java:251)
05-05 06:26:07.535  1105  1179 W SemanticLocation: 	at ddho.k(:com.google.android.gms@242335041@24.23.35 (190800-646585959):5)
05-05 06:26:07.535  1105  1179 W SemanticLocation: 	at ddhd.c(:com.google.android.gms@242335041@24.23.35 (190800-646585959):65)
05-05 06:26:07.535  1105  1179 W SemanticLocation: 	at ddon.run(:com.google.android.gms@242335041@24.23.35 (190800-646585959):20)
05-05 06:26:07.535  1105  1179 W SemanticLocation: 	at angs.c(:com.google.android.gms@242335041@24.23.35 (190800-646585959):50)
05-05 06:26:07.535  1105  1179 W SemanticLocation: 	at angs.run(:com.google.android.gms@242335041@24.23.35 (190800-646585959):97)
05-05 06:26:07.535  1105  1179 W SemanticLocation: 	at java.util.concurrent.ThreadPoolExecutor.runWorker(ThreadPoolExecutor.java:1145)
05-05 06:26:07.535  1105  1179 W SemanticLocation: 	at java.util.concurrent.ThreadPoolExecutor$Worker.run(ThreadPoolExecutor.java:644)
05-05 06:26:07.535  1105  1179 W SemanticLocation: 	at anmg.run(:com.google.android.gms@242335041@24.23.35 (190800-646585959):8)
05-05 06:26:07.535  1105  1179 W SemanticLocation: 	at java.lang.Thread.run(Thread.java:1012)
05-05 06:26:07.535  1105  1179 W SemanticLocation: Caused by: android.system.ErrnoException: open failed: ENOENT (No such file or directory)
05-05 06:26:07.535  1105  1179 W SemanticLocation: 	at libcore.io.Linux.open(Native Method)
05-05 06:26:07.535  1105  1179 W SemanticLocation: 	at libcore.io.ForwardingOs.open(ForwardingOs.java:563)
05-05 06:26:07.535  1105  1179 W SemanticLocation: 	at libcore.io.BlockGuardOs.open(BlockGuardOs.java:274)
05-05 06:26:07.535  1105  1179 W SemanticLocation: 	at libcore.io.ForwardingOs.open(ForwardingOs.java:563)
05-05 06:26:07.535  1105  1179 W SemanticLocation: 	at android.app.ActivityThread$AndroidOs.open(ActivityThread.java:8591)
05-05 06:26:07.535  1105  1179 W SemanticLocation: 	at libcore.io.IoBridge.open(IoBridge.java:560)
05-05 06:26:07.535  1105  1179 W SemanticLocation: 	... 14 more
05-05 06:26:07.544  1378  1655 E SP.Service.AiAi: captions_i18n_v0_mandatory is opened by other clients. It will stay open until all clients close it.
05-05 06:26:07.545  1498  1686 D nativeloader: Load libgeller_jni_lib_split.so using ns product-clns-7 from class loader (caller=/product/priv-app/Velvet/Velvet.apk!classes6.dex): dlopen failed: library "libgeller_jni_lib_split.so" not found
05-05 06:26:07.546  1378  1655 E SP.Service.AiAi: captions_i18n_v0_en-US is opened by other clients. It will stay open until all clients close it.
05-05 06:26:07.551  1023  1023 E SmsApplication: com.google.android.apps.messaging lost android:read_cell_broadcasts:  (fixing)
05-05 06:26:07.551   602  2353 W AppOpService: Ignored setUidMode call for runtime permission app op: uid = 10136, code = READ_CELL_BROADCASTS, mode = allow, callingUid = 1001, oldMode = allow
05-05 06:26:07.554  1498  1686 D nativeloader: Load /product/priv-app/Velvet/Velvet.apk!/lib/x86_64/libgeller_jni_lib.so using ns product-clns-7 from class loader (caller=/product/priv-app/Velvet/Velvet.apk!classes6.dex): ok
05-05 06:26:07.555  1023  1023 E CellBroadcastUtils: getDefaultCellBroadcastReceiverPackageName: no package found
05-05 06:26:07.556   602  1638 W AppOpService: Ignored setUidMode call for runtime permission app op: uid = 1001, code = READ_SMS, mode = allow, callingUid = 1001, oldMode = allow
05-05 06:26:07.558  1518  1885 I Icing   : updateResources: need to parse bfgz{com.google.android.gms}
05-05 06:26:07.559   602  2353 W AppOpService: Ignored setUidMode call for runtime permission app op: uid = 1001, code = RECEIVE_SMS, mode = allow, callingUid = 1001, oldMode = allow
05-05 06:26:07.559   602  1638 W AppOpService: Ignored setUidMode call for runtime permission app op: uid = 1001, code = RECEIVE_WAP_PUSH, mode = allow, callingUid = 1001, oldMode = allow
05-05 06:26:07.560   602  1638 W AppOpService: Ignored setUidMode call for runtime permission app op: uid = 1001, code = SEND_SMS, mode = allow, callingUid = 1001, oldMode = allow
05-05 06:26:07.560   602  2353 W AppOpService: Ignored setUidMode call for runtime permission app op: uid = 1001, code = READ_CELL_BROADCASTS, mode = allow, callingUid = 1001, oldMode = allow
05-05 06:26:07.563  1105  1870 I Fitness : FitCleanupIntentOperation received Intent android.intent.action.PACKAGE_REMOVED [CONTEXT service_id=17 ]
05-05 06:26:07.565   602   659 I ActivityManager: Force stopping com.nightshade.mobile appid=10209 user=-1: clearApplicationUserData
05-05 06:26:07.579  1518  1728 I Trustlet_Onbody: onbodyAlreadySet: false [CONTEXT service_id=294 ]
05-05 06:26:07.580  1518  1728 I Trustlet_Onbody: isOnbodySuggestionEnabledByPhenotype: false [CONTEXT service_id=294 ]
05-05 06:26:07.581  1518  1728 I Trustlet_Onbody: isTrustAgentEnabled: etys@663484d[status=SUCCESS, result=[true]] [CONTEXT service_id=294 ]
05-05 06:26:07.581  1498  1498 I GnpSdk  : (REDACTED) Intent received for action [%s] package [%s].
05-05 06:26:07.582  1023  1023 D ActivityThread: Package [com.nightshade.mobile] reported as REPLACED, but missing application info. Assuming REMOVED.
05-05 06:26:07.587  1498  1498 I GnpSdk  : Phenotype initialized.
05-05 06:26:07.589  1498  1680 E A       : (REDACTED) Failed to recover geofences for LBT Routines using Geller data
05-05 06:26:07.589  1498  1680 E A       : com.google.android.libraries.geller.portable.GellerException: Code: INVALID_ARGUMENT, Message: Account name is null.
05-05 06:26:07.589  1498  1680 E A       : 	at com.google.android.libraries.search.l.t.a(PG:25)
05-05 06:26:07.589  1498  1680 E A       : 	at com.google.apps.tiktok.tracing.fe.a(PG:13)
05-05 06:26:07.589  1498  1680 E A       : 	at com.google.common.util.concurrent.ba.a(PG:3)
05-05 06:26:07.589  1498  1680 E A       : 	at com.google.common.util.concurrent.cu.run(PG:21)
05-05 06:26:07.589  1498  1680 E A       : 	at com.google.android.libraries.k.x.run(PG:3)
05-05 06:26:07.589  1498  1680 E A       : 	at com.google.common.n.c.c.run(PG:50)
05-05 06:26:07.589  1498  1680 E A       : 	at com.google.android.libraries.k.e.run(PG:8)
05-05 06:26:07.589  1498  1680 E A       : 	at java.lang.Thread.run(Thread.java:1012)
05-05 06:26:07.589  1498  1680 E A       : 	at com.google.android.libraries.k.d.b.run(PG:74)
05-05 06:26:07.604  1023  1167 D ImsResolver: maybeAddedImsService, packageName: com.nightshade.mobile
05-05 06:26:07.617  2461  2461 I ederatedcompute: Using CollectorTypeCMC GC.
05-05 06:26:07.618  2461  2461 W ederatedcompute: Unexpected CPU variant for x86: x86_64.
05-05 06:26:07.618  2461  2461 W ederatedcompute: Known variants: atom, sandybridge, silvermont, goldmont, goldmont-plus, goldmont-without-sha-xsaves, tremont, kabylake, default
05-05 06:26:07.621  1390  1390 I GsaVoiceInteractionSrv: (REDACTED) O received %s
05-05 06:26:07.621  2461  2461 E ederatedcompute: Not starting debugger since process cannot load the jdwp agent.
05-05 06:26:07.624   205   216 I keystore2: system/security/keystore2/src/maintenance.rs:341 - clearNamespace(r#APP, nspace=10209)
05-05 06:26:07.624  2425  2425 E ConfigUpdater: ignoring update request
05-05 06:26:07.626  2425  2425 E ConfigUpdater: ignoring update request
05-05 06:26:07.627   396   396 I netd    : tetherGetStats() -> {[]} <0.91ms>
05-05 06:26:07.627  1518  1728 I Trustlet_Onbody: Trustlet onbody is supported. [CONTEXT service_id=294 ]
05-05 06:26:07.627  1518  1728 I Trustlet_Onbody: isSupported: true [CONTEXT service_id=294 ]
05-05 06:26:07.627  1518  1728 I Trustlet_Onbody: isChromeOsDevice: false [CONTEXT service_id=294 ]
05-05 06:26:07.628  1390  1390 I GsaVoiceInteractionSrv: (REDACTED) O received %s
05-05 06:26:07.629  2425  2425 E ConfigUpdater: ignoring update request
05-05 06:26:07.632  2425  2425 E ConfigUpdater: ignoring update request
05-05 06:26:07.633  2425  2425 E ConfigUpdater: ignoring update request
05-05 06:26:07.636   602  2430 E RoleControllerServiceImpl: Default/fallback role holder package doesn't qualify for the role, package: com.google.android.devicelockcontroller, role: android.app.role.SYSTEM_FINANCED_DEVICE_CONTROLLER
05-05 06:26:07.637   602   687 I AppsFilter: interaction: PackageSetting{af6bf78 com.android.microdroid.empty_payload/10198} -> PackageSetting{8364651 com.nightshade.mobile/10209} BLOCKED
05-05 06:26:07.637   602   687 I AppsFilter: interaction: PackageSetting{af6bf78 com.android.microdroid.empty_payload/10198} -> PackageSetting{8364651 com.nightshade.mobile/10209} BLOCKED
05-05 06:26:07.637  2461  2461 D nativeloader: Load libframework-connectivity-tiramisu-jni.so using APEX ns com_android_tethering for caller /apex/com.android.tethering/javalib/framework-connectivity-t.jar: ok
05-05 06:26:07.645  2425  2425 E ConfigUpdater: ignoring update request
05-05 06:26:07.658  2425  2425 E ConfigUpdater: ignoring update request
05-05 06:26:07.666   602   808 I AppWidgetServiceImpl: Received broadcast: android.intent.action.PACKAGE_DATA_CLEARED on user 0
05-05 06:26:07.671  2425  2425 E ConfigUpdater: ignoring update request
05-05 06:26:07.678   602  1019 D CompatChangeReporter: Compat change id reported: 266524688; UID 10144; state: ENABLED
05-05 06:26:07.679   602  1019 D ConnectivityService: requestNetwork for uid/pid:10144/1498 activeRequest: null callbackRequest: 98 [NetworkRequest [ REQUEST id=98, [ Transports: CELLULAR Capabilities: INTERNET&NOT_RESTRICTED&TRUSTED&NOT_VPN&NOT_VCN_MANAGED&NOT_BANDWIDTH_CONSTRAINED Forbidden: LOCAL_NETWORK Uid: 10144 RequestorUid: 10144 RequestorPkg: com.google.android.googlequicksearchbox UnderlyingNetworks: Null] ]] callback flags: 0 order: 2147483647 isUidTracked: false
05-05 06:26:07.682   602   783 D ConnectivityService: Unsetting inactive [100 CELLULAR]
05-05 06:26:07.689  2425  2425 E ConfigUpdater: ignoring update request
05-05 06:26:07.693  2425  2425 E ConfigUpdater: ignoring update request
05-05 06:26:07.694   602   783 D ConnectivityService: NetReassign [98 : null → 100] [c 0] [a 7] [i 7]
05-05 06:26:07.697  2425  2425 E ConfigUpdater: ignoring update request
05-05 06:26:07.699  2425  2425 E ConfigUpdater: ignoring update request
05-05 06:26:07.700   602   783 D ConnectivityService: reportNetworkConnectivity(101, false) by 10144
05-05 06:26:07.703   935  1943 D NetworkMonitor/101: Forcing reevaluation for UID 10144. Dns signal count: 0
05-05 06:26:07.705  2425  2425 E ConfigUpdater: ignoring update request
05-05 06:26:07.716  1498  1498 I GnpSdk  : (REDACTED) Validation OK for action [%s].
05-05 06:26:07.718  1498  1498 I GnpSdk  : (REDACTED) Submitting Broadcast execution [%d] to tiktok executor.
05-05 06:26:07.721  2461  2461 D nativeloader: Configuring clns-shared-7 for other apk /apex/com.android.ondevicepersonalization/app/FederatedComputeGoogle@350820260/FederatedComputeGoogle.apk. target_sdk_version=35, uses_libraries=, library_path=/apex/com.android.ondevicepersonalization/app/FederatedComputeGoogle@350820260/lib/x86_64:/system/lib64:/system_ext/lib64, permitted_path=/data:/mnt/expand:/data/user/0/com.google.android.federatedcompute:/apex/com.android.ondevicepersonalization/app/FederatedComputeGoogle@350820260:/system/lib64:/system_ext/lib64
05-05 06:26:07.722   602   808 I AppWidgetServiceImpl: Received broadcast: android.intent.action.PACKAGE_RESTARTED on user 0
05-05 06:26:07.723   935  2480 D TrafficStats: tagSocket(6) with statsTag=0xffffff81, statsUid=-1
05-05 06:26:07.724   935  2479 D TrafficStats: tagSocket(129) with statsTag=0xffffff81, statsUid=-1
05-05 06:26:07.725   602   828 D ShortcutService: received package broadcast intent: Intent { act=android.intent.action.PACKAGE_DATA_CLEARED dat=package: flg=0x5000010 (has extras) }
05-05 06:26:07.725   602   828 D ShortcutService: clearing data for package: com.nightshade.mobile userId0
05-05 06:26:07.725   935  2480 D TrafficStats: tagSocket(6) with statsTag=0xffffff81, statsUid=-1
05-05 06:26:07.725   602   828 D ShortcutService: handlePackageDataCleared: com.nightshade.mobile user=0
05-05 06:26:07.726  1023  1023 D CarrierSvcBindHelper: onHandleForceStop: [com.nightshade.mobile]
05-05 06:26:07.726  1023  1023 D CarrierSvcBindHelper: No carrier app for: 0
05-05 06:26:07.727  1498  2086 I GnpSdk  : (REDACTED) Executing action in BroadcastReceiver [%s].
05-05 06:26:07.728   602   808 I AppWidgetServiceImpl: Updating package stopped masked state for uid 10209 package com.nightshade.mobile isStopped false
05-05 06:26:07.729   935  2479 D TrafficStats: tagSocket(128) with statsTag=0xffffff81, statsUid=-1
05-05 06:26:07.733   396  2488 I resolv  : ResNSendHandler::run: 0 / {101 983141 101 983141 1073 1}
05-05 06:26:07.733   602  1637 W ActivityTaskManager: callingPackage for (uid=2000, pid=2481) has no WPC
05-05 06:26:07.733   396  2488 I resolv  : resolv_cache_lookup: FOUND IN CACHE entry=0x71d4e42d3810
05-05 06:26:07.735   396  2489 I resolv  : ResNSendHandler::run: 0 / {101 983141 101 983141 1073 1}
05-05 06:26:07.735   602  1638 W JobInfo : Job 'com.google.android.providers.media.module/com.android.providers.media.MediaService#-300' has a deadline with no functional constraints. The deadline won't improve job execution latency. Consider removing the deadline.
05-05 06:26:07.735   396  2489 I resolv  : resolv_cache_lookup: FOUND IN CACHE entry=0x71d5c42c5c70
05-05 06:26:07.737   602  1637 W OptProp : Cannot read opt property android.window.PROPERTY_COMPAT_ALLOW_USER_ASPECT_RATIO_OVERRIDE
05-05 06:26:07.737  2461  2461 D nativeloader: InitApexLibraries:
05-05 06:26:07.737  2461  2461 D nativeloader:   com_android_adservices: libhpke_jni.so:libtflite_support_classifiers_native.so
05-05 06:26:07.737  2461  2461 D nativeloader:   com_android_appsearch: libicing.so
05-05 06:26:07.737  2461  2461 D nativeloader:   com_android_art: libartservice.so
05-05 06:26:07.737  2461  2461 D nativeloader:   com_android_btservices: libbluetooth_jni.so
05-05 06:26:07.737  2461  2461 D nativeloader:   com_android_conscrypt: libjavacrypto.so
05-05 06:26:07.737  2461  2461 D nativeloader:   com_android_mediaprovider: libpdfclient.so
05-05 06:26:07.737  2461  2461 D nativeloader:   com_android_nfcservices: libnfc_nci_jni.so
05-05 06:26:07.737  2461  2461 D nativeloader:   com_android_ondevicepersonalization: libfcp_cpp_dep_jni.so:libfcp_hpke_jni.so
05-05 06:26:07.737  2461  2461 D nativeloader:   com_android_os_statsd: libstats_jni.so
05-05 06:26:07.737  2461  2461 D nativeloader:   com_android_tethering: libandroid_net_connectivity_com_android_net_module_util_jni.so:libcrypto.so:libframework-connectivity-jni.so:libframework-connectivity-tiramisu-jni.so:libmainlinecronet.121.0.6167.71.so:libservice-connectivity.so:libservice-thread-jni.so:libssl.so
05-05 06:26:07.737  2461  2461 D nativeloader:   com_android_uwb: libuwb_uci_jni_rust.so
05-05 06:26:07.737  2461  2461 D nativeloader:   com_android_virt: libvirtualizationservice_jni.so:libvirtualmachine_jni.so
05-05 06:26:07.737   602  1637 W OptProp : Cannot read opt property android.window.PROPERTY_COMPAT_ALLOW_USER_ASPECT_RATIO_FULLSCREEN_OVERRIDE
05-05 06:26:07.738   602  1637 W OptProp : Cannot read opt property android.window.PROPERTY_COMPAT_ALLOW_ORIENTATION_OVERRIDE
05-05 06:26:07.738   935   935 D TrafficStats: tagSocket(128) with statsTag=0xffffffff, statsUid=-1
05-05 06:26:07.739   396  2490 I resolv  : ResNSendHandler::run: 0 / {101 983141 101 983141 1073 1}
05-05 06:26:07.739   396  2490 I resolv  : resolv_cache_lookup: FOUND IN CACHE entry=0x71d6542ce970
05-05 06:26:07.739   935   935 D TrafficStats: tagSocket(128) with statsTag=0xffffffff, statsUid=-1
05-05 06:26:07.740   935   935 D TrafficStats: tagSocket(128) with statsTag=0xffffffff, statsUid=-1
05-05 06:26:07.741   602  1637 V GrammaticalInflectionUtils: AttributionSource: AttributionSource { uid = 10209, packageName = null, attributionTag = null, token = android.os.Binder@cd5441f, deviceId = 0, next = null } does not have READ_SYSTEM_GRAMMATICAL_GENDER permission.
05-05 06:26:07.741  2461  2461 D CompatChangeReporter: Compat change id reported: 202956589; UID 10186; state: ENABLED
05-05 06:26:07.741   602  1637 W OptProp : Cannot read opt property android.window.PROPERTY_COMPAT_ALLOW_RESIZEABLE_ACTIVITY_OVERRIDES
05-05 06:26:07.742   935   935 D TrafficStats: tagSocket(129) with statsTag=0xffffffff, statsUid=-1
05-05 06:26:07.742   396  2491 I resolv  : ResNSendHandler::run: 0 / {101 983141 101 983141 1073 1}
05-05 06:26:07.742   396  2491 I resolv  : resolv_cache_lookup: FOUND IN CACHE entry=0x71d6542cdd30
05-05 06:26:07.744   602  1637 W OptProp : Cannot read opt property android.window.PROPERTY_COMPAT_ALLOW_MIN_ASPECT_RATIO_OVERRIDE
05-05 06:26:07.745   935   935 D TrafficStats: tagSocket(129) with statsTag=0xffffffff, statsUid=-1
05-05 06:26:07.747   935   935 D TrafficStats: tagSocket(129) with statsTag=0xffffffff, statsUid=-1
05-05 06:26:07.749   935   935 D TrafficStats: tagSocket(129) with statsTag=0xffffffff, statsUid=-1
05-05 06:26:07.750   935   935 D TrafficStats: tagSocket(129) with statsTag=0xffffffff, statsUid=-1
05-05 06:26:07.751   935   935 D TrafficStats: tagSocket(129) with statsTag=0xffffffff, statsUid=-1
05-05 06:26:07.753   935   935 D TrafficStats: tagSocket(129) with statsTag=0xffffffff, statsUid=-1
05-05 06:26:07.755  1498  1680 I WM-WorkerWrapper: Worker result SUCCESS for Work [ id=e6393c13-4d4e-4dd8-a32b-c5aa9f9c6880, tags={ com.google.apps.tiktok.contrib.work.TikTokListenableWorker,TikTokWorker#com.google.android.apps.search.assistant.surfaces.notification.DelayedNotificationWorker } ]
05-05 06:26:07.758   935   938 W rkstack.process: Missing inline cache for int android.net.connectivity.android.net.util.DnsUtils.findScope(java.net.InetAddress)
05-05 06:26:07.760  1518  1523 W gle.android.gms: Missing inline cache for int fkid.a(java.lang.Object)
05-05 06:26:07.763   935   935 D TrafficStats: tagSocket(129) with statsTag=0xffffffff, statsUid=-1
05-05 06:26:07.765   602  1638 D SafetySourceDataValidat: No cert check requested for package com.google.android.permissioncontroller
05-05 06:26:07.766   935   935 D TrafficStats: tagSocket(129) with statsTag=0xffffffff, statsUid=-1
05-05 06:26:07.768   935   935 D TrafficStats: tagSocket(129) with statsTag=0xffffffff, statsUid=-1
05-05 06:26:07.770   935   935 D TrafficStats: tagSocket(129) with statsTag=0xffffffff, statsUid=-1
05-05 06:26:07.772   935   935 D TrafficStats: tagSocket(129) with statsTag=0xffffffff, statsUid=-1
05-05 06:26:07.773   869   910 V WindowManagerShell: Transition requested (#7): android.os.BinderProxy@8dc9d9e TransitionRequestInfo { type = OPEN, triggerTask = TaskInfo{userId=0 taskId=33 displayId=0 isRunning=true baseIntent=Intent { flg=0x10000000 cmp=com.nightshade.mobile/com.example.nightshade_mobile.MainActivity } baseActivity=ComponentInfo{com.nightshade.mobile/com.example.nightshade_mobile.MainActivity} topActivity=ComponentInfo{com.nightshade.mobile/com.example.nightshade_mobile.MainActivity} origActivity=null realActivity=ComponentInfo{com.nightshade.mobile/com.example.nightshade_mobile.MainActivity} numActivities=1 lastActiveTime=31075 supportsMultiWindow=true resizeMode=1 isResizeable=true minWidth=-1 minHeight=-1 defaultMinSize=220 token=WCT{android.window.IWindowContainerToken$Stub$Proxy@429707f} topActivityType=1 pictureInPictureParams=null shouldDockBigOverlays=false launchIntoPipHostTaskId=-1 lastParentTaskIdBeforePip=-1 displayCutoutSafeInsets=null topActivityInfo=ActivityInfo{725c84c com.example.nightshade_mobile.MainActivity} launchCookies=[] positionInParent=Point(0, 0) parentTaskId=-1 isFocused=false isVisible=false isVisibleRequested=false isSleeping=false locusId=null displayAreaFeatureId=1 isTopActivityTransparent=false appCompatTaskInfo=AppCompatTaskInfo { topActivityInSizeCompat=false topActivityEligibleForLetterboxEducation= falseisLetterboxEducationEnabled= true isLetterboxDoubleTapEnabled= false topActivityEligibleForUserAspectRatioButton= false topActivityBoundsLetterboxed= false isFromLetterboxDoubleTap= false topActivityLetterboxVerticalPosition= -1 topActivityLetterboxHorizontalPosition= -1 topActivityLetterboxWidth=1080 topActivityLetterboxHeight=1920 isUserFullscreenOverrideEnabled=false isSystemFullscreenOverrideEnabled=false cameraCompatTaskInfo=CameraCompatTaskInfo { cameraCompatControlState=hidden freeformCameraCompatMode=inactive}}}, pipTask = null, remoteTransition = null, displayChange = null, flags = 0, debugId = 7 }
05-05 06:26:07.773   602  1637 I ActivityTaskManager: START u0 {flg=0x10000000 cmp=com.nightshade.mobile/com.example.nightshade_mobile.MainActivity} with LAUNCH_SINGLE_TOP from uid 2000 (BAL_ALLOW_PERMISSION) result code=0
05-05 06:26:07.774   935   935 D TrafficStats: tagSocket(129) with statsTag=0xffffffff, statsUid=-1
05-05 06:26:07.774  1105  2464 I Fitness : FitCleanupIntentOperation received Intent android.intent.action.PACKAGE_DATA_CLEARED [CONTEXT service_id=17 ]
05-05 06:26:07.776   935   935 D TrafficStats: tagSocket(6) with statsTag=0xffffffff, statsUid=-1
05-05 06:26:07.776   935  2479 D NetworkMonitor/101: PROBE_DNS www.google.com 55ms OK 142.251.152.119,142.251.154.119,142.251.156.119,142.251.151.119,142.251.155.119,142.251.150.119,142.251.157.119,142.251.153.119,2001:4860:482a:7700::,2001:4860:4828:7700::,2001:4860:4826:7700::,2001:4860:4827:7700::,2001:4860:482c:7700::,2001:4860:4829:7700::,2001:4860:482b:7700::,2001:4860:482d:7700::
05-05 06:26:07.777   935   935 D TrafficStats: tagSocket(6) with statsTag=0xffffffff, statsUid=-1
05-05 06:26:07.788  1244  1244 W SplitSelectStateCtor: Missing session instanceIds
05-05 06:26:07.788  1244  1244 D StatsLog: LAUNCHER_SPLIT_SELECTION_EXIT_INTERRUPTED
05-05 06:26:07.790   935  2480 D NetworkMonitor/101: PROBE_DNS connectivitycheck.gstatic.com 67ms OK 142.251.210.35,2607:f8b0:4006:81a::2003
