05-05 06:26:11.853  1105  1113 W .gms.persistent: ApkAssets: Deleting an ApkAssets object '<empty> and /product/app/GoogleTTS/GoogleTTS.apk' with 1 weak references
05-05 06:26:11.853  1105  1113 W .gms.persistent: ApkAssets: Deleting an ApkAssets object '<empty> and /product/priv-app/WellbeingPrebuilt/WellbeingPrebuilt.apk' with 1 weak references
05-05 06:26:11.854  1028  1118 D PrefCtrlListHelper: Could not find Context-only controller for pref: com.android.settings.applications.managedomainurls.InstantAppAccountPreferenceController
05-05 06:26:11.854  1028  1118 D PrefCtrlListHelper: Could not find Context-only controller for pref: com.android.settings.applications.managedomainurls.DomainAppPreferenceController
05-05 06:26:11.858  1105  2403 W ChimeraUtils: Module com.google.android.gms.backup_base missing resource null(0)
05-05 06:26:11.859  1028  1118 D PrefCtrlListHelper: Could not find Context-only controller for pref: com.android.settings.gestures.LongPressPowerIllustrationPreferenceController
05-05 06:26:11.859  1028  1118 D PrefCtrlListHelper: Could not find Context-only controller for pref: com.android.settings.gestures.LongPressPowerForPowerMenuPreferenceController
05-05 06:26:11.862  1028  1118 D PrefCtrlListHelper: Could not find Context-only controller for pref: com.android.settings.gestures.LongPressPowerForAssistantPreferenceController
05-05 06:26:11.862  1028  1118 D PrefCtrlListHelper: Could not find Context-only controller for pref: com.android.settings.gestures.LongPressPowerSensitivityPreferenceController
05-05 06:26:11.862  1028  1118 D PrefCtrlListHelper: Could not find Context-only controller for pref: com.android.settings.gestures.LongPressPowerFooterPreferenceController
05-05 06:26:11.863  1028  1118 D PrefCtrlListHelper: Could not find Context-only controller for pref: com.android.settings.dream.DreamMainSwitchPreferenceController
05-05 06:26:11.863  1028  1118 D PrefCtrlListHelper: Could not find Context-only controller for pref: com.android.settings.dream.DreamComplicationPreferenceController
05-05 06:26:11.863  1028  1118 D PrefCtrlListHelper: Could not find Context-only controller for pref: com.android.settings.inputmethod.TrackpadGoBackPreferenceController
05-05 06:26:11.863  1028  1118 D PrefCtrlListHelper: Could not find Context-only controller for pref: com.android.settings.inputmethod.TrackpadGoHomePreferenceController
05-05 06:26:11.863  1028  1118 D PrefCtrlListHelper: Could not find Context-only controller for pref: com.android.settings.inputmethod.TrackpadRecentAppsPreferenceController
05-05 06:26:11.864  1028  1118 D PrefCtrlListHelper: Could not find Context-only controller for pref: com.android.settings.inputmethod.TrackpadNotificationsPreferenceController
05-05 06:26:11.864  1028  1118 D PrefCtrlListHelper: Could not find Context-only controller for pref: com.android.settings.inputmethod.TrackpadSwitchAppsPreferenceController
05-05 06:26:11.864  1028  1118 D PrefCtrlListHelper: Could not find Context-only controller for pref: com.android.settings.inputmethod.TouchGesturesButtonPreferenceController
05-05 06:26:11.864  1028  1118 V SettingsSearchProvider: com.android.settings.inputmethod.TrackpadTouchGestureSettings$1@b54bc78 tried to add an empty non-indexable key
05-05 06:26:11.864  1518  1667 D nativeloader: Load /product/priv-app/PrebuiltGmsCore/PrebuiltGmsCore.apk!/lib/x86_64/libleveldbjni.so using ns product-clns-9 from class loader (caller=/product/priv-app/PrebuiltGmsCore/PrebuiltGmsCore.apk!classes3.dex): ok
05-05 06:26:11.866  1105  2464 V Backup  : [BackupAccountNotifier] Handling new intent. Show notification: true
05-05 06:26:11.872  1028  1118 V SettingsSearchProvider: com.android.settings.accessibility.ToggleReduceBrightColorsPreferenceFragment$1@b552824 tried to add an empty non-indexable key
05-05 06:26:11.872  1028  1118 D PrefCtrlListHelper: Could not find Context-only controller for pref: com.android.settings.notification.ConversationListSummaryPreferenceController
05-05 06:26:11.874  1028  1118 D PrefCtrlListHelper: Could not find Context-only controller for pref: com.android.settings.notification.BubbleSummaryNotificationPreferenceController
05-05 06:26:11.874  1028  1118 D PrefCtrlListHelper: Could not find Context-only controller for pref: com.android.settings.applications.specialaccess.notificationaccess.NotificationAccessController
05-05 06:26:11.874  1028  1118 D PrefCtrlListHelper: Could not find Context-only controller for pref: com.android.settings.notification.RedactNotificationPreferenceController
05-05 06:26:11.876  1028  1118 D PrefCtrlListHelper: Could not find Context-only controller for pref: com.android.settings.notification.RedactNotificationPreferenceController
05-05 06:26:11.877  1028  1118 D PrefCtrlListHelper: Could not find Context-only controller for pref: com.android.settings.biometrics.face.FaceSettingsLockscreenBypassPreferenceController
05-05 06:26:11.877  1028  1118 D PrefCtrlListHelper: Could not find Context-only controller for pref: com.android.settings.notification.syncacrossdevices.SyncAcrossDevicesPreferenceController
05-05 06:26:11.877  1028  1118 D PrefCtrlListHelper: Could not find Context-only controller for pref: com.android.settings.notification.PoliteNotificationsPreferenceController
05-05 06:26:11.877  1105  2464 W ChimeraUtils: Module com.google.android.gms.backup_base missing resource null(0)
05-05 06:26:11.878  1105  2464 V Backup  : [BackupAccountNotifier] Handling new intent. Show notification: true
05-05 06:26:11.881  1028  1118 D PrefCtrlListHelper: Could not find Context-only controller for pref: com.android.settings.notification.zen.ZenModePreferenceController
05-05 06:26:11.881  1028  1118 D PrefCtrlListHelper: Could not find Context-only controller for pref: com.android.settings.notification.ShowOnlyUnseenNotificationsOnLockscreenPreferenceController
05-05 06:26:11.881  1028  1118 D PrefCtrlListHelper: Could not find Context-only controller for pref: com.android.settings.accessibility.FlashNotificationsPreferenceController
05-05 06:26:11.882  1028  1118 D PrefCtrlListHelper: Could not find Context-only controller for pref: com.android.settings.notification.SnoozeNotificationPreferenceController
05-05 06:26:11.882  1028  1118 D PrefCtrlListHelper: Could not find Context-only controller for pref: com.android.settings.notification.BadgingNotificationPreferenceController
05-05 06:26:11.882  1028  1118 D PrefCtrlListHelper: Could not find Context-only controller for pref: com.android.settings.notification.PulseNotificationPreferenceController
05-05 06:26:11.883  1518  2542 V Backup  : [NoBackupNotification] Disabled, not scheduling
05-05 06:26:11.884  1518  2542 V Backup  : [ComponentEnabler] Enabling components
05-05 06:26:11.885  1518  2547 I Backup  : [GmsBackupAccountManager] Backup account not found in gmscore.
05-05 06:26:11.888  1518  2542 I Backup  : [TargetEnabler] Setting target components to enabled = true
05-05 06:26:11.892  1028  1118 W SettingsPrefController: Skipping updateNonIndexableKeys, key already in list. com.android.settings.biometrics.face.FaceSettingsLockscreenBypassPreferenceController@2b73542
05-05 06:26:11.893  1518  2542 I Backup  : [SourceEnabler] Setting source components to enabled = true
05-05 06:26:11.894  1518  2547 V Backup  : [AccountChangedIO] currentDestinationString: null
05-05 06:26:11.895  1518  2542 V Backup  : [MigrateUtil] Using O+ select transport api
05-05 06:26:11.898  1105  2464 W ChimeraUtils: Module com.google.android.gms.backup_base missing resource null(0)
05-05 06:26:11.898  1105  2464 V Backup  : [BackupAccountNotifier] Handling new intent. Show notification: true
05-05 06:26:11.898  1028  1118 D PrefCtrlListHelper: Could not find Context-only controller for pref: com.android.settings.accessibility.AccessibilityButtonPreviewPreferenceController
05-05 06:26:11.899  1028  1118 D PrefCtrlListHelper: Could not find Context-only controller for pref: com.android.settings.accessibility.AccessibilityButtonLocationPreferenceController
05-05 06:26:11.899  1028  1118 D PrefCtrlListHelper: Could not find Context-only controller for pref: com.android.settings.accessibility.AccessibilityButtonGesturePreferenceController
05-05 06:26:11.899  1028  1118 D PrefCtrlListHelper: Could not find Context-only controller for pref: com.android.settings.accessibility.FloatingMenuSizePreferenceController
05-05 06:26:11.899  1028  1118 D PrefCtrlListHelper: Could not find Context-only controller for pref: com.android.settings.accessibility.FloatingMenuFadePreferenceController
05-05 06:26:11.899  1028  1118 D PrefCtrlListHelper: Could not find Context-only controller for pref: com.android.settings.accessibility.FloatingMenuTransparencyPreferenceController
05-05 06:26:11.899  1028  1118 D PrefCtrlListHelper: Could not find Context-only controller for pref: com.android.settings.accessibility.AccessibilityButtonFooterPreferenceController
05-05 06:26:11.895   602  1017 D BackupTransportManager: [UserID:0] Transport com.google.android.gms/.backup.BackupTransportService updated its attributes
05-05 06:26:11.900  1028  1118 D PrefCtrlListHelper: Could not find Context-only controller for pref: com.android.settings.security.EncryptionStatusPreferenceController
05-05 06:26:11.900  1028  1118 D PrefCtrlListHelper: Could not find Context-only controller for pref: com.android.settings.security.CredentialManagementAppPreferenceController
05-05 06:26:11.900  1028  1118 W PrefCtrlListHelper: encryption_and_credentials_encryption_status already has a controller
05-05 06:26:11.901  1028  1041 W ndroid.settings: ApkAssets: Deleting an ApkAssets object '<empty> and /apex/com.android.extservices/priv-app/GoogleExtServices@350820300/GoogleExtServices.apk' with 1 weak references
05-05 06:26:11.901  1028  1041 W ndroid.settings: ApkAssets: Deleting an ApkAssets object '<empty> and /product/priv-app/PrebuiltGmsCore/PrebuiltGmsCore.apk' with 1 weak references
05-05 06:26:11.902  1028  1041 W ndroid.settings: ApkAssets: Deleting an ApkAssets object '<empty> and /product/priv-app/SettingsIntelligenceGooglePrebuilt/SettingsIntelligenceGooglePrebuilt.apk' with 1 weak references
05-05 06:26:11.902  1028  1041 W ndroid.settings: ApkAssets: Deleting an ApkAssets object '<empty> and /product/priv-app/DevicePersonalizationPrebuiltPixel2021-aiai_20240329.00_RC16/DevicePersonalizationPrebuiltPixel2021-aiai_20240329.00_RC16.apk' with 1 weak references
05-05 06:26:11.902  1028  1041 W ndroid.settings: ApkAssets: Deleting an ApkAssets object '<empty> and /product/priv-app/SafetyHubPrebuilt/SafetyHubPrebuilt.apk' with 1 weak references
05-05 06:26:11.902  1028  1041 W ndroid.settings: ApkAssets: Deleting an ApkAssets object '<empty> and /product/priv-app/AndroidAutoStubPrebuilt/AndroidAutoStubPrebuilt.apk' with 1 weak references
05-05 06:26:11.903  1028  1041 W ndroid.settings: ApkAssets: Deleting an ApkAssets object '<empty> and /apex/com.android.mediaprovider/priv-app/MediaProviderGoogle@350820300/MediaProviderGoogle.apk' with 1 weak references
05-05 06:26:11.903  1028  1041 W ndroid.settings: ApkAssets: Deleting an ApkAssets object '<empty> and /product/priv-app/WellbeingPrebuilt/WellbeingPrebuilt.apk' with 1 weak references
05-05 06:26:11.904  1028  1118 W BaseSearchIndex: Error initializing controller in fragment: com.android.settings.network.NetworkDashboardFragment$1@75d786, e: java.lang.IllegalArgumentException: Lifecycle must be set
05-05 06:26:11.904  1028  1118 D PrefCtrlListHelper: Could not find Context-only controller for pref: com.android.settings.network.NetworkProviderCallsSmsController
05-05 06:26:11.904  1028  1118 D PrefCtrlListHelper: Could not find Context-only controller for pref: com.android.settings.network.AirplaneModePreferenceController
05-05 06:26:11.905  1028  1118 D PrefCtrlListHelper: Could not find Context-only controller for pref: com.android.settings.network.TetherPreferenceController
05-05 06:26:11.905  1028  1118 D PrefCtrlListHelper: Could not find Context-only controller for pref: com.android.settings.network.AdaptiveConnectivityPreferenceController
05-05 06:26:11.905  1028  1118 D PrefCtrlListHelper: Could not find Context-only controller for pref: com.android.settings.network.CellularSecurityPreferenceController
05-05 06:26:11.906  1518  2542 W Backup  : [ComponentEnablerUtil] Unable to set component 'com.google.android.gms.backup.component.RestoreSessionV0Service' to enabled=true
05-05 06:26:11.907  1518  2547 I Checkin : [CheckinHSUMHandler] Do not register network callback if not user 0 on HSUM.
05-05 06:26:11.909  1518  2542 W Backup  : [ComponentEnablerUtil] Unable to set component 'com.google.android.gms.backup.component.CloudRestoreFlowActivity' to enabled=true
05-05 06:26:11.911  1028  1118 D PrefCtrlListHelper: Could not find Context-only controller for pref: com.android.settings.sound.MediaControlsPreferenceController
05-05 06:26:11.912  1028  1118 D PrefCtrlListHelper: Could not find Context-only controller for pref: com.android.settings.sound.MediaControlsLockScreenPreferenceController
05-05 06:26:11.912  1028  1118 D PrefCtrlListHelper: Could not find Context-only controller for pref: com.android.settings.sound.MediaControlsRecommendationController
05-05 06:26:11.918  1028  1118 E SystemServiceRegistry: No service published for: ethernet
05-05 06:26:11.918  1028  1118 E SystemServiceRegistry: android.os.ServiceManager$ServiceNotFoundException: No service published for: ethernet
05-05 06:26:11.918  1028  1118 E SystemServiceRegistry: 	at android.os.ServiceManager.getServiceOrThrow(ServiceManager.java:203)
05-05 06:26:11.918  1028  1118 E SystemServiceRegistry: 	at android.app.SystemServiceRegistry$145.createService(SystemServiceRegistry.java:2120)
05-05 06:26:11.918  1028  1118 E SystemServiceRegistry: 	at android.app.SystemServiceRegistry$CachedServiceFetcher.getService(SystemServiceRegistry.java:2231)
05-05 06:26:11.918  1028  1118 E SystemServiceRegistry: 	at android.app.SystemServiceRegistry.getSystemService(SystemServiceRegistry.java:1812)
05-05 06:26:11.918  1028  1118 E SystemServiceRegistry: 	at android.app.ContextImpl.getSystemService(ContextImpl.java:2241)
05-05 06:26:11.918  1028  1118 E SystemServiceRegistry: 	at android.content.ContextWrapper.getSystemService(ContextWrapper.java:936)
05-05 06:26:11.918  1028  1118 E SystemServiceRegistry: 	at android.content.Context.getSystemService(Context.java:4503)
05-05 06:26:11.918  1028  1118 E SystemServiceRegistry: 	at com.android.settings.network.tether.TetherSettings$2.getNonIndexableKeys(TetherSettings.java:657)
05-05 06:26:11.918  1028  1118 E SystemServiceRegistry: 	at com.android.settings.search.SettingsSearchIndexablesProvider.getNonIndexableKeysFromProvider(SettingsSearchIndexablesProvider.java:284)
05-05 06:26:11.918  1028  1118 E SystemServiceRegistry: 	at com.android.settings.search.SettingsSearchIndexablesProvider.queryNonIndexableKeys(SettingsSearchIndexablesProvider.java:157)
05-05 06:26:11.918  1028  1118 E SystemServiceRegistry: 	at android.provider.SearchIndexablesProvider.query(SearchIndexablesProvider.java:127)
05-05 06:26:11.918  1028  1118 E SystemServiceRegistry: 	at android.content.ContentProvider.query(ContentProvider.java:1620)
05-05 06:26:11.918  1028  1118 E SystemServiceRegistry: 	at android.content.ContentProvider.query(ContentProvider.java:1716)
05-05 06:26:11.918  1028  1118 E SystemServiceRegistry: 	at android.content.ContentProvider$Transport.query(ContentProvider.java:295)
05-05 06:26:11.918  1028  1118 E SystemServiceRegistry: 	at android.content.ContentProviderNative.onTransact(ContentProviderNative.java:107)
05-05 06:26:11.918  1028  1118 E SystemServiceRegistry: 	at android.os.Binder.execTransactInternal(Binder.java:1500)
05-05 06:26:11.918  1028  1118 E SystemServiceRegistry: 	at android.os.Binder.execTransact(Binder.java:1444)
05-05 06:26:11.922  1028  1118 E BaseSearchIndex: com.android.settings.notification.modes.ZenModesListAddModePreferenceController must implement com.android.settings.core.PreferenceControllerMixin treating the key non-indexable
05-05 06:26:11.923  1518  2542 W Backup  : [ComponentEnablerUtil] Unable to set component 'com.google.android.gms.backup.component.D2dMigrateFlowActivity' to enabled=false
05-05 06:26:11.923  1518  2542 V Backup  : [ComponentEnabler] Scheduling tasks.
05-05 06:26:11.924  1518  2485 W ProximityAuth: [GetSyncedDevices] Attestation: No devices out of 0 passed verification.
05-05 06:26:11.926  1028  1118 D PrefCtrlListHelper: Could not find Context-only controller for pref: com.android.settings.development.graphicsdriver.GraphicsDriverTopIntroPreferenceController
05-05 06:26:11.926  1028  1118 D PrefCtrlListHelper: Could not find Context-only controller for pref: com.android.settings.development.graphicsdriver.GraphicsDriverEnableForAllAppsPreferenceController
05-05 06:26:11.926  1028  1118 D PrefCtrlListHelper: Could not find Context-only controller for pref: com.android.settings.development.graphicsdriver.GraphicsDriverAppPreferenceController
05-05 06:26:11.928  1518  2542 D CompatChangeReporter: Compat change id reported: 253665015; UID 10143; state: ENABLED
05-05 06:26:11.932  1105  1105 D BoundBrokerSvc: onBind: Intent { act=com.google.android.gms.chimera.container.BIND_FIND_BUFFER_SIZE dat=chimera-action:/... cmp=com.google.android.gms/.chimera.PersistentInternalBoundBrokerService }
05-05 06:26:11.933  1105  1105 D BoundBrokerSvc: Loading bound service for intent: Intent { act=com.google.android.gms.chimera.container.BIND_FIND_BUFFER_SIZE dat=chimera-action:/... cmp=com.google.android.gms/.chimera.PersistentInternalBoundBrokerService }
05-05 06:26:11.943   602  2015 D CompatChangeReporter: Compat change id reported: 271850009; UID 10143; state: ENABLED
05-05 06:26:11.943   602  2015 D CompatChangeReporter: Compat change id reported: 253665015; UID 10143; state: ENABLED
05-05 06:26:11.945   602  2015 D CompatChangeReporter: Compat change id reported: 311402873; UID 10143; state: ENABLED
05-05 06:26:11.948  1028  1118 V SettingsSearchProvider: com.android.settings.development.graphicsdriver.GraphicsDriverDashboard$1@791dd43 tried to add an empty non-indexable key
05-05 06:26:11.948   602  2015 D CompatChangeReporter: Compat change id reported: 323349338; UID 10143; state: ENABLED
05-05 06:26:11.948  1028  1118 D PrefCtrlListHelper: Could not find Context-only controller for pref: com.android.settings.display.AutoRotateSwitchBarController
05-05 06:26:11.948  1028  1118 D PrefCtrlListHelper: Could not find Context-only controller for pref: com.android.settings.display.AutoRotatePreferenceController
05-05 06:26:11.948  1028  1118 D PrefCtrlListHelper: Could not find Context-only controller for pref: com.android.settings.display.SmartAutoRotatePermissionController
05-05 06:26:11.948   602  2015 D ConnectivityService: requestNetwork for uid/pid:1000/602 asUid: 10143 activeRequest: null callbackRequest: 106 [NetworkRequest [ REQUEST id=107, [ Capabilities: INTERNET&NOT_RESTRICTED&TRUSTED&NOT_VCN_MANAGED&NOT_BANDWIDTH_CONSTRAINED Uid: 10143 RequestorUid: 1000 RequestorPkg: android UnderlyingNetworks: Null] ]] callback flags: 0 order: 2147483647 isUidTracked: false
05-05 06:26:11.949   602   776 D WifiNetworkFactory: got request NetworkRequest [ REQUEST id=107, [ Capabilities: INTERNET&NOT_RESTRICTED&TRUSTED&NOT_VCN_MANAGED&NOT_BANDWIDTH_CONSTRAINED Uid: 10143 RequestorUid: 1000 RequestorPkg: android UnderlyingNetworks: Null] ]
05-05 06:26:11.950   602   776 D UntrustedWifiNetworkFactory: got request NetworkRequest [ REQUEST id=107, [ Capabilities: INTERNET&NOT_RESTRICTED&TRUSTED&NOT_VCN_MANAGED&NOT_BANDWIDTH_CONSTRAINED Uid: 10143 RequestorUid: 1000 RequestorPkg: android UnderlyingNetworks: Null] ]
05-05 06:26:11.950   602   783 D ConnectivityService: NetReassign [107 : null → 101] [c 0] [a 0] [i 1]
05-05 06:26:11.950  1028  1118 D PrefCtrlListHelper: Could not find Context-only controller for pref: com.android.settings.display.SmartAutoRotateCameraStateController
05-05 06:26:11.950  1028  1118 D PrefCtrlListHelper: Could not find Context-only controller for pref: com.android.settings.display.SmartAutoRotateBatterySaverController
05-05 06:26:11.950  1028  1118 D PrefCtrlListHelper: Could not find Context-only controller for pref: com.android.settings.display.SmartAutoRotateController
05-05 06:26:11.951   602   776 D OemPaidWifiNetworkFactory: got request NetworkRequest [ REQUEST id=107, [ Capabilities: INTERNET&NOT_RESTRICTED&TRUSTED&NOT_VCN_MANAGED&NOT_BANDWIDTH_CONSTRAINED Uid: 10143 RequestorUid: 1000 RequestorPkg: android UnderlyingNetworks: Null] ]
05-05 06:26:11.951   602   776 D MultiInternetWifiNetworkFactory: got request NetworkRequest [ REQUEST id=107, [ Capabilities: INTERNET&NOT_RESTRICTED&TRUSTED&NOT_VCN_MANAGED&NOT_BANDWIDTH_CONSTRAINED Uid: 10143 RequestorUid: 1000 RequestorPkg: android UnderlyingNetworks: Null] ]
05-05 06:26:11.952  1518  2547 I WakefulBroadcastRcvr: Processing wakeful broadcast: com.google.android.gms.checkin.CHECKIN_START_ACTION
05-05 06:26:11.954  1028  1118 D PrefCtrlListHelper: Could not find Context-only controller for pref: com.android.settings.datetime.timezone.TimeZoneInfoPreferenceController
05-05 06:26:11.954  1028  1118 V SettingsSearchProvider: com.android.settings.datetime.timezone.TimeZoneSettings$1@d6b0a9f tried to add an empty non-indexable key
05-05 06:26:11.955  1028  1118 D PrefCtrlListHelper: Could not find Context-only controller for pref: com.android.settings.slices.SlicePreferenceController
05-05 06:26:11.955  1028  1118 D PrefCtrlListHelper: Could not find Context-only controller for pref: com.android.settings.connecteddevice.AddDevicePreferenceController
05-05 06:26:11.955  1028  1118 D PrefCtrlListHelper: Could not find Context-only controller for pref: com.android.settings.connecteddevice.PreviouslyConnectedDevicePreferenceController
05-05 06:26:11.955  1028  1118 D PrefCtrlListHelper: Could not find Context-only controller for pref: com.android.settings.connecteddevice.fastpair.FastPairDevicePreferenceController
05-05 06:26:11.955  1028  1118 D PrefCtrlListHelper: Could not find Context-only controller for pref: com.android.settings.connecteddevice.AdvancedConnectedDeviceController
05-05 06:26:11.955  1028  1118 D PrefCtrlListHelper: Could not find Context-only controller for pref: com.android.settings.connecteddevice.DiscoverableFooterPreferenceController
05-05 06:26:11.955  1028  1118 D PrefCtrlListHelper: Could not find Context-only controller for pref: com.android.settings.location.RecentLocationAccessSeeAllPreferenceController
05-05 06:26:11.955  1518  1792 I Checkin : [CheckinIntentOperation] onHandleIntent, Intent { act=com.google.android.gms.checkin.CHECKIN_START_ACTION cat=[targeted_intent_op_prefix:.checkin.CheckinIntentOperation] cmp=com.google.android.gms/.chimera.GmsIntentOperationService (has extras) }
05-05 06:26:11.956  1518  2547 I SyncIntentOperation: Handling the intent: Intent { act=android.intent.action.BOOT_COMPLETED flg=0x89000010 pkg=com.google.android.gms cmp=com.google.android.gms/.chimera.GmsIntentOperationService (has extras) }. [CONTEXT service_id=80 ]
05-05 06:26:11.957  1028  1118 D PrefCtrlListHelper: Could not find Context-only controller for pref: com.android.settings.development.AdbDeviceNamePreferenceController
05-05 06:26:11.957  1028  1118 D PrefCtrlListHelper: Could not find Context-only controller for pref: com.android.settings.development.AdbQrCodePreferenceController
05-05 06:26:11.957  1028  1118 V SettingsSearchProvider: com.android.settings.development.WirelessDebuggingFragment$2@67fb1bb tried to add an empty non-indexable key
05-05 06:26:11.958  1028  1118 D PrefCtrlListHelper: Could not find Context-only controller for pref: com.android.settings.applications.specialaccess.DataSaverController
05-05 06:26:11.958  1028  1118 D PrefCtrlListHelper: Could not find Context-only controller for pref: com.android.settings.accessibility.SelectLongPressTimeoutPreferenceController
05-05 06:26:11.958  1028  1118 D PrefCtrlListHelper: Could not find Context-only controller for pref: com.android.settings.accessibility.AccessibilityTimeoutPreferenceController
05-05 06:26:11.958  1028  1118 D PrefCtrlListHelper: Could not find Context-only controller for pref: com.android.settings.accessibility.AutoclickPreferenceController
05-05 06:26:11.960  1518  1792 W GmsTaskScheduler: ScheduledCheckinGmsTaskService is not available. This may cause the task to be lost.
05-05 06:26:11.960  1518  2542 V Backup  : [GmsBackupScheduler] Scheduled task to run in 1440 minutes, while idle: true, require charging: true, require wifi: true
05-05 06:26:11.962  1518  2542 V Backup  : [MmsBackupScheduler] Ineligible, not scheduling.
05-05 06:26:11.968  1028  1118 D PrefCtrlListHelper: Could not find Context-only controller for pref: com.android.settings.network.telephony.MobileNetworkSwitchController
05-05 06:26:11.969  1028  1118 D PrefCtrlListHelper: Could not find Context-only controller for pref: com.android.settings.network.telephony.DisabledSubscriptionController
05-05 06:26:11.969  1028  1118 D PrefCtrlListHelper: Could not find Context-only controller for pref: com.android.settings.network.telephony.CallsDefaultSubscriptionController
05-05 06:26:11.969  1028  1118 D PrefCtrlListHelper: Could not find Context-only controller for pref: com.android.settings.network.telephony.SmsDefaultSubscriptionController
05-05 06:26:11.969  1028  1118 D PrefCtrlListHelper: Could not find Context-only controller for pref: com.android.settings.network.telephony.MobileNetworkSpnPreferenceController
05-05 06:26:11.970  1028  1118 D PrefCtrlListHelper: Could not find Context-only controller for pref: com.android.settings.network.telephony.MobileNetworkPhoneNumberPreferenceController
05-05 06:26:11.970  1028  1118 D PrefCtrlListHelper: Could not find Context-only controller for pref: com.android.settings.network.telephony.DataServiceSetupPreferenceController
05-05 06:26:11.970  1028  1118 D PrefCtrlListHelper: Could not find Context-only controller for pref: com.android.settings.network.telephony.MobileDataPreferenceController
05-05 06:26:11.970  1028  1118 D PrefCtrlListHelper: Could not find Context-only controller for pref: com.android.settings.network.telephony.AutoDataSwitchPreferenceController
05-05 06:26:11.971  1028  1118 D PrefCtrlListHelper: Could not find Context-only controller for pref: com.android.settings.network.telephony.RoamingPreferenceController
05-05 06:26:11.971  1028  1118 D PrefCtrlListHelper: Could not find Context-only controller for pref: com.android.settings.network.telephony.DataUsagePreferenceController
05-05 06:26:11.971  1028  1118 D PrefCtrlListHelper: Could not find Context-only controller for pref: com.android.settings.datausage.BillingCyclePreferenceController
05-05 06:26:11.971  1028  1118 D PrefCtrlListHelper: Could not find Context-only controller for pref: com.android.settings.network.CarrierWifiTogglePreferenceController
05-05 06:26:11.971  1028  1118 D PrefCtrlListHelper: Could not find Context-only controller for pref: com.android.settings.network.telephony.MmsMessagePreferenceController
05-05 06:26:11.972  1028  1118 D PrefCtrlListHelper: Could not find Context-only controller for pref: com.android.settings.network.telephony.Enhanced4gLtePreferenceController
05-05 06:26:11.972  1028  1118 D PrefCtrlListHelper: Could not find Context-only controller for pref: com.android.settings.network.telephony.Enhanced4gCallingPreferenceController
05-05 06:26:11.972  1028  1118 D PrefCtrlListHelper: Could not find Context-only controller for pref: com.android.settings.network.telephony.Enhanced4gAdvancedCallingPreferenceController
05-05 06:26:11.972  1028  1118 D PrefCtrlListHelper: Could not find Context-only controller for pref: com.android.settings.network.telephony.ContactDiscoveryPreferenceController
05-05 06:26:11.975  1518  2485 E IPCThreadState: Binder transaction failure. id: 86311, BR_*: 29201, error: -28 (No space left on device)
05-05 06:26:11.975  1028  1118 D PrefCtrlListHelper: Could not find Context-only controller for pref: com.android.settings.network.telephony.PreferredNetworkModePreferenceController
05-05 06:26:11.975  1518  2485 W BpBinder: Large outgoing transaction of 1056768 bytes, interface descriptor , code 1
05-05 06:26:11.975  1028  1118 D PrefCtrlListHelper: Could not find Context-only controller for pref: com.android.settings.network.telephony.EnabledNetworkModePreferenceController
05-05 06:26:11.975  1028  1118 D PrefCtrlListHelper: Could not find Context-only controller for pref: com.android.settings.network.telephony.CarrierSettingsVersionPreferenceController
05-05 06:26:11.975  1028  1118 D PrefCtrlListHelper: Could not find Context-only controller for pref: com.google.android.settings.network.telephony.SpeedBoostPreferenceController
05-05 06:26:11.975  1518  2485 E JavaBinder: !!! FAILED BINDER TRANSACTION !!!  (parcel size = 1056768)
05-05 06:26:11.975  1028  1118 D PrefCtrlListHelper: Could not find Context-only controller for pref: com.android.settings.network.telephony.MobileNetworkImeiPreferenceController
05-05 06:26:11.975   602   980 W ActivityManager: pid 1518 com.google.android.gms sent binder code 1 with flags 2 to frozen apps and got error -2147483646
05-05 06:26:11.975  1028  1118 D PrefCtrlListHelper: Could not find Context-only controller for pref: com.android.settings.network.telephony.CallingPreferenceCategoryController
05-05 06:26:11.975   602   980 D ActivityManager: Too many transaction errors, throttling freezer binder callback.
05-05 06:26:11.975  1028  1118 D PrefCtrlListHelper: Could not find Context-only controller for pref: com.android.settings.network.telephony.WifiCallingPreferenceController
05-05 06:26:11.976  1028  1118 D PrefCtrlListHelper: Could not find Context-only controller for pref: com.android.settings.network.telephony.VideoCallingPreferenceController
05-05 06:26:11.976  1028  1118 D PrefCtrlListHelper: Could not find Context-only controller for pref: com.android.settings.network.telephony.cdma.CdmaSystemSelectPreferenceController
05-05 06:26:11.976  1028  1118 D PrefCtrlListHelper: Could not find Context-only controller for pref: com.android.settings.network.telephony.cdma.CdmaSubscriptionPreferenceController
05-05 06:26:11.976  1028  1118 D PrefCtrlListHelper: Could not find Context-only controller for pref: com.android.settings.network.telephony.NetworkPreferenceCategoryController
05-05 06:26:11.976  1028  1118 D PrefCtrlListHelper: Could not find Context-only controller for pref: com.android.settings.network.telephony.gsm.AutoSelectPreferenceController
05-05 06:26:11.976  1028  1118 D PrefCtrlListHelper: Could not find Context-only controller for pref: com.android.settings.network.telephony.gsm.OpenNetworkSelectPagePreferenceController
05-05 06:26:11.976  1028  1118 D PrefCtrlListHelper: Could not find Context-only controller for pref: com.android.settings.network.telephony.SatelliteSettingPreferenceController
05-05 06:26:11.976  1028  1118 D PrefCtrlListHelper: Could not find Context-only controller for pref: com.android.settings.network.telephony.ApnPreferenceController
05-05 06:26:11.976  1028  1118 D PrefCtrlListHelper: Could not find Context-only controller for pref: com.android.settings.network.telephony.CarrierPreferenceController
05-05 06:26:11.977  1028  1118 D PrefCtrlListHelper: Could not find Context-only controller for pref: com.android.settings.network.telephony.Enable2gPreferenceController
05-05 06:26:11.977  1028  1118 D PrefCtrlListHelper: Could not find Context-only controller for pref: com.android.settings.network.telephony.NullAlgorithmsPreferenceController
05-05 06:26:11.977  1028  1118 D PrefCtrlListHelper: Could not find Context-only controller for pref: com.android.settings.network.telephony.NrAdvancedCallingPreferenceController
05-05 06:26:11.977  1028  1118 D PrefCtrlListHelper: Could not find Context-only controller for pref: com.android.settings.network.telephony.ConvertToEsimPreferenceController
05-05 06:26:11.977  1028  1118 D PrefCtrlListHelper: Could not find Context-only controller for pref: com.android.settings.network.telephony.TransferEsimPreferenceController
05-05 06:26:11.977  1028  1118 D PrefCtrlListHelper: Could not find Context-only controller for pref: com.android.settings.network.telephony.DeleteSimProfilePreferenceController
05-05 06:26:11.958     0     0 I binder_alloc: 1105: binder_alloc_buf size 1056768 failed, no address space
05-05 06:26:11.958     0     0 I binder_alloc: allocated: 0 (num: 0 largest: 0), free: 1040384 (num: 1 largest: 1040384)
05-05 06:26:11.977  1028  1118 D PrefCtrlListHelper: Could not find Context-only controller for pref: com.android.settings.network.telephony.DisableSimFooterPreferenceController
05-05 06:26:11.959     0     0 I binder  : cannot allocate buffer: no space left
05-05 06:26:11.959     0     0 I binder  : 1518:2485 transaction call to 1105:0 failed 86311/29201/-28, size 1056768-0 line 3544
05-05 06:26:11.978  1028  1118 D PrefCtrlListHelper: Could not find Context-only controller for pref: com.android.settings.network.telephony.NrDisabledInDsdsFooterPreferenceController
05-05 06:26:11.986  1434  1441 I s.messaging:rcs: Background concurrent mark compact GC freed 4505KB AllocSpace bytes, 33(976KB) LOS objects, 49% free, 4246KB/8493KB, paused 1.620ms,4.035ms total 149.495ms
05-05 06:26:12.002  1518  2542 V Backup  : [CustomBackupNewScheduleLog] Task is scheduled to run
05-05 06:26:12.007  1105  1105 D BoundBrokerSvc: onUnbind: Intent { act=com.google.android.gms.chimera.container.BIND_FIND_BUFFER_SIZE dat=chimera-action:/... cmp=com.google.android.gms/.chimera.PersistentInternalBoundBrokerService }
05-05 06:26:12.011  1518  2487 I CobaltLoggerImpl: CobaltModuleInitIntentOperation: 2 [CONTEXT service_id=364 ]
05-05 06:26:12.019  1518  2542 V Backup  : [ClearcutLoggerWithVerifier] Logging to Clearcut eventCode: 85, event: # eqmb@456f429f
05-05 06:26:12.021  1518  2487 I CobaltLoggerImpl: Scheduling Cobalt Observation Generation task to run every 24 hours [CONTEXT service_id=364 ]
05-05 06:26:12.031  1518  2485 I constellation: [intent_handler] Received onBootCompleted intent
05-05 06:26:12.034  1518  2485 I constellation: [reboot_checker] Reboot checker check status.
05-05 06:26:12.034   602   980 D OomAdjuster: Not killing cached processes
05-05 06:26:12.035  1518  2485 I constellation: [reboot_checker] Reboot Sync didn't run.
05-05 06:26:12.057   397   397 D Zygote  : Forked child process 2747
05-05 06:26:12.058   602  1635 V SafetySourceDataValidat: Package: com.google.android.gms has expected signature
05-05 06:26:12.058   602  1635 V SafetySourceDataValidat: Package: com.google.android.gms has expected signature
05-05 06:26:12.066  1518  2543 W GmsTaskScheduler: com.google.android.gms.credential.manager.tasks.PasswordSharingSubscriptionTaskBoundService is not available. This may cause the task to be lost.
05-05 06:26:12.067  1518  2543 W ChimeraUtils: Module com.google.android.gms.dck_stub missing resource null(0)
05-05 06:26:12.083  1518  2543 I DckStubModuleInit: Loading stub module components [CONTEXT service_id=289 ]
05-05 06:26:12.085  1518  2543 I Dck     : disableDckSupport: false [CONTEXT service_id=289 ]
05-05 06:26:12.086  1518  2543 I Dck     : doesDeviceHaveSupportedWirelessCapabilities: wccSysProp:0, wccMendel:3, deviceWccOverride:false [CONTEXT service_id=289 ]
05-05 06:26:12.086  1518  2543 I Dck     : Dck module condition - hasWccSupport: false [CONTEXT service_id=289 ]
05-05 06:26:12.086  1518  2543 I Dck     : Dck module condition - downloadAllowed: false [CONTEXT service_id=289 ]
05-05 06:26:12.086  1518  2543 W Dck     : Dck module not eligible for asynchronous downloading [CONTEXT service_id=289 ]
05-05 06:26:12.087  2747  2747 I id.gms.unstable: Using CollectorTypeCMC GC.
05-05 06:26:12.088  2747  2747 W id.gms.unstable: Unexpected CPU variant for x86: x86_64.
05-05 06:26:12.088  2747  2747 W id.gms.unstable: Known variants: atom, sandybridge, silvermont, goldmont, goldmont-plus, goldmont-without-sha-xsaves, tremont, kabylake, default
05-05 06:26:12.090  2747  2747 E id.gms.unstable: Not starting debugger since process cannot load the jdwp agent.
05-05 06:26:12.094  2747  2747 D nativeloader: Load libframework-connectivity-tiramisu-jni.so using APEX ns com_android_tethering for caller /apex/com.android.tethering/javalib/framework-connectivity-t.jar: ok
05-05 06:26:12.099   602   660 W ActivityManager: Slow operation: 52ms so far, now at startProcess: done updating battery stats
05-05 06:26:12.099   602   660 W ActivityManager: Slow operation: 52ms so far, now at startProcess: building log message
05-05 06:26:12.099   602   660 I ActivityManager: Start proc 2747:com.google.android.gms.unstable/u0a143 for service {com.google.android.gms/com.google.android.gms.droidguard.DroidGuardService}
05-05 06:26:12.099   602   660 W ActivityManager: Slow operation: 53ms so far, now at startProcess: starting to update pids map
05-05 06:26:12.099  2585  2633 I GooglePartnerSetup: Registered with Phenotype
05-05 06:26:12.099   602   660 W ActivityManager: Slow operation: 53ms so far, now at startProcess: done updating pids map
05-05 06:26:12.099  2585  2633 W JobInfo : Job 'com.google.android.partnersetup/.PhenotypeJobService#2' has a deadline with no functional constraints. The deadline won't improve job execution latency. Consider removing the deadline.
05-05 06:26:12.101   602  2015 W JobInfo : Job 'com.google.android.partnersetup/.PhenotypeJobService#2' has a deadline with no functional constraints. The deadline won't improve job execution latency. Consider removing the deadline.
05-05 06:26:12.130  1486  1690 I BugleRcsProvisioning: BugleSystemBindingManager: onBuglePhenotypeFlagChanged
05-05 06:26:12.133  1518  1518 D BoundBrokerSvc: onBind: Intent { act=com.google.android.gms.credential.manager.service.zeroparty.checkup.START dat=chimera-action:/... cmp=com.google.android.gms/.chimera.GmsApiService }
05-05 06:26:12.133  1518  1518 D BoundBrokerSvc: Loading bound service for intent: Intent { act=com.google.android.gms.credential.manager.service.zeroparty.checkup.START dat=chimera-action:/... cmp=com.google.android.gms/.chimera.GmsApiService }
05-05 06:26:12.134  2747  2747 D CompatChangeReporter: Compat change id reported: 242716250; UID 10143; state: ENABLED
05-05 06:26:12.138  1486  1675 I BugleRcsEngine: SystemBinding enabled: true [CONTEXT log_prefix="SystemBindingManager" thread_id=50 ]
05-05 06:26:12.141   396   396 I netd    : tetherGetStats() -> {[]} <0.48ms>
05-05 06:26:12.142  1486  1675 I BugleRcsEngine: System Binding updated [CONTEXT thread_id=50 ]
05-05 06:26:12.149  1486  2125 W BugleRcsEngine: Unable to send diagnostic log [CONTEXT thread_id=68 ]
05-05 06:26:12.156   396  2758 I resolv  : GetAddrInfoHandler::run: {101 786533 101 983141 10143 0}
05-05 06:26:12.157  1486  2064 W BugleRcsEngine: Unable to send diagnostic log [CONTEXT thread_id=62 ]
05-05 06:26:12.160   396  2759 I resolv  : res_nmkquery: (QUERY, IN, AAAA)
05-05 06:26:12.160   396  2760 I resolv  : res_nmkquery: (QUERY, IN, A)
05-05 06:26:12.165  1518  1668 I Checkin : [CheckinApiChimeraService] onGetService
05-05 06:26:12.170  2747  2747 D ApplicationLoaders: Returning zygote-cached class loader: /system/framework/org.apache.http.legacy.jar
05-05 06:26:12.176  2747  2747 D nativeloader: Configuring clns-7 for other apk /system/framework/com.android.media.remotedisplay.jar. target_sdk_version=34, uses_libraries=ALL, library_path=/product/priv-app/PrebuiltGmsCore/lib/x86_64:/product/priv-app/PrebuiltGmsCore/PrebuiltGmsCore.apk!/lib/x86_64, permitted_path=/data:/mnt/expand:/data/user/0/com.google.android.gms
05-05 06:26:12.186  2747  2747 D nativeloader: Configuring clns-8 for other apk /system/framework/com.android.location.provider.jar. target_sdk_version=34, uses_libraries=ALL, library_path=/product/priv-app/PrebuiltGmsCore/lib/x86_64:/product/priv-app/PrebuiltGmsCore/PrebuiltGmsCore.apk!/lib/x86_64, permitted_path=/data:/mnt/expand:/data/user/0/com.google.android.gms
05-05 06:26:12.187  2747  2747 D ApplicationLoaders: Returning zygote-cached class loader: /system_ext/framework/androidx.window.extensions.jar
05-05 06:26:12.187  2747  2747 D ApplicationLoaders: Returning zygote-cached class loader: /system_ext/framework/androidx.window.sidecar.jar
05-05 06:26:12.196  1486  2125 W BugleRcs: getAvailableProvisioningIds: accessing uninitialized provisioning identities.
05-05 06:26:12.196  1486  2125 W BugleRcs: dncp: FULL
05-05 06:26:12.196  1486  2125 W BugleRcs: 	at cjmd.i(PG:53)
05-05 06:26:12.196  1486  2125 W BugleRcs: 	at cjvb.q(PG:169)
05-05 06:26:12.196  1486  2125 W BugleRcs: 	at brts.a(PG:27)
05-05 06:26:12.196  1486  2125 W BugleRcs: 	at brsg.b(PG:24)
05-05 06:26:12.196  1486  2125 W BugleRcs: 	at brsg.a(PG:13)
05-05 06:26:12.196  1486  2125 W BugleRcs: 	at efhn.a(PG:14)
05-05 06:26:12.196  1486  2125 W BugleRcs: 	at eerl.a(PG:10)
05-05 06:26:12.196  1486  2125 W BugleRcs: 	at dlmg.b(PG:84)
05-05 06:26:12.196  1486  2125 W BugleRcs: 	at eegr.w(PG:11)
05-05 06:26:12.196  1486  2125 W BugleRcs: 	at eerz.run(PG:109)
05-05 06:26:12.196  1486  2125 W BugleRcs: 	at djfc.run(PG:3)
05-05 06:26:12.196  1486  2125 W BugleRcs: 	at dkqk.run(PG:21)
05-05 06:26:12.196  1486  2125 W BugleRcs: 	at crzm.run(PG:3)
05-05 06:26:12.196  1486  2125 W BugleRcs: 	at java.util.concurrent.ThreadPoolExecutor.runWorker(ThreadPoolExecutor.java:1145)
05-05 06:26:12.196  1486  2125 W BugleRcs: 	at java.util.concurrent.ThreadPoolExecutor$Worker.run(ThreadPoolExecutor.java:644)
05-05 06:26:12.196  1486  2125 W BugleRcs: 	at cryq.run(PG:6)
05-05 06:26:12.196  1486  2125 W BugleRcs: 	at java.lang.Thread.run(Thread.java:1012)
05-05 06:26:12.196  1486  2125 W BugleRcs: 	at csaw.run(PG:64)
05-05 06:26:12.197  1486  2125 I BugleTransport: Retrieved RCS available simIds: []
05-05 06:26:12.212  1486  2128 I BugleTransport: Deregister all SIMs except for SIMs with subIds: [] from chat transport: TACHYGRAM.
05-05 06:26:12.212  1486  2134 I BugleTransport: Deregister all SIMs except for SIMs with subIds: [] from chat transport: DUAL_REGISTRATION.
05-05 06:26:12.216  2747  2747 D nativeloader: InitLlndkLibrariesProduct: libEGL.so:libGLESv1_CM.so:libGLESv2.so:libGLESv3.so:libRS.so:libandroid_net.so:libapexsupport.so:libbinder_ndk.so:libc.so:libcgrouprc.so:libclang_rt.asan-x86_64-android.so:libcom.android.tethering.connectivity_native.so:libdl.so:libft2.so:liblog.so:libm.so:libmediandk.so:libnativewindow.so:libneuralnetworks.so:libselinux.so:libsync.so:libvendorsupport.so:libvndksupport.so:libvulkan.so
05-05 06:26:12.216  2747  2747 D nativeloader: Configuring product-clns-9 for unbundled product apk /product/priv-app/PrebuiltGmsCore/PrebuiltGmsCore.apk. target_sdk_version=34, uses_libraries=, library_path=/product/priv-app/PrebuiltGmsCore/lib/x86_64:/product/priv-app/PrebuiltGmsCore/PrebuiltGmsCore.apk!/lib/x86_64:/product/lib64:/system/product/lib64, permitted_path=/data:/mnt/expand:/data/user/0/com.google.android.gms:/product/lib64:/system/product/lib64
05-05 06:26:12.216  1486  2065 I BugleTransport: Deregister all SIMs except for SIMs with subIds: [] from chat transport: SINGLE_REGISTRATION.
05-05 06:26:12.218  1518  2485 I constellation: [intent_handler] on init with intent Intent { act=android.intent.action.BOOT_COMPLETED flg=0x89000010 pkg=com.google.android.gms cmp=com.google.android.gms/.chimera.GmsIntentOperationService (has extras) }
05-05 06:26:12.221  2747  2747 D nativeloader: InitVndkspLibrariesProduct: VNDK is deprecated with product
05-05 06:26:12.233  1486  2125 I RcsClientLib: Connecting RcsEngineLifecycleServiceV2
05-05 06:26:12.238  2747  2747 V GraphicsEnvironment: Currently set values for:
05-05 06:26:12.238  2747  2747 V GraphicsEnvironment:   angle_gl_driver_selection_pkgs=[]
05-05 06:26:12.238  2747  2747 V GraphicsEnvironment:   angle_gl_driver_selection_values=[]
05-05 06:26:12.238  2747  2747 V GraphicsEnvironment: Global.Settings values are invalid: number of packages: 0, number of values: 0
05-05 06:26:12.238  2747  2747 V GraphicsEnvironment: Neither updatable production driver nor prerelease driver is supported.
05-05 06:26:12.241  1486  2125 W RcsClientLib: No CS.apk RCS service found. Is RCS running in Bugle?
05-05 06:26:12.242  2747  2747 I LoadedApk: No resource references to update in package com.google.android.gms
05-05 06:26:12.242  1486  2065 I RcsClientLib: Connecting RcsEngineLifecycleServiceV2
05-05 06:26:12.245  1486  2065 W RcsClientLib: No CS.apk RCS service found. Is RCS running in Bugle?
05-05 06:26:12.247  1486  2065 I RcsClientLib: shouldUseCarrierServicesJibeService: false, CarrierServices rcs service found: false
05-05 06:26:12.248  1486  2125 I RcsClientLib: shouldUseCarrierServicesJibeService: false, CarrierServices rcs service found: false
05-05 06:26:12.266  1486  2134 I RcsClientLib: com.google.android.rcs.client.lifecycle.RcsEngineLifecycleServiceV2 connected
05-05 06:26:12.269  1486  2134 I RcsClientLib: com.google.android.rcs.client.lifecycle.RcsEngineLifecycleServiceV2 connected
05-05 06:26:12.277   602   776 D WifiConfigStore: Writing to stores completed in 22 ms.
05-05 06:26:12.281  2747  2747 I GmsApplication: Using GservicesReaderQueryDelegate
05-05 06:26:12.283  1434  2742 I BugleRcsEngine: stopAllRcsTransportsExcept: ignoring stopping the RcsEngine. RcsEngine is still running [CONTEXT log_prefix="RcsEngineProxyImpl:[bce3ae0e-6052]" thread_id=66 ]
05-05 06:26:12.284  1486  1879 I RcsClientLib: Disconnecting RcsEngineLifecycleServiceV2
05-05 06:26:12.289  1434  1725 I BugleRcsEngine: stopAllRcsTransportsExcept: ignoring stopping the RcsEngine. RcsEngine is still running [CONTEXT log_prefix="RcsEngineProxyImpl:[bce3ae0e-6052]" thread_id=53 ]
05-05 06:26:12.289  2747  2747 W SQLiteCompatibilityWalFlags: Cannot read global setting sqlite_compatibility_wal_flags - Application state not available
05-05 06:26:12.303  1518  2485 I EnterpriseLoader: [ConditionsChecker] ZT config not present. [CONTEXT service_id=225 ]
05-05 06:26:12.312   935  1084 D DhcpClient: Received packet: 02:15:b2:00:00:00 OFFER, ip /10.0.2.16, netmask /255.255.255.0, DNS servers: /10.0.2.3 , gateways [/10.0.2.2], lease time 86400, domain null
05-05 06:26:12.314   935  1084 D DhcpClient: Received packet: 02:15:b2:00:00:00 ACK: your new IP /10.0.2.16, netmask /255.255.255.0, gateways [/10.0.2.2] DNS servers: /10.0.2.3 , lease time 86400, domain null
05-05 06:26:12.315  1486  1880 I RcsClientLib: Disconnecting RcsEngineLifecycleServiceV2
05-05 06:26:12.325  1518  2485 I EsimModuleInit: onHandleIntent action: android.intent.action.BOOT_COMPLETED [CONTEXT service_id=333 ]
05-05 06:26:12.327   602   980 D CompatChangeReporter: Compat change id reported: 319212206; UID 10143; state: ENABLED
05-05 06:26:12.330   602   783 D ConnectivityService: NetReassign [no changes] [c 1] [a 1] [i 0]
05-05 06:26:12.330  1518  2485 I Fido    : [FidoInitIntentOperation] Initializing Fido module, InitRuntimeState=2
05-05 06:26:12.335  1518  2766 I EsimPhSyncer: Network available: syncing esim transfer p/h flags. [CONTEXT service_id=333 ]
05-05 06:26:12.348  1486  2098 D MddListenableWorkerFactory: createWorker for class: com.google.android.apps.messaging.shared.datamodel.workqueue.WorkQueueWorkerShim
05-05 06:26:12.357  2747  2747 W ProviderHelper: Unknown dynamite feature providerinstaller.dynamite
05-05 06:26:12.358  2747  2747 I DynamiteModule: Considering local module com.google.android.gms.providerinstaller.dynamite:1 and remote module com.google.android.gms.providerinstaller.dynamite:0
05-05 06:26:12.361  2747  2747 I DynamiteModule: Selected local version of com.google.android.gms.providerinstaller.dynamite
05-05 06:26:12.369  1105  1105 I Fido    : [CableAuthenticatorChimeraService] Registering broadcast receiver.
05-05 06:26:12.375  1486  1690 I WM-WorkerWrapper: Worker result SUCCESS for Work [ id=146642ef-463c-465b-ba8e-68787a8049f0, tags={ com.google.android.apps.messaging.shared.datamodel.workqueue.WorkQueueWorkerShim,data_upgrade- } ]
05-05 06:26:12.376  1105  1105 I Fido    : [AuthenticatorChimeraService] Unregistered the broadcast receiver [CONTEXT service_id=287 ]
05-05 06:26:12.383   602  2015 D BiometricService: canAuthenticate: User=0, Caller=0, Authenticators=255
05-05 06:26:12.385   602  2015 D BiometricService/PreAuthInfo: Package: com.google.android.gms Sensor ID: 0 Modality: 2 Status: 7
05-05 06:26:12.385   602  2015 D BiometricService/PreAuthInfo: Package: com.google.android.gms Sensor ID: 4 Modality: 8 Status: 7
05-05 06:26:12.385   602  2015 D BiometricService/PreAuthInfo: getCanAuthenticateInternal Modality: 8 AuthenticatorStatus: 7
05-05 06:26:12.385   602  2015 D AuthService: canAuthenticate, userId: 0, callingUserId: 0, authenticators: 255, result: 11
05-05 06:26:12.398   602  2351 D BiometricService: canAuthenticate: User=0, Caller=0, Authenticators=32768
05-05 06:26:12.400  2747  2747 D nativeloader: Load /product/priv-app/PrebuiltGmsCore/PrebuiltGmsCore.apk!/lib/x86_64/libconscrypt_gmscore_jni.so using ns product-clns-9 from class loader (caller=/product/priv-app/PrebuiltGmsCore/PrebuiltGmsCore.apk!classes3.dex): ok
05-05 06:26:12.400   602  2351 D BiometricService/PreAuthInfo: getCanAuthenticateInternal Modality: 1 AuthenticatorStatus: 9
05-05 06:26:12.400  2747  2747 V NativeCrypto: Registering com/google/android/gms/org/conscrypt/NativeCrypto's 305 native methods...
05-05 06:26:12.400   602  2351 D AuthService: canAuthenticate, userId: 0, callingUserId: 0, authenticators: 32768, result: 11
05-05 06:26:12.400  1518  2485 I Fido    : [FidoV2EnrollmentController] Attempting to enroll Autofill Keystore keys
05-05 06:26:12.402  1518  2485 I Fido    : [FidoV2EnrollmentController] No screen lock set.
05-05 06:26:12.411  2747  2747 I ProviderInstaller: Installed default security provider GmsCore_OpenSSL
