05-05 06:26:11.469  1028  1118 E HardwareInfoFeatureProviderImpl: 	at com.android.settings.search.SettingsSearchIndexablesProvider.queryNonIndexableKeys(SettingsSearchIndexablesProvider.java:157)
05-05 06:26:11.469  1028  1118 E HardwareInfoFeatureProviderImpl: 	at android.provider.SearchIndexablesProvider.query(SearchIndexablesProvider.java:127)
05-05 06:26:11.469  1028  1118 E HardwareInfoFeatureProviderImpl: 	at android.content.ContentProvider.query(ContentProvider.java:1620)
05-05 06:26:11.469  1028  1118 E HardwareInfoFeatureProviderImpl: 	at android.content.ContentProvider.query(ContentProvider.java:1716)
05-05 06:26:11.469  1028  1118 E HardwareInfoFeatureProviderImpl: 	at android.content.ContentProvider$Transport.query(ContentProvider.java:295)
05-05 06:26:11.469  1028  1118 E HardwareInfoFeatureProviderImpl: 	at android.content.ContentProviderNative.onTransact(ContentProviderNative.java:107)
05-05 06:26:11.469  1028  1118 E HardwareInfoFeatureProviderImpl: 	at android.os.Binder.execTransactInternal(Binder.java:1500)
05-05 06:26:11.469  1028  1118 E HardwareInfoFeatureProviderImpl: 	at android.os.Binder.execTransact(Binder.java:1444)
05-05 06:26:11.469  1028  1420 D PrefCtrlListHelper: Could not find Context-only controller for pref: com.google.android.settings.fuelgauge.reversecharging.ReverseChargingTopIntroController
05-05 06:26:11.469  1028  1420 D PrefCtrlListHelper: Could not find Context-only controller for pref: com.google.android.settings.fuelgauge.reversecharging.ReverseChargingSeekBarController
05-05 06:26:11.470  1028  1420 D PrefCtrlListHelper: Could not find Context-only controller for pref: com.google.android.settings.fuelgauge.reversecharging.ReverseChargingAutoTurnOnSwitchPreferenceController
05-05 06:26:11.470  1028  1118 D PrefCtrlListHelper: Could not find Context-only controller for pref: com.android.settings.notification.RemoteVolumeGroupController
05-05 06:26:11.472  1028  1420 D PrefCtrlListHelper: Could not find Context-only controller for pref: com.google.android.settings.touch.AdaptiveTouchSensitivityPreferenceController
05-05 06:26:11.473  1028  1420 D PrefCtrlListHelper: Could not find Context-only controller for pref: com.google.android.settings.touch.TouchSensitivityPreferenceController
05-05 06:26:11.473  1028  1420 D PrefCtrlListHelper: Could not find Context-only controller for pref: com.google.android.settings.accessibility.AdaptiveVibrationTogglePreferenceController
05-05 06:26:11.473  1028  1420 W PrefCtrlListHelper: Cannot instantiate controller from reflection: com.google.android.settings.accessibility.AdaptiveVibrationTogglePreferenceController
05-05 06:26:11.473  1028  1420 D PrefCtrlListHelper: Could not find Context-only controller for pref: com.google.android.settings.accessibility.AdaptiveVibrationFooterPreferenceController
05-05 06:26:11.474  1028  1420 D PrefCtrlListHelper: Could not find Context-only controller for pref: com.google.android.settings.notification.ClearCallingTogglePreferenceController
05-05 06:26:11.474  1028  1420 D PrefCtrlListHelper: Could not find Context-only controller for pref: com.google.android.settings.notification.ClearCallingTipsButtonPreferenceController
05-05 06:26:11.479  1028  1420 I SettingsSearchProvider: Skip indexing category: com.android.settings.category.ia.advanced_security
05-05 06:26:11.479  1028  1420 I SettingsSearchProvider: Skip indexing category: com.android.settings.category.ia.development
05-05 06:26:11.480  1028  1420 I SettingsSearchProvider: Skip indexing category: com.android.settings.category.ia.security
05-05 06:26:11.494  1028  1118 D PrefCtrlListHelper: Could not find Context-only controller for pref: com.android.settings.sound.MediaOutputPreferenceController
05-05 06:26:11.502  1028  1118 D PrefCtrlListHelper: Could not find Context-only controller for pref: com.android.settings.notification.CallVolumePreferenceController
05-05 06:26:11.502  1028  1118 D PrefCtrlListHelper: Could not find Context-only controller for pref: com.android.settings.sound.HandsFreeProfileOutputPreferenceController
05-05 06:26:11.509  1028  1118 D PrefCtrlListHelper: Could not find Context-only controller for pref: com.android.settings.notification.zen.ZenModePreferenceController
05-05 06:26:11.509  1028  1118 D PrefCtrlListHelper: Could not find Context-only controller for pref: com.android.settings.notification.SpatialAudioParentPreferenceController
05-05 06:26:11.509  1028  1118 D PrefCtrlListHelper: Could not find Context-only controller for pref: com.android.settings.sound.MediaControlsParentPreferenceController
05-05 06:26:11.511  1028  1118 D PrefCtrlListHelper: Could not find Context-only controller for pref: com.android.settings.accessibility.VibrationPreferenceController
05-05 06:26:11.511  1028  1118 D PrefCtrlListHelper: Could not find Context-only controller for pref: com.android.settings.gestures.PreventRingingParentPreferenceController
05-05 06:26:11.512  1028  1118 D PrefCtrlListHelper: Could not find Context-only controller for pref: com.google.android.settings.notification.ClearCallingPreferenceController
05-05 06:26:11.512  1028  1118 D PrefCtrlListHelper: Could not find Context-only controller for pref: com.android.settings.notification.WorkSoundsPreferenceController
05-05 06:26:11.517  1518  2485 I Auth    : [SupervisedAccountIntentOperation] onHandleIntent(): android.intent.action.BOOT_COMPLETED
05-05 06:26:11.521  1518  2542 W Auth    : [PubsubPeriodicSyncherRuntimeInit] Initializing periodic tasks, IntentAction=android.intent.action.BOOT_COMPLETED, InitRuntimeState=2
05-05 06:26:11.523  1028  1420 I SettingsSearchProvider: Skip indexing category: com.android.settings.category.ia.privacy
05-05 06:26:11.532  1518  2487 I SystemUpdate: [Execution,InstallationEventIntentOperation] Handling event of type 1.
05-05 06:26:11.540  1028  1420 I SettingsSearchProvider: Skip indexing category: com.android.settings.category.ia.homepage
05-05 06:26:11.542  1028  1118 D PrefCtrlListHelper: Could not find Context-only controller for pref: com.android.settings.applications.credentials.CredentialManagerPreferenceController
05-05 06:26:11.542  1028  1118 W PrefCtrlListHelper: Cannot instantiate controller from reflection: com.android.settings.applications.credentials.CredentialManagerPreferenceController
05-05 06:26:11.544  1518  2487 I SystemUpdate: [Execution,InstallationIntentOperation] Received intent: Intent { act=com.google.android.gms.update.INSTALL_UPDATE cat=[targeted_intent_op_prefix:.update.execution.InstallationIntentOperation] cmp=com.google.android.gms/.chimera.GmsIntentOperationService (has extras) }.
05-05 06:26:11.553  1518  2487 I SystemUpdate: [Execution,ExecutionManager] Action finished-execution executed for 0.00 seconds.
05-05 06:26:11.557  1028  1118 D PrefCtrlListHelper: Could not find Context-only controller for pref: com.android.settings.development.transcode.TranscodeUserControlPreferenceController
05-05 06:26:11.557  1028  1118 D PrefCtrlListHelper: Could not find Context-only controller for pref: com.android.settings.development.transcode.TranscodeGlobalTogglePreferenceController
05-05 06:26:11.557  1028  1118 D PrefCtrlListHelper: Could not find Context-only controller for pref: com.android.settings.development.transcode.TranscodeDefaultOptionPreferenceController
05-05 06:26:11.557  1028  1118 D PrefCtrlListHelper: Could not find Context-only controller for pref: com.android.settings.development.transcode.TranscodeNotificationPreferenceController
05-05 06:26:11.558  1028  1118 D PrefCtrlListHelper: Could not find Context-only controller for pref: com.android.settings.development.transcode.TranscodeDisableCachePreferenceController
05-05 06:26:11.558  1028  1118 V SettingsSearchProvider: com.android.settings.development.transcode.TranscodeSettingsFragment$1@4867dcd tried to add an empty non-indexable key
05-05 06:26:11.558  1028  1118 D PrefCtrlListHelper: Could not find Context-only controller for pref: com.android.settings.display.ContrastSelectorPreferenceController
05-05 06:26:11.558  1028  1118 D PrefCtrlListHelper: Could not find Context-only controller for pref: com.android.settings.accessibility.HighTextContrastPreferenceController
05-05 06:26:11.558  1028  1118 D PrefCtrlListHelper: Could not find Context-only controller for pref: com.android.settings.display.ColorContrastFooterPreferenceController
05-05 06:26:11.558  1028  1118 D PrefCtrlListHelper: Could not find Context-only controller for pref: com.android.settings.fuelgauge.batterysaver.BatterySaverButtonPreferenceController
05-05 06:26:11.558  1028  1118 D PrefCtrlListHelper: Could not find Context-only controller for pref: com.google.android.settings.fuelgauge.batterysaver.BatterySaverModePreferenceController
05-05 06:26:11.559  1028  1118 D PrefCtrlListHelper: Could not find Context-only controller for pref: com.google.android.settings.fuelgauge.batterysaver.AdaptiveBatteryExpandController
05-05 06:26:11.559  1028  1118 D PrefCtrlListHelper: Could not find Context-only controller for pref: com.google.android.settings.fuelgauge.batterysaver.BatterySaverFooterPreferenceController
05-05 06:26:11.562  1518  2740 W ChimeraUtils: Module com.google.android.gms.auth_authzen__phone missing resource null(0)
05-05 06:26:11.567  1028  1118 D PrefCtrlListHelper: Could not find Context-only controller for pref: com.android.settings.inputmethod.TrackpadTouchGestureSettingsController
05-05 06:26:11.567  1028  1118 D PrefCtrlListHelper: Could not find Context-only controller for pref: com.android.settings.inputmethod.TrackpadTapToClickPreferenceController
05-05 06:26:11.567  1028  1118 D PrefCtrlListHelper: Could not find Context-only controller for pref: com.android.settings.inputmethod.TrackpadReverseScrollingPreferenceController
05-05 06:26:11.567  1028  1118 D PrefCtrlListHelper: Could not find Context-only controller for pref: com.android.settings.inputmethod.TrackpadBottomPreferenceController
05-05 06:26:11.567  1028  1118 D PrefCtrlListHelper: Could not find Context-only controller for pref: com.android.settings.inputmethod.TrackpadTapDraggingPreferenceController
05-05 06:26:11.568  1028  1118 D PrefCtrlListHelper: Could not find Context-only controller for pref: com.android.settings.inputmethod.TrackpadPointerSpeedPreferenceController
05-05 06:26:11.568  1028  1118 D PrefCtrlListHelper: Could not find Context-only controller for pref: com.android.settings.inputmethod.TouchGesturesButtonPreferenceController
05-05 06:26:11.568  1028  1118 D PrefCtrlListHelper: Could not find Context-only controller for pref: com.android.settings.gestures.SystemNavigationPreferenceController
05-05 06:26:11.568  1518  2542 I RecoverableKeyStoreGms: [RecoverableKeyStoreGmsInitOperation] Initializing auth_folsom
05-05 06:26:11.568  1028  1118 D PrefCtrlListHelper: Could not find Context-only controller for pref: com.android.settings.language.LanguagePreferenceController
05-05 06:26:11.568  1028  1118 D PrefCtrlListHelper: Could not find Context-only controller for pref: com.android.settings.inputmethod.KeyboardPreferenceController
05-05 06:26:11.568  1028  1118 D PrefCtrlListHelper: Could not find Context-only controller for pref: com.android.settings.inputmethod.TrackpadSettingsController
05-05 06:26:11.571  1518  2547 I Ads     : Parental control value is stale. Refreshing.
05-05 06:26:11.572  1518  2547 W Ads     : Play store is not installed or the service for parental controls is not available.
05-05 06:26:11.572  1518  2542 I RecoverableKeyStoreGms: [RecoverableKeyStoreGmsInitOperation] com.google.android.gms.auth.folsom.service.FolsomPublicKeyUpdateService is already enabled. Ignore.
05-05 06:26:11.572  1028  1118 D PrefCtrlListHelper: Could not find Context-only controller for pref: com.android.settings.gestures.GesturesSettingPreferenceController
05-05 06:26:11.573  1518  2542 I RecoverableKeyStoreGms: [RecoverableKeyStoreGmsInitOperation] com.google.android.gms.auth.folsom.service.GcmReceiverService is already enabled. Ignore.
05-05 06:26:11.573  1028  1118 D PrefCtrlListHelper: Could not find Context-only controller for pref: com.android.settings.datetime.DateTimePreferenceController
05-05 06:26:11.573  1028  1118 D PrefCtrlListHelper: Could not find Context-only controller for pref: com.google.android.settings.update.GoogleSystemUpdatePreferenceController
05-05 06:26:11.573  1028  1118 D PrefCtrlListHelper: Could not find Context-only controller for pref: com.google.android.settings.update.SoftwareUpdateController
05-05 06:26:11.573  1518  2547 I Ads     : Initialized AdMob in container 24.23.35 (190800-646585959)
05-05 06:26:11.573  1028  1118 D PrefCtrlListHelper: Could not find Context-only controller for pref: com.android.settings.users.MultiUserPreferenceController
05-05 06:26:11.573  1028  1118 D PrefCtrlListHelper: Could not find Context-only controller for pref: com.android.settings.system.DeveloperOptionsController
05-05 06:26:11.573  1028  1118 D PrefCtrlListHelper: Could not find Context-only controller for pref: com.google.android.settings.repairmode.RepairModePreferenceController
05-05 06:26:11.573  1028  1118 D PrefCtrlListHelper: Could not find Context-only controller for pref: com.google.android.settings.system.GoogleDeviceDiagnosticsPreferenceController
05-05 06:26:11.574  1028  1118 D PrefCtrlListHelper: Could not find Context-only controller for pref: com.android.settings.system.ResetPreferenceController
05-05 06:26:11.582  1518  2740 I Authzen : [AuthZenEventHandler] Handling event: android.intent.action.BOOT_COMPLETED
05-05 06:26:11.593  1518  2740 I Authzen : [TransactionCache] Clearing transaction cache
05-05 06:26:11.595   602  1640 V RecoverableKeyStoreMgr: Not updating secret types - same as old value.
05-05 06:26:11.599  1028  1118 D PrefCtrlListHelper: Could not find Context-only controller for pref: com.android.settings.nfc.NfcForegroundPreferenceController
05-05 06:26:11.599  1028  1118 V SettingsSearchProvider: com.android.settings.nfc.PaymentSettings$1@dc23ef tried to add an empty non-indexable key
05-05 06:26:11.600  1105  1105 D BoundBrokerSvc: onBind: Intent { act=com.google.android.gms.auth.proximity.devicesyncservice.START dat=chimera-action:/... cmp=com.google.android.gms/.chimera.PersistentBoundBrokerService }
05-05 06:26:11.600  1105  1105 D BoundBrokerSvc: Loading bound service for intent: Intent { act=com.google.android.gms.auth.proximity.devicesyncservice.START dat=chimera-action:/... cmp=com.google.android.gms/.chimera.PersistentBoundBrokerService }
05-05 06:26:11.603  1028  1118 D PrefCtrlListHelper: Could not find Context-only controller for pref: com.android.settings.development.featureflags.FeatureFlagsPreferenceController
05-05 06:26:11.603  1028  1118 V SettingsSearchProvider: com.android.settings.development.featureflags.FeatureFlagsDashboard$1@8c013da tried to add an empty non-indexable key
05-05 06:26:11.604  1028  1118 D PrefCtrlListHelper: Could not find Context-only controller for pref: com.android.settings.applications.specialaccess.pictureinpicture.PictureInPictureScreenPreferenceController
05-05 06:26:11.604  1028  1118 D PrefCtrlListHelper: Could not find Context-only controller for pref: com.google.android.settings.gestures.ButtonNavigationSettingsGoogleAssistController
05-05 06:26:11.604  1028  1118 D PrefCtrlListHelper: Could not find Context-only controller for pref: com.google.android.settings.gestures.ButtonNavigationSettingsGoogleAssistController
05-05 06:26:11.605  1028  1118 W SettingsPrefController: Skipping updateNonIndexableKeys, key already in list. com.google.android.settings.gestures.ButtonNavigationSettingsGoogleAssistController@81b93a6
05-05 06:26:11.607  1028  1118 D PrefCtrlListHelper: Could not find Context-only controller for pref: com.android.settings.language.UserDictionaryPreferenceController
05-05 06:26:11.607  1028  1118 D PrefCtrlListHelper: Could not find Context-only controller for pref: com.android.settings.inputmethod.GameControllerPreferenceController
05-05 06:26:11.607  1028  1118 D PrefCtrlListHelper: Could not find Context-only controller for pref: com.android.settings.core.WorkPreferenceController
05-05 06:26:11.607  1028  1118 D PrefCtrlListHelper: Could not find Context-only controller for pref: com.android.settings.inputmethod.SpellCheckerForWorkPreferenceController
05-05 06:26:11.608  1028  1118 D PrefCtrlListHelper: Could not find Context-only controller for pref: com.android.settings.display.AutoBrightnessDetailPreferenceController
05-05 06:26:11.609  1028  1118 D PrefCtrlListHelper: Could not find Context-only controller for pref: com.android.settings.location.RecentLocationAccessPreferenceController
05-05 06:26:11.609  1028  1118 D PrefCtrlListHelper: Could not find Context-only controller for pref: com.android.settings.location.RecentLocationAccessSeeAllButtonPreferenceController
05-05 06:26:11.609  1028  1118 D PrefCtrlListHelper: Could not find Context-only controller for pref: com.android.settings.location.LocationForWorkPreferenceController
05-05 06:26:11.610  1028  1118 D PrefCtrlListHelper: Could not find Context-only controller for pref: com.android.settings.location.LocationForPrivateProfilePreferenceController
05-05 06:26:11.611  1028  1118 D PrefCtrlListHelper: Could not find Context-only controller for pref: com.android.settings.location.AppLocationPermissionPreferenceController
05-05 06:26:11.611  1028  1118 D PrefCtrlListHelper: Could not find Context-only controller for pref: com.android.settings.location.LocationServicesPreferenceController
05-05 06:26:11.611  1028  1118 D PrefCtrlListHelper: Could not find Context-only controller for pref: com.android.settings.location.LocationSettingsFooterPreferenceController
05-05 06:26:11.611  1105  1992 W EasyUnlock: [HostValidator] Invalid account list. [CONTEXT service_id=234 ]
05-05 06:26:11.614  1028  1118 D PrefCtrlListHelper: Could not find Context-only controller for pref: com.android.settings.fuelgauge.batteryusage.BatteryChartPreferenceController
05-05 06:26:11.614  1028  1118 W PrefCtrlListHelper: Cannot instantiate controller from reflection: com.android.settings.fuelgauge.batteryusage.BatteryChartPreferenceController
05-05 06:26:11.614  1028  1118 D PrefCtrlListHelper: Could not find Context-only controller for pref: com.android.settings.fuelgauge.batteryusage.BatteryUsageBreakdownController
05-05 06:26:11.614  1028  1118 W PrefCtrlListHelper: Cannot instantiate controller from reflection: com.android.settings.fuelgauge.batteryusage.BatteryUsageBreakdownController
05-05 06:26:11.614  1028  1118 W PrefCtrlListHelper: battery_tips_category already has a controller
05-05 06:26:11.614  1028  1118 W PrefCtrlListHelper: screen_on_time_category already has a controller
05-05 06:26:11.619  1028  1118 D PrefCtrlListHelper: Could not find Context-only controller for pref: com.android.settings.backup.BackupDataPreferenceController
05-05 06:26:11.619  1028  1118 D PrefCtrlListHelper: Could not find Context-only controller for pref: com.android.settings.backup.ConfigureAccountPreferenceController
05-05 06:26:11.619  1028  1118 D PrefCtrlListHelper: Could not find Context-only controller for pref: com.android.settings.backup.DataManagementPreferenceController
05-05 06:26:11.620  1028  1118 D PrefCtrlListHelper: Could not find Context-only controller for pref: com.android.settings.backup.AutoRestorePreferenceController
05-05 06:26:11.620  1028  1118 D PrefCtrlListHelper: Could not find Context-only controller for pref: com.android.settings.backup.BackupInactivePreferenceController
05-05 06:26:11.620  1028  1118 V SettingsSearchProvider: com.android.settings.backup.PrivacySettings$1@83e6df tried to add an empty non-indexable key
05-05 06:26:11.623  1105  1105 E WearableService: PackageRecordCache: appContext was already set bbpj@e9f145e -> bbpj@a4803f
05-05 06:26:11.626  1518  2547 I Auth    : [AuthManaged, PasswordComplexityHelperImpl] Updating password complexity components state.
05-05 06:26:11.626  1518  2547 I Auth    : [AuthManaged, PasswordComplexityHelperImpl] Disabling com.google.android.gms.auth.managed.admin.DeviceAdminReceiver
05-05 06:26:11.630  1518  2547 I Auth    : [AuthManaged, PasswordComplexityHelperImpl] Disabling com.google.android.gms.auth.managed.ui.SetNewPasswordActivity
05-05 06:26:11.631  1028  1118 D PrefCtrlListHelper: Could not find Context-only controller for pref: com.android.settings.applications.specialaccess.interactacrossprofiles.InteractAcrossProfilesController
05-05 06:26:11.631  1028  1118 D PrefCtrlListHelper: Could not find Context-only controller for pref: com.android.settings.privacy.AccessibilityUsagePreferenceController
05-05 06:26:11.631  1028  1118 D PrefCtrlListHelper: Could not find Context-only controller for pref: com.android.settings.sound.MediaControlsLockScreenPreferenceController
05-05 06:26:11.631  1028  1118 D PrefCtrlListHelper: Could not find Context-only controller for pref: com.android.settings.privacy.CameraExtensionsFallbackPreferenceController
05-05 06:26:11.632  1028  1118 D PrefCtrlListHelper: Could not find Context-only controller for pref: com.android.settings.privacy.EnableContentCapturePreferenceController
05-05 06:26:11.632  1028  1118 D PrefCtrlListHelper: Could not find Context-only controller for pref: com.android.settings.privacy.EnableContentCaptureWithServiceSettingsPreferenceController
05-05 06:26:11.632  1028  1118 D PrefCtrlListHelper: Could not find Context-only controller for pref: com.android.settings.network.CellularSecurityPreferenceController
05-05 06:26:11.632  1028  1118 D PrefCtrlListHelper: Could not find Context-only controller for pref: com.android.settings.security.ContentProtectionPreferenceController
05-05 06:26:11.632  1028  1118 D PrefCtrlListHelper: Could not find Context-only controller for pref: com.android.settings.enterprise.ManageDeviceAdminPreferenceController
05-05 06:26:11.632  1028  1118 D PrefCtrlListHelper: Could not find Context-only controller for pref: com.android.settings.enterprise.EnterprisePrivacyPreferenceController
05-05 06:26:11.632  1028  1118 D PrefCtrlListHelper: Could not find Context-only controller for pref: com.android.settings.enterprise.FinancedPrivacyPreferenceController
05-05 06:26:11.632  1028  1118 D PrefCtrlListHelper: Could not find Context-only controller for pref: com.android.settings.devicelock.DeviceLockPreferenceController
05-05 06:26:11.632  1028  1118 D PrefCtrlListHelper: Could not find Context-only controller for pref: com.android.settings.security.SimLockPreferenceController
05-05 06:26:11.632  1028  1118 D PrefCtrlListHelper: Could not find Context-only controller for pref: com.android.settings.security.EncryptionStatusPreferenceController
05-05 06:26:11.632  1028  1118 D PrefCtrlListHelper: Could not find Context-only controller for pref: com.android.settings.security.trustagent.ManageTrustAgentsPreferenceController
05-05 06:26:11.632  1028  1118 D PrefCtrlListHelper: Could not find Context-only controller for pref: com.android.settings.security.ScreenPinningPreferenceController
05-05 06:26:11.632  1028  1118 D PrefCtrlListHelper: Could not find Context-only controller for pref: com.android.settings.security.MemtagPagePreferenceController
05-05 06:26:11.633  1028  1118 W PrefControllerMixin: Skipping updateNonIndexableKeys due to empty key com.android.settings.notification.LockScreenNotificationPreferenceController@9f5edf5
05-05 06:26:11.635  1028  1118 I ActiveUnlockStatusUtils: authority not set
05-05 06:26:11.637  1518  2547 I Auth    : [AuthManaged, AuthManagedModuleInitIntentOperation] enabling com.google.android.gms.auth.managed.ui.EmmActivity
05-05 06:26:11.638  1518  2547 I Auth    : [AuthManaged, AuthManagedModuleInitIntentOperation] enabling com.google.android.gms.auth.managed.ui.PhoneskyDpcInstallActivity
05-05 06:26:11.638  1518  2542 I RecoverableKeyStoreGms: [RecoverableKeyStoreGmsInitOperation] Setting vault handle
05-05 06:26:11.641  1028  1118 I ActiveUnlockStatusUtils: authority not set
05-05 06:26:11.642  1518  2547 W Auth    : [AuthManaged, SettingsSecurityDeviceOwnerChimeraActivity] device owner: n/a
05-05 06:26:11.646  1028  1118 I ActiveUnlockStatusUtils: authority not set
05-05 06:26:11.649   602   980 V RecoverableKeyStoreMgr: Not updating server params - same as old value.
05-05 06:26:11.649  1518  2547 I Auth    : [AuthManaged, AuthManagedModuleInitIntentOperation] disabling com.google.android.gms.auth.managed.ui.SettingsSecurityDeviceOwnerActivity
05-05 06:26:11.653  1028  1118 I ActiveUnlockStatusUtils: authority not set
05-05 06:26:11.655  1028  1118 I ActiveUnlockStatusUtils: authority not set
05-05 06:26:11.655  1518  2547 I Auth    : [AuthManaged, PasswordComplexityHelperImpl] Updating password complexity components state.
05-05 06:26:11.655  1518  2547 I Auth    : [AuthManaged, PasswordComplexityHelperImpl] Disabling com.google.android.gms.auth.managed.admin.DeviceAdminReceiver
05-05 06:26:11.657  1518  1524 I gle.android.gms: Background concurrent mark compact GC freed 3906KB AllocSpace bytes, 144(5824KB) LOS objects, 49% free, 10008KB/19MB, paused 4.800ms,4.748ms total 108.839ms
05-05 06:26:11.658  1518  2547 I Auth    : [AuthManaged, PasswordComplexityHelperImpl] Disabling com.google.android.gms.auth.managed.ui.SetNewPasswordActivity
05-05 06:26:11.658  1028  1118 I ActiveUnlockStatusUtils: authority not set
05-05 06:26:11.665  1518  1527 W gle.android.gms: ApkAssets: Deleting an ApkAssets object '<empty> and /data/app/~~aC2jdAvhHDQuN7wn-orO9Q==/com.nightshade.mobile-0jBmC2chKvlTAFNFJPy7TQ==/base.apk' with 1 weak references
05-05 06:26:11.666  1028  1118 W SettingsPrefController: Skipping updateNonIndexableKeys, key already in list. com.android.settings.applications.specialaccess.interactacrossprofiles.InteractAcrossProfilesController@cb5278a
05-05 06:26:11.667   602  1017 I RecoverySnapshotLstnrs: Registered listener for agent with uid 10143
05-05 06:26:11.674  1518  1527 W gle.android.gms: ApkAssets: Deleting an ApkAssets object '<empty> and /system_ext/priv-app/SettingsGoogle/SettingsGoogle.apk' with 1 weak references
05-05 06:26:11.674  1518  2485 I ProximityAuth: [FeatureLoader] auth_easyunlock module load status: 2
05-05 06:26:11.674  1105  1105 I Wear_Controller: Wearable module requires a companion app to be installed.
05-05 06:26:11.674  1105  1105 I WearableService: onCreate: Wearable Services not starting. Wear is not available on this device.
05-05 06:26:11.674  1518  1527 W gle.android.gms: ApkAssets: Deleting an ApkAssets object '/product/overlay/SettingsGoogle__sdk_gphone64_x86_64__auto_generated_rro_product.apk' with 1 weak references
05-05 06:26:11.693  1105  1105 I ProximityAuth: [PhoneHubService] Handling intent for PhoneHubChimeraService.
05-05 06:26:11.693  1518  2542 I RecoverableKeyStoreGms: [EnrollmentManager] Returning certificates list from cache [CONTEXT service_id=172 ]
05-05 06:26:11.704  1105  2026 I ProximityAuth: [PhoneHubService] No enabled account, stopping service
05-05 06:26:11.707  1518  2547 I GmsCoreXrpcWrapper: Returning a channel provider with trafficStatsTag=18692 trafficStatsUid=-1
05-05 06:26:11.708  1105  1105 D BoundBrokerSvc: onBind: Intent { act=com.google.android.gms.auth.proximity.START dat=chimera-action:/... cmp=com.google.android.gms/.chimera.PersistentBoundBrokerService }
05-05 06:26:11.709  1105  1105 D BoundBrokerSvc: Loading bound service for intent: Intent { act=com.google.android.gms.auth.proximity.START dat=chimera-action:/... cmp=com.google.android.gms/.chimera.PersistentBoundBrokerService }
05-05 06:26:11.724  1028  1118 D PrefCtrlListHelper: Could not find Context-only controller for pref: com.android.settings.accessibility.FontWeightAdjustmentPreferenceController
05-05 06:26:11.724  1028  1118 D PrefCtrlListHelper: Could not find Context-only controller for pref: com.android.settings.gestures.DoubleTapPowerPreferenceController
05-05 06:26:11.725  1028  1118 D PrefCtrlListHelper: Could not find Context-only controller for pref: com.android.settings.gestures.GestureNavigationSettingsAssistController
05-05 06:26:11.725  1105  1105 I ProximityAuth: [PhoneHubService] Destroying PhoneHubChimeraService.
05-05 06:26:11.725  1105  1105 W ProximityAuth: [PhoneHubNotificationProcessor] shutdown(): context is null.
05-05 06:26:11.725  1105  1105 I ProximityAuth: [PhoneHubService] All devices have disconnected. Performing cleanup...
05-05 06:26:11.725  1105  1105 W ChimeraUtils: Module com.google.android.gms.auth_proximity missing resource null(0)
05-05 06:26:11.726  1028  1118 D PrefCtrlListHelper: Could not find Context-only controller for pref: com.android.settings.gestures.DoubleTapScreenPreferenceController
05-05 06:26:11.727   602  1635 I RecoverableKeyStoreMgr: The cert file serial number is the same, so skip updating.
05-05 06:26:11.728  1028  1118 D PrefCtrlListHelper: Could not find Context-only controller for pref: com.android.settings.accessibility.PrimaryMonoPreferenceController
05-05 06:26:11.729  1028  1118 D PrefCtrlListHelper: Could not find Context-only controller for pref: com.android.settings.applications.specialaccess.interactacrossprofiles.InteractAcrossProfilesController
05-05 06:26:11.729  1028  1118 D PrefCtrlListHelper: Could not find Context-only controller for pref: com.android.settings.enterprise.ManageDeviceAdminPreferenceController
05-05 06:26:11.729  1028  1118 D PrefCtrlListHelper: Could not find Context-only controller for pref: com.google.android.settings.applications.specialaccess.DebuggingDataPreferenceController
05-05 06:26:11.729  1028  1118 D PrefCtrlListHelper: Could not find Context-only controller for pref: com.android.settings.applications.specialaccess.SystemAlertWindowPreferenceController
05-05 06:26:11.729  1028  1118 D PrefCtrlListHelper: Could not find Context-only controller for pref: com.android.settings.applications.specialaccess.zenaccess.ZenAccessController
05-05 06:26:11.729  1028  1118 D PrefCtrlListHelper: Could not find Context-only controller for pref: com.android.settings.applications.specialaccess.notificationaccess.NotificationAccessController
05-05 06:26:11.729  1028  1118 D PrefCtrlListHelper: Could not find Context-only controller for pref: com.android.settings.applications.specialaccess.MediaRoutingControlPreferenceController
05-05 06:26:11.732  1028  1118 D PrefCtrlListHelper: Could not find Context-only controller for pref: com.android.settings.spa.app.specialaccess.UseFullScreenIntentPreferenceController
05-05 06:26:11.732  1028  1118 D PrefCtrlListHelper: Could not find Context-only controller for pref: com.android.settings.applications.specialaccess.pictureinpicture.PictureInPictureController
05-05 06:26:11.732  1028  1118 D PrefCtrlListHelper: Could not find Context-only controller for pref: com.android.settings.applications.specialaccess.premiumsms.PremiumSmsController
05-05 06:26:11.732  1028  1118 D PrefCtrlListHelper: Could not find Context-only controller for pref: com.android.settings.applications.specialaccess.DataSaverController
05-05 06:26:11.732  1028  1118 D PrefCtrlListHelper: Could not find Context-only controller for pref: com.android.settings.applications.specialaccess.vrlistener.EnabledVrListenersController
05-05 06:26:11.732  1028  1118 D PrefCtrlListHelper: Could not find Context-only controller for pref: com.android.settings.applications.specialaccess.MoreSpecialAccessPreferenceController
05-05 06:26:11.734  1518  2542 I RecoverableKeyStoreGms: [EnrollmentManager] Recovery service is initialized. [CONTEXT service_id=172 ]
05-05 06:26:11.736  1028  1118 D PrefCtrlListHelper: Could not find Context-only controller for pref: com.android.settings.nfc.NfcTagAppsPreferenceController
05-05 06:26:11.737  1518  2547 I AutofillModuleInitInten: AutofillModuleInitIntentOperation onInitRuntimeState(2) [CONTEXT service_id=177 ]
05-05 06:26:11.738  1028  1118 D PrefCtrlListHelper: Could not find Context-only controller for pref: com.google.android.settings.gestures.NavigationSettingsGoogleOmniController
05-05 06:26:11.738  1028  1118 D PrefCtrlListHelper: Could not find Context-only controller for pref: com.android.settings.connecteddevice.audiosharing.AudioSharingPreferenceController
05-05 06:26:11.738  1028  1118 D PrefCtrlListHelper: Could not find Context-only controller for pref: com.android.settings.connecteddevice.NfcAndPaymentFragmentController
05-05 06:26:11.739  1028  1118 D PrefCtrlListHelper: Could not find Context-only controller for pref: com.android.settings.wfd.WifiDisplayPreferenceController
05-05 06:26:11.742  1028  1118 D PrefCtrlListHelper: Could not find Context-only controller for pref: com.android.settings.connecteddevice.threadnetwork.ThreadNetworkFragmentController
05-05 06:26:11.742  1028  1118 D PrefCtrlListHelper: Could not find Context-only controller for pref: com.android.settings.uwb.UwbPreferenceController
05-05 06:26:11.742  1028  1118 W SettingsPrefController: Skipping updateNonIndexableKeys, key already in list. com.android.settings.connecteddevice.NfcAndPaymentFragmentController@41362e
05-05 06:26:11.745  1028  1118 W SettingsPrefController: Skipping updateNonIndexableKeys, key already in list. com.android.settings.connecteddevice.threadnetwork.ThreadNetworkFragmentController@fda45cf
05-05 06:26:11.746  1028  1118 D PrefCtrlListHelper: Could not find Context-only controller for pref: com.android.settings.network.AdaptiveConnectivityTogglePreferenceController
05-05 06:26:11.746  1028  1118 V SettingsSearchProvider: com.android.settings.search.BaseSearchIndexProvider@d5f3e65 tried to add an empty non-indexable key
05-05 06:26:11.752  2499  2541 D EGL_emulation: app_time_stats: avg=14.34ms min=4.18ms max=26.66ms count=60
05-05 06:26:11.753  1028  1118 D PrefCtrlListHelper: Could not find Context-only controller for pref: com.android.settings.security.SecurityAdvancedSettingsController
05-05 06:26:11.759  1028  1118 D PrefCtrlListHelper: Could not find Context-only controller for pref: com.google.android.settings.communal.GlanceableHubTogglePreferenceController
05-05 06:26:11.759  1028  1118 D PrefCtrlListHelper: Could not find Context-only controller for pref: com.android.settings.biometrics.face.FaceSettingsLockscreenBypassPreferenceController
05-05 06:26:11.761  1028  1118 D PrefCtrlListHelper: Could not find Context-only controller for pref: com.android.settings.users.AddUserWhenLockedPreferenceController
05-05 06:26:11.768  1028  1118 D PrefCtrlListHelper: Could not find Context-only controller for pref: com.android.settings.display.WalletPrivacyPreferenceController
05-05 06:26:11.770  1028  1118 D PrefCtrlListHelper: Could not find Context-only controller for pref: com.android.settings.display.ControlsPrivacyPreferenceController
05-05 06:26:11.770  1028  1118 D PrefCtrlListHelper: Could not find Context-only controller for pref: com.android.settings.display.ControlsTrivialPrivacyPreferenceController
05-05 06:26:11.770  1028  1118 D PrefCtrlListHelper: Could not find Context-only controller for pref: com.android.settings.display.CustomizableLockScreenQuickAffordancesPreferenceController
05-05 06:26:11.770  1028  1118 D PrefCtrlListHelper: Could not find Context-only controller for pref: com.android.settings.display.LockscreenClockPreferenceController
05-05 06:26:11.770  1028  1118 D PrefCtrlListHelper: Could not find Context-only controller for pref: com.android.settings.display.AmbientDisplayWhenToShowPreferenceController
05-05 06:26:11.770  1028  1118 D PrefCtrlListHelper: Could not find Context-only controller for pref: com.android.settings.display.AmbientDisplayAlwaysOnPreferenceController
05-05 06:26:11.770  1028  1118 D PrefCtrlListHelper: Could not find Context-only controller for pref: com.android.settings.gestures.TapScreenGesturePreferenceController
05-05 06:26:11.770  1028  1118 D PrefCtrlListHelper: Could not find Context-only controller for pref: com.android.settings.gestures.DoubleTapScreenPreferenceController
05-05 06:26:11.770  1028  1118 D PrefCtrlListHelper: Could not find Context-only controller for pref: com.android.settings.gestures.PickupGesturePreferenceController
05-05 06:26:11.770  1028  1118 D PrefCtrlListHelper: Could not find Context-only controller for pref: com.android.settings.display.AmbientDisplayNotificationsPreferenceController
05-05 06:26:11.771  1028  1118 W PrefControllerMixin: Skipping updateNonIndexableKeys due to empty key com.android.settings.notification.LockScreenNotificationPreferenceController@60a5be1
05-05 06:26:11.773  1105  2363 W CCTFlatFileLogStore: Excessive logging: 128 events, 297437 bytes from log source PHENOTYPE last 6s
05-05 06:26:11.774  1028  1118 W SettingsPrefController: Skipping updateNonIndexableKeys, key already in list. com.android.settings.biometrics.face.FaceSettingsLockscreenBypassPreferenceController@b6ddd06
05-05 06:26:11.779   602   698 E RecoverySnapshotStorage: Error reading snapshot for 10143 from disk
05-05 06:26:11.779   602   698 E RecoverySnapshotStorage: java.io.FileNotFoundException: /data/system/recoverablekeystore/snapshots/10143.xml: open failed: ENOENT (No such file or directory)
05-05 06:26:11.779   602   698 E RecoverySnapshotStorage: 	at libcore.io.IoBridge.open(IoBridge.java:574)
05-05 06:26:11.779   602   698 E RecoverySnapshotStorage: 	at java.io.FileInputStream.<init>(FileInputStream.java:179)
05-05 06:26:11.779   602   698 E RecoverySnapshotStorage: 	at com.android.server.locksettings.recoverablekeystore.storage.RecoverySnapshotStorage.readFromDisk(RecoverySnapshotStorage.java:152)
05-05 06:26:11.779   602   698 E RecoverySnapshotStorage: 	at com.android.server.locksettings.recoverablekeystore.storage.RecoverySnapshotStorage.get(RecoverySnapshotStorage.java:104)
05-05 06:26:11.779   602   698 E RecoverySnapshotStorage: 	at com.android.server.locksettings.recoverablekeystore.RecoverableKeyStoreManager.getKeyChainSnapshot(RecoverableKeyStoreManager.java:377)
05-05 06:26:11.779   602   698 E RecoverySnapshotStorage: 	at com.android.server.locksettings.LockSettingsService.getKeyChainSnapshot(LockSettingsService.java:2709)
05-05 06:26:11.779   602   698 E RecoverySnapshotStorage: 	at com.android.internal.widget.ILockSettings$Stub.onTransact(ILockSettings.java:844)
05-05 06:26:11.779   602   698 E RecoverySnapshotStorage: 	at android.os.Binder.execTransactInternal(Binder.java:1500)
05-05 06:26:11.779   602   698 E RecoverySnapshotStorage: 	at android.os.Binder.execTransact(Binder.java:1444)
05-05 06:26:11.779   602   698 E RecoverySnapshotStorage: Caused by: android.system.ErrnoException: open failed: ENOENT (No such file or directory)
05-05 06:26:11.779   602   698 E RecoverySnapshotStorage: 	at libcore.io.Linux.open(Native Method)
05-05 06:26:11.779   602   698 E RecoverySnapshotStorage: 	at libcore.io.ForwardingOs.open(ForwardingOs.java:563)
05-05 06:26:11.779   602   698 E RecoverySnapshotStorage: 	at libcore.io.BlockGuardOs.open(BlockGuardOs.java:274)
05-05 06:26:11.779   602   698 E RecoverySnapshotStorage: 	at libcore.io.IoBridge.open(IoBridge.java:560)
05-05 06:26:11.779   602   698 E RecoverySnapshotStorage: 	... 8 more
05-05 06:26:11.787   602  1635 I RecoverableAppKeyStore: Get 0/10143/com.google.android.gms.auth.folsom/v1/1777967097891/15DE0B1D846E650786AC747854E8BADD
05-05 06:26:11.792  1105  2026 W ProximityAuth: [GetMyPublicKey] Failed to fetch public key.
05-05 06:26:11.793  1105  2026 E etxo    : RuntimeException while executing runnable etyd{aasn@17013ca} with executor MoreExecutors.directExecutor()
05-05 06:26:11.793  1105  2026 E etxo    : java.lang.NullPointerException: Attempt to get length of null array
05-05 06:26:11.793  1105  2026 E etxo    : 	at android.util.Base64.encode(Base64.java:497)
05-05 06:26:11.793  1105  2026 E etxo    : 	at android.util.Base64.encodeToString(Base64.java:459)
05-05 06:26:11.793  1105  2026 E etxo    : 	at com.google.android.gms.auth.proximity.RemoteDevice.a(:com.google.android.gms@242335041@24.23.35 (190800-646585959):3)
05-05 06:26:11.793  1105  2026 E etxo    : 	at aasn.b(:com.google.android.gms@242335041@24.23.35 (190800-646585959):3)
05-05 06:26:11.793  1105  2026 E etxo    : 	at etyd.run(:com.google.android.gms@242335041@24.23.35 (190800-646585959):30)
05-05 06:26:11.793  1105  2026 E etxo    : 	at etxk.execute(:com.google.android.gms@242335041@24.23.35 (190800-646585959):1)
05-05 06:26:11.793  1105  2026 E etxo    : 	at etxo.c(:com.google.android.gms@242335041@24.23.35 (190800-646585959):1)
05-05 06:26:11.793  1105  2026 E etxo    : 	at etxo.b(:com.google.android.gms@242335041@24.23.35 (190800-646585959):32)
05-05 06:26:11.793  1105  2026 E etxo    : 	at angx.done(:com.google.android.gms@242335041@24.23.35 (190800-646585959):6)
05-05 06:26:11.793  1105  2026 E etxo    : 	at java.util.concurrent.FutureTask.finishCompletion(FutureTask.java:381)
05-05 06:26:11.793  1105  2026 E etxo    : 	at java.util.concurrent.FutureTask.set(FutureTask.java:232)
05-05 06:26:11.793  1105  2026 E etxo    : 	at java.util.concurrent.FutureTask.run(FutureTask.java:272)
05-05 06:26:11.793  1105  2026 E etxo    : 	at angs.c(:com.google.android.gms@242335041@24.23.35 (190800-646585959):50)
05-05 06:26:11.793  1105  2026 E etxo    : 	at angs.run(:com.google.android.gms@242335041@24.23.35 (190800-646585959):76)
05-05 06:26:11.793  1105  2026 E etxo    : 	at java.util.concurrent.ThreadPoolExecutor.runWorker(ThreadPoolExecutor.java:1145)
05-05 06:26:11.793  1105  2026 E etxo    : 	at java.util.concurrent.ThreadPoolExecutor$Worker.run(ThreadPoolExecutor.java:644)
05-05 06:26:11.793  1105  2026 E etxo    : 	at anmg.run(:com.google.android.gms@242335041@24.23.35 (190800-646585959):8)
05-05 06:26:11.793  1105  2026 E etxo    : 	at java.lang.Thread.run(Thread.java:1012)
05-05 06:26:11.807  1518  2542 V Backup  : [MigrateUtil] Clearing migrate temp dir: /data/user/0/com.google.android.gms/files/migrate_dir
05-05 06:26:11.811  1518  2542 D Backup  : [MigrateCleaner] D2D transport was not selected, not selecting cloud transport.
05-05 06:26:11.812  1518  2552 I GmsSyncPolicyEngine: Periodic sync 4 disabled by policy, cancelled.
05-05 06:26:11.814  1518  2542 W ChimeraUtils: Module com.google.android.gms.backup_g1 missing resource null(0)
05-05 06:26:11.815  1028  1118 D CustomizableLockScreenUtils: is_custom_lock_screen_quick_affordances_feature_enabled=1
05-05 06:26:11.817  1105  1850 W WearableService: onGetService: Wear is not available on this device.
05-05 06:26:11.821  1028  1118 D CustomizableLockScreenUtils: is_custom_lock_screen_quick_affordances_feature_enabled=1
05-05 06:26:11.822  1518  2542 W ChimeraUtils: Module com.google.android.gms.backup_g1 missing resource null(0)
05-05 06:26:11.824  1518  2542 W ChimeraUtils: Module com.google.android.gms.backup_g1 missing resource null(0)
05-05 06:26:11.824  1028  1118 D CustomizableLockScreenUtils: is_custom_lock_screen_quick_affordances_feature_enabled=1
05-05 06:26:11.826  1518  2542 V Backup  : [SettingsModuleInit] onInitRuntimeState
05-05 06:26:11.828  1518  2547 V Backup  : [AccountChangedIO] Received intent, action = android.intent.action.BOOT_COMPLETED
05-05 06:26:11.830  1105  1110 I .gms.persistent: Background concurrent mark compact GC freed 12MB AllocSpace bytes, 7(212KB) LOS objects, 49% free, 13MB/27MB, paused 8.503ms,7.402ms total 193.306ms
05-05 06:26:11.831  1028  1118 D CustomizableLockScreenUtils: is_custom_lock_screen_quick_affordances_feature_enabled=1
05-05 06:26:11.836  1028  1118 D CustomizableLockScreenUtils: is_custom_lock_screen_quick_affordances_feature_enabled=1
05-05 06:26:11.840  1028  1118 D CustomizableLockScreenUtils: is_custom_lock_screen_quick_affordances_feature_enabled=1
05-05 06:26:11.841  1028  1118 W SettingsPrefController: Skipping updateNonIndexableKeys, key already in list. com.android.settings.gestures.TapScreenGesturePreferenceController@4ad59f4
05-05 06:26:11.841  1028  1118 W SettingsPrefController: Skipping updateNonIndexableKeys, key already in list. com.android.settings.gestures.DoubleTapScreenPreferenceController@5efd51d
05-05 06:26:11.841  1028  1118 W SettingsPrefController: Skipping updateNonIndexableKeys, key already in list. com.android.settings.gestures.PickupGesturePreferenceController@b7ac392
05-05 06:26:11.842  1028  1118 D PrefCtrlListHelper: Could not find Context-only controller for pref: com.android.settings.deviceinfo.firmwareversion.FirmwareVersionDetailPreferenceController
05-05 06:26:11.842  1028  1118 D PrefCtrlListHelper: Could not find Context-only controller for pref: com.android.settings.deviceinfo.firmwareversion.SecurityPatchLevelPreferenceController
05-05 06:26:11.843  1028  1118 D PrefCtrlListHelper: Could not find Context-only controller for pref: com.android.settings.deviceinfo.firmwareversion.MainlineModuleVersionPreferenceController
05-05 06:26:11.843  1028  1118 D PrefCtrlListHelper: Could not find Context-only controller for pref: com.android.settings.deviceinfo.firmwareversion.BasebandVersionPreferenceController
05-05 06:26:11.843  1028  1118 D PrefCtrlListHelper: Could not find Context-only controller for pref: com.android.settings.deviceinfo.firmwareversion.KernelVersionPreferenceController
05-05 06:26:11.846  1028  1118 D PrefCtrlListHelper: Could not find Context-only controller for pref: com.android.settings.deviceinfo.firmwareversion.SimpleBuildNumberPreferenceController
05-05 06:26:11.847  1028  1118 D PrefCtrlListHelper: Could not find Context-only controller for pref: com.android.settings.accessibility.VibrationMainSwitchPreferenceController
05-05 06:26:11.847  1028  1118 W PrefCtrlListHelper: Cannot instantiate controller from reflection: com.android.settings.accessibility.VibrationMainSwitchPreferenceController
05-05 06:26:11.847  1028  1118 D PrefCtrlListHelper: Could not find Context-only controller for pref: com.android.settings.accessibility.RingVibrationIntensityPreferenceController
05-05 06:26:11.849  1028  1118 W PrefCtrlListHelper: Cannot instantiate controller from reflection: com.android.settings.accessibility.RingVibrationIntensityPreferenceController
05-05 06:26:11.849  1028  1118 D PrefCtrlListHelper: Could not find Context-only controller for pref: com.android.settings.accessibility.VibrationRampingRingerTogglePreferenceController
05-05 06:26:11.849  1028  1118 W PrefCtrlListHelper: Cannot instantiate controller from reflection: com.android.settings.accessibility.VibrationRampingRingerTogglePreferenceController
05-05 06:26:11.849  1028  1118 D PrefCtrlListHelper: Could not find Context-only controller for pref: com.android.settings.accessibility.NotificationVibrationIntensityPreferenceController
05-05 06:26:11.849  1028  1118 W PrefCtrlListHelper: Cannot instantiate controller from reflection: com.android.settings.accessibility.NotificationVibrationIntensityPreferenceController
05-05 06:26:11.849  1028  1118 D PrefCtrlListHelper: Could not find Context-only controller for pref: com.android.settings.accessibility.AlarmVibrationIntensityPreferenceController
05-05 06:26:11.850  1028  1118 W PrefCtrlListHelper: Cannot instantiate controller from reflection: com.android.settings.accessibility.AlarmVibrationIntensityPreferenceController
05-05 06:26:11.850  1028  1118 D PrefCtrlListHelper: Could not find Context-only controller for pref: com.google.android.settings.accessibility.AdaptiveHapticsTogglePreferenceController
05-05 06:26:11.850  1028  1118 W PrefCtrlListHelper: Cannot instantiate controller from reflection: com.google.android.settings.accessibility.AdaptiveHapticsTogglePreferenceController
05-05 06:26:11.850  1028  1118 D PrefCtrlListHelper: Could not find Context-only controller for pref: com.google.android.settings.accessibility.AdaptiveVibrationPreferenceController
05-05 06:26:11.850  1028  1118 W PrefCtrlListHelper: Cannot instantiate controller from reflection: com.google.android.settings.accessibility.AdaptiveVibrationPreferenceController
05-05 06:26:11.850  1028  1118 D PrefCtrlListHelper: Could not find Context-only controller for pref: com.android.settings.accessibility.HapticFeedbackIntensityPreferenceController
05-05 06:26:11.850  1028  1118 W PrefCtrlListHelper: Cannot instantiate controller from reflection: com.android.settings.accessibility.HapticFeedbackIntensityPreferenceController
05-05 06:26:11.850  1028  1118 D PrefCtrlListHelper: Could not find Context-only controller for pref: com.android.settings.accessibility.MediaVibrationIntensityPreferenceController
05-05 06:26:11.850  1028  1118 W PrefCtrlListHelper: Cannot instantiate controller from reflection: com.android.settings.accessibility.MediaVibrationIntensityPreferenceController
05-05 06:26:11.850  1028  1118 D PrefCtrlListHelper: Could not find Context-only controller for pref: com.android.settings.accessibility.KeyboardVibrationTogglePreferenceController
05-05 06:26:11.850  1028  1118 W PrefCtrlListHelper: Cannot instantiate controller from reflection: com.android.settings.accessibility.KeyboardVibrationTogglePreferenceController
05-05 06:26:11.851  1518  2547 I Backup  : [GmsBackupAccountManager] Backup account not found in gmscore.
05-05 06:26:11.851  1518  2542 I Backup  : [GmsBackupAccountManager] Backup account not found in gmscore.
05-05 06:26:11.852  1028  1118 V SettingsSearchProvider: com.android.settings.notification.SoundWorkSettings$1@1fd86de tried to add an empty non-indexable key
05-05 06:26:11.852  1028  1118 D PrefCtrlListHelper: Could not find Context-only controller for pref: com.android.settings.applications.managedomainurls.WebActionCategoryController
05-05 06:26:11.852  1105  1113 W .gms.persistent: ApkAssets: Deleting an ApkAssets object '<empty> and /product/priv-app/Velvet/Velvet.apk' with 1 weak references
05-05 06:26:11.852  1028  1118 D PrefCtrlListHelper: Could not find Context-only controller for pref: com.android.settings.applications.managedomainurls.InstantAppWebActionPreferenceController
